Component: ARM Compiler 5.05 update 1 (build 106) Tool: armlink [4d0efa]

==============================================================================

Section Cross References

    main.o(.text) refers to _printf_percent.o(.ARM.Collect$$_printf_percent$$00000000) for _printf_percent
    main.o(.text) refers to _printf_f.o(.ARM.Collect$$_printf_percent$$00000003) for _printf_f
    main.o(.text) refers to printf1.o(x$fpl$printf1) for _printf_fp_dec
    main.o(.text) refers to _printf_d.o(.ARM.Collect$$_printf_percent$$00000009) for _printf_d
    main.o(.text) refers to _printf_dec.o(.text) for _printf_int_dec
    main.o(.text) refers to dflt_clz.o(x$fpl$dflt) for __aeabi_i2d
    main.o(.text) refers to dmul.o(x$fpl$dmul) for __aeabi_dmul
    main.o(.text) refers to daddsub_clz.o(x$fpl$dsub) for __aeabi_dsub
    main.o(.text) refers to daddsub_clz.o(x$fpl$dadd) for __aeabi_dadd
    main.o(.text) refers to dfix.o(x$fpl$dfix) for __aeabi_d2iz
    main.o(.text) refers to delay.o(.text) for delay_init
    main.o(.text) refers to misc.o(.text) for NVIC_PriorityGroupConfig
    main.o(.text) refers to usart.o(.text) for uart_init
    main.o(.text) refers to key.o(.text) for KEY_Init
    main.o(.text) refers to adc.o(.text) for Adc_Init
    main.o(.text) refers to dac.o(.text) for Dac1_Init
    main.o(.text) refers to oled.o(.text) for OLED_Init
    main.o(.text) refers to timer.o(.text) for TIM2_Int_Init
    main.o(.text) refers to f2d.o(x$fpl$f2d) for __aeabi_f2d
    main.o(.text) refers to noretval__2sprintf.o(.text) for __2sprintf
    main.o(.text) refers to dflt_clz.o(x$fpl$dfltu) for __aeabi_ui2d
    main.o(.text) refers to ddiv.o(x$fpl$ddiv) for __aeabi_ddiv
    main.o(.text) refers to d2f.o(x$fpl$d2f) for __aeabi_d2f
    main.o(.text) refers to fmul.o(x$fpl$fmul) for __aeabi_fmul
    main.o(.text) refers to faddsub_clz.o(x$fpl$frsb) for __aeabi_frsub
    main.o(.text) refers to dfixu.o(x$fpl$dfixu) for __aeabi_d2uiz
    main.o(.text) refers to stm32f10x_tim.o(.text) for TIM_GetITStatus
    main.o(.text) refers to drleqf.o(x$fpl$drleqf) for __aeabi_cdrcmple
    main.o(.text) refers to fleqf.o(x$fpl$fleqf) for __aeabi_cfcmple
    main.o(.text) refers to main.o(.data) for sptr
    main.o(.text) refers to usmart_config.o(.data) for usmart_dev
    main.o(.text) refers to main.o(.bss) for text
    main.o(.data) refers to main.o(.bss) for sPID
    system_stm32f10x.o(.text) refers to system_stm32f10x.o(.data) for SystemCoreClock
    led.o(.text) refers to stm32f10x_rcc.o(.text) for RCC_APB2PeriphClockCmd
    led.o(.text) refers to stm32f10x_gpio.o(.text) for GPIO_Init
    key.o(.text) refers to stm32f10x_rcc.o(.text) for RCC_APB2PeriphClockCmd
    key.o(.text) refers to stm32f10x_gpio.o(.text) for GPIO_Init
    key.o(.text) refers to delay.o(.text) for delay_ms
    key.o(.text) refers to key.o(.data) for key_up
    adc.o(.text) refers to stm32f10x_rcc.o(.text) for RCC_APB2PeriphClockCmd
    adc.o(.text) refers to stm32f10x_gpio.o(.text) for GPIO_Init
    adc.o(.text) refers to stm32f10x_adc.o(.text) for ADC_DeInit
    adc.o(.text) refers to delay.o(.text) for delay_ms
    dac.o(.text) refers to stm32f10x_rcc.o(.text) for RCC_APB2PeriphClockCmd
    dac.o(.text) refers to stm32f10x_gpio.o(.text) for GPIO_Init
    dac.o(.text) refers to stm32f10x_dac.o(.text) for DAC_Init
    dac.o(.text) refers to fflt_clz.o(x$fpl$ffltu) for __aeabi_ui2f
    dac.o(.text) refers to fdiv.o(x$fpl$fdiv) for __aeabi_fdiv
    dac.o(.text) refers to fmul.o(x$fpl$fmul) for __aeabi_fmul
    dac.o(.text) refers to f2d.o(x$fpl$f2d) for __aeabi_f2d
    dac.o(.text) refers to ddiv.o(x$fpl$ddiv) for __aeabi_ddiv
    dac.o(.text) refers to d2f.o(x$fpl$d2f) for __aeabi_d2f
    dac.o(.text) refers to ffixu.o(x$fpl$ffixu) for __aeabi_f2uiz
    timer.o(.text) refers to stm32f10x_rcc.o(.text) for RCC_APB1PeriphClockCmd
    timer.o(.text) refers to stm32f10x_tim.o(.text) for TIM_TimeBaseInit
    timer.o(.text) refers to misc.o(.text) for NVIC_Init
    timer.o(.text) refers to stm32f10x_gpio.o(.text) for GPIO_PinRemapConfig
    oled.o(.text) refers to stm32f10x_gpio.o(.text) for GPIO_SetBits
    oled.o(.text) refers to oled.o(.constdata) for F8X16
    oled.o(.text) refers to stm32f10x_rcc.o(.text) for RCC_APB2PeriphClockCmd
    oled.o(.text) refers to delay.o(.text) for delay_ms
    oled.o(.text) refers to oled.o(.data) for Hzk
    delay.o(.text) refers to misc.o(.text) for SysTick_CLKSourceConfig
    delay.o(.text) refers to system_stm32f10x.o(.data) for SystemCoreClock
    delay.o(.text) refers to delay.o(.data) for fac_us
    usart.o(.text) refers (Special) to use_no_semi_2.o(.text) for __use_no_semihosting
    usart.o(.text) refers to stm32f10x_rcc.o(.text) for RCC_APB2PeriphClockCmd
    usart.o(.text) refers to stm32f10x_gpio.o(.text) for GPIO_Init
    usart.o(.text) refers to misc.o(.text) for NVIC_Init
    usart.o(.text) refers to stm32f10x_usart.o(.text) for USART_Init
    usart.o(.text) refers to usart.o(.data) for USART_RX_STA
[...]
    .text                                    0x08004770   Section        0  heapauxi.o(.text)
    .text                                    0x08004776   Section        2  use_no_semi.o(.text)
    .text                                    0x08004778   Section        0  _printf_intcommon.o(.text)
    .text                                    0x0800482a   Section        0  _printf_fp_dec.o(.text)
    _fp_digits                               0x0800482d   Thumb Code   428  _printf_fp_dec.o(.text)
    .text                                    0x08004c44   Section        0  _printf_char_common.o(.text)
    _printf_input_char                       0x08004c45   Thumb Code    10  _printf_char_common.o(.text)
    .text                                    0x08004c74   Section        0  _sputc.o(.text)
    .text                                    0x08004c7e   Section        0  _printf_char.o(.text)
    .text                                    0x08004cac   Section        0  _printf_char_file.o(.text)
    .text                                    0x08004cd0   Section        8  rt_locale_intlibspace.o(.text)
    .text                                    0x08004cd8   Section      138  lludiv10.o(.text)
    .text                                    0x08004d64   Section        0  _printf_fp_infnan.o(.text)
    .text                                    0x08004de4   Section        0  bigflt0.o(.text)
    .text                                    0x08004ec0   Section        0  ferror.o(.text)
    .text                                    0x08004ec8   Section        8  libspace.o(.text)
    .text                                    0x08004ed0   Section       74  sys_stackheap_outer.o(.text)
    .text                                    0x08004f1a   Section        0  exit.o(.text)
    .text                                    0x08004f28   Section      128  strcmpv7m.o(.text)
    CL$$btod_d2e                             0x08004fa8   Section       62  btod.o(CL$$btod_d2e)
    CL$$btod_d2e_denorm_low                  0x08004fe6   Section       70  btod.o(CL$$btod_d2e_denorm_low)
    CL$$btod_d2e_norm_op1                    0x0800502c   Section       96  btod.o(CL$$btod_d2e_norm_op1)
    CL$$btod_div_common                      0x0800508c   Section      824  btod.o(CL$$btod_div_common)
    CL$$btod_e2e                             0x080053c4   Section      198  btod.o(CL$$btod_e2e)
    CL$$btod_ediv                            0x0800548a   Section       40  btod.o(CL$$btod_ediv)
    CL$$btod_emul                            0x080054b2   Section       40  btod.o(CL$$btod_emul)
    CL$$btod_mult_common                     0x080054da   Section      580  btod.o(CL$$btod_mult_common)
    i.__ARM_fpclassify                       0x0800571e   Section        0  fpclassify.o(i.__ARM_fpclassify)
    i._is_digit                              0x08005746   Section        0  __printf_wp.o(i._is_digit)
    locale$$code                             0x08005754   Section       44  lc_numeric_c.o(locale$$code)
    x$fpl$d2f                                0x08005780   Section       98  d2f.o(x$fpl$d2f)
    x$fpl$dadd                               0x080057e4   Section      336  daddsub_clz.o(x$fpl$dadd)
    _dadd1                                   0x080057f5   Thumb Code     0  daddsub_clz.o(x$fpl$dadd)
    x$fpl$dcmpinf                            0x08005934   Section       24  dcmpi.o(x$fpl$dcmpinf)
    x$fpl$ddiv                               0x0800594c   Section      688  ddiv.o(x$fpl$ddiv)
    ddiv_entry                               0x08005953   Thumb Code     0  ddiv.o(x$fpl$ddiv)
    x$fpl$dfix                               0x08005bfc   Section       94  dfix.o(x$fpl$dfix)
    x$fpl$dfixu                              0x08005c5c   Section       90  dfixu.o(x$fpl$dfixu)
    x$fpl$dflt                               0x08005cb6   Section       46  dflt_clz.o(x$fpl$dflt)
    x$fpl$dfltu                              0x08005ce4   Section       38  dflt_clz.o(x$fpl$dfltu)
    x$fpl$dleqf                              0x08005d0c   Section      120  dleqf.o(x$fpl$dleqf)
    x$fpl$dmul                               0x08005d84   Section      340  dmul.o(x$fpl$dmul)
    x$fpl$dnaninf                            0x08005ed8   Section      156  dnaninf.o(x$fpl$dnaninf)
    x$fpl$dretinf                            0x08005f74   Section       12  dretinf.o(x$fpl$dretinf)
    x$fpl$drleqf                             0x08005f80   Section      108  drleqf.o(x$fpl$drleqf)
    x$fpl$dsub                               0x08005fec   Section      468  daddsub_clz.o(x$fpl$dsub)
    _dsub1                                   0x08005ffd   Thumb Code     0  daddsub_clz.o(x$fpl$dsub)
    x$fpl$f2d                                0x080061c0   Section       86  f2d.o(x$fpl$f2d)
    x$fpl$fadd                               0x08006218   Section      196  faddsub_clz.o(x$fpl$fadd)
    _fadd1                                   0x08006227   Thumb Code     0  faddsub_clz.o(x$fpl$fadd)
    x$fpl$fcmpinf                            0x080062dc   Section       24  fcmpi.o(x$fpl$fcmpinf)
    x$fpl$fdiv                               0x080062f4   Section      388  fdiv.o(x$fpl$fdiv)
    _fdiv1                                   0x080062f5   Thumb Code     0  fdiv.o(x$fpl$fdiv)
    x$fpl$ffixu                              0x08006478   Section       62  ffixu.o(x$fpl$ffixu)
    x$fpl$ffltu                              0x080064b8   Section       38  fflt_clz.o(x$fpl$ffltu)
    x$fpl$fleqf                              0x080064e0   Section      104  fleqf.o(x$fpl$fleqf)
    x$fpl$fmul                               0x08006548   Section      258  fmul.o(x$fpl$fmul)
    x$fpl$fnaninf                            0x0800664a   Section      140  fnaninf.o(x$fpl$fnaninf)
    x$fpl$fretinf                            0x080066d6   Section       10  fretinf.o(x$fpl$fretinf)
    x$fpl$frsb                               0x080066e0   Section       20  faddsub_clz.o(x$fpl$frsb)
    x$fpl$fsub                               0x080066f4   Section      234  faddsub_clz.o(x$fpl$fsub)
    _fsub1                                   0x08006703   Thumb Code     0  faddsub_clz.o(x$fpl$fsub)
    x$fpl$printf1                            0x080067de   Section        4  printf1.o(x$fpl$printf1)
    .constdata                               0x080067e2   Section     2072  oled.o(.constdata)
    x$fpl$usenofp                            0x080067e2   Section        0  usenofp.o(x$fpl$usenofp)
    .constdata                               0x08006ffa   Section       40  _printf_hex_int.o(.constdata)
    uc_hextab                                0x08006ffa   Data          20  _printf_hex_int.o(.constdata)
    lc_hextab                                0x0800700e   Data          20  _printf_hex_int.o(.constdata)
    .constdata                               0x08007022   Section       17  __printf_flags_ss_wp.o(.constdata)
    maptable                                 0x08007022   Data          17  __printf_flags_ss_wp.o(.constdata)
    .constdata                               0x08007034   Section      148  bigflt0.o(.constdata)
    tenpwrs_x                                0x08007034   Data          60  bigflt0.o(.constdata)
    tenpwrs_i                                0x08007070   Data          64  bigflt0.o(.constdata)
    .conststring                             0x080070c8   Section       40  usmart.o(.conststring)
    .conststring                             0x080070f0   Section      135  usmart_config.o(.conststring)
    locale$$data                             0x08007198   Section       28  lc_numeric_c.o(locale$$data)
    __lcnum_c_name                           0x0800719c   Data           2  lc_numeric_c.o(locale$$data)
    __lcnum_c_start                          0x080071a4   Data           0  lc_numeric_c.o(locale$$data)
    __lcnum_c_point                          0x080071b0   Data           0  lc_numeric_c.o(locale$$data)
    __lcnum_c_thousands                      0x080071b2   Data           0  lc_numeric_c.o(locale$$data)
    __lcnum_c_grouping                       0x080071b3   Data           0  lc_numeric_c.o(locale$$data)
    __lcnum_c_end                            0x080071b4   Data           0  lc_numeric_c.o(locale$$data)
    .data                                    0x20000000   Section       33  main.o(.data)
    sptr                                     0x20000000   Data           4  main.o(.data)
    .data                                    0x20000024   Section       20  system_stm32f10x.o(.data)
    .data                                    0x20000038   Section        1  key.o(.data)
    key_up                                   0x20000038   Data           1  key.o(.data)
    .data                                    0x20000039   Section     2048  oled.o(.data)
    .data                                    0x2000083a   Section        4  delay.o(.data)
    fac_us                                   0x2000083a   Data           1  delay.o(.data)
    fac_ms                                   0x2000083c   Data           2  delay.o(.data)
    .data                                    0x20000840   Section        6  usart.o(.data)
    .data                                    0x20000846   Section       20  stm32f10x_rcc.o(.data)
    APBAHBPrescTable                         0x20000846   Data          16  stm32f10x_rcc.o(.data)
    ADCPrescTable                            0x20000856   Data           4  stm32f10x_rcc.o(.data)
    .data                                    0x2000085c   Section       28  usmart.o(.data)
    .data                                    0x20000878   Section      284  usmart_config.o(.data)
    .bss                                     0x20000998   Section      140  main.o(.bss)
    sPID                                     0x20000998   Data          40  main.o(.bss)
    .bss                                     0x20000a24   Section      200  usart.o(.bss)
    .bss                                     0x20000aec   Section       96  libspace.o(.bss)
    HEAP                                     0x20000b50   Section      512  startup_stm32f10x_hd.o(HEAP)
    Heap_Mem                                 0x20000b50   Data         512  startup_stm32f10x_hd.o(HEAP)
    STACK                                    0x20000d50   Section     1024  startup_stm32f10x_hd.o(STACK)
    Stack_Mem                                0x20000d50   Data        1024  startup_stm32f10x_hd.o(STACK)
    __initial_sp                             0x20001150   Data           0  startup_stm32f10x_hd.o(STACK)

    Global Symbols

    Symbol Name                              Value     Ov Type        Size  Object(Section)

    BuildAttributes$$THM_ISAv4$P$D$K$B$S$PE$A:L22UL41UL21$X:L11$S22US41US21$IEEE1$IW$USESV6$~STKCKD$USESV7$~SHL$OTIME$ROPI$IEEEJ$EBA8$UX$STANDARDLIB$REQ8$PRES8$EABIv2 0x00000000   Number         0  anon$$obj.o ABSOLUTE
    __ARM_use_no_argv                        0x00000000   Number         0  main.o ABSOLUTE
    _printf_flags                            0x00000000   Number         0  printf_stubs.o ABSOLUTE
    _printf_return_value                     0x00000000   Number         0  printf_stubs.o ABSOLUTE
    _printf_sizespec                         0x00000000   Number         0  printf_stubs.o ABSOLUTE
    _printf_widthprec                        0x00000000   Number         0  printf_stubs.o ABSOLUTE
    __ARM_exceptions_init                     - Undefined Weak Reference
    __alloca_initialize                       - Undefined Weak Reference
    __arm_preinit_                            - Undefined Weak Reference
    __cpp_initialize__aeabi_                  - Undefined Weak Reference
    __cxa_finalize                            - Undefined Weak Reference
    __sigvec_lookup                           - Undefined Weak Reference
    _atexit_init                              - Undefined Weak Reference
    _call_atexit_fns                          - Undefined Weak Reference
    _clock_init                               - Undefined Weak Reference
    _fp_trap_init                             - Undefined Weak Reference
    _fp_trap_shutdown                         - Undefined Weak Reference
    _get_lc_collate                           - Undefined Weak Reference
    _get_lc_ctype                             - Undefined Weak Reference
    _get_lc_monetary                          - Undefined Weak Reference
    _get_lc_time                              - Undefined Weak Reference
    _getenv_init                              - Undefined Weak Reference
    _handle_redirection                       - Undefined Weak Reference
    _init_alloc                               - Undefined Weak Reference
    _init_user_alloc                          - Undefined Weak Reference
    _initio                                   - Undefined Weak Reference
    _mutex_acquire                            - Undefined Weak Reference
    _mutex_release                            - Undefined Weak Reference
    _printf_mbtowc                            - Undefined Weak Reference
    _printf_truncate_signed                   - Undefined Weak Reference
    _printf_truncate_unsigned                 - Undefined Weak Reference
    _rand_init                                - Undefined Weak Reference
    _signal_finish                            - Undefined Weak Reference
    _signal_init                              - Undefined Weak Reference
    _terminate_alloc                          - Undefined Weak Reference
    _terminate_user_alloc                     - Undefined Weak Reference
    _terminateio                              - Undefined Weak Reference
    __Vectors_Size                           0x00000130   Number         0  startup_stm32f10x_hd.o ABSOLUTE
    __Vectors                                0x08000000   Data           4  startup_stm32f10x_hd.o(RESET)
    __Vectors_End                            0x08000130   Data           0  startup_stm32f10x_hd.o(RESET)
    __main                                   0x08000131   Thumb Code     8  __main.o(!!!main)
    __scatterload                            0x08000139   Thumb Code     0  __scatter.o(!!!scatter)
    __scatterload_rt2                        0x08000139   Thumb Code    44  __scatter.o(!!!scatter)
    __scatterload_rt2_thumb_only             0x08000139   Thumb Code     0  __scatter.o(!!!scatter)
    __scatterload_null                       0x08000147   Thumb Code     0  __scatter.o(!!!scatter)
    __decompress                             0x0800016d   Thumb Code   100  __dclz77c.o(!!dclz77c)
    __decompress2                            0x0800016d   Thumb Code     0  __dclz77c.o(!!dclz77c)
    __scatterload_zeroinit                   0x080001d1   Thumb Code    28  __scatter_zi.o(!!handler_zi)
    _printf_f                                0x080001ed   Thumb Code     0  _printf_f.o(.ARM.Collect$$_printf_percent$$00000003)
    _printf_percent                          0x080001ed   Thumb Code     0  _printf_percent.o(.ARM.Collect$$_printf_percent$$00000000)
    _printf_d                                0x080001f3   Thumb Code     0  _printf_d.o(.ARM.Collect$$_printf_percent$$00000009)
    _printf_u                                0x080001f9   Thumb Code     0  _printf_u.o(.ARM.Collect$$_printf_percent$$0000000A)
    _printf_x                                0x080001ff   Thumb Code     0  _printf_x.o(.ARM.Collect$$_printf_percent$$0000000C)
    _printf_c                                0x08000205   Thumb Code     0  _printf_c.o(.ARM.Collect$$_printf_percent$$00000013)
    _printf_s                                0x0800020b   Thumb Code     0  _printf_s.o(.ARM.Collect$$_printf_percent$$00000014)
    _printf_percent_end                      0x08000211   Thumb Code     0  _printf_percent_end.o(.ARM.Collect$$_printf_percent$$00000017)
    __rt_lib_init                            0x08000215   Thumb Code     0  libinit.o(.ARM.Collect$$libinit$$00000000)
    __rt_lib_init_fp_1                       0x08000217   Thumb Code     0  libinit2.o(.ARM.Collect$$libinit$$00000002)
    __rt_lib_init_heap_1                     0x08000217   Thumb Code     0  libinit2.o(.ARM.Collect$$libinit$$0000000A)
    __rt_lib_init_lc_common                  0x08000217   Thumb Code     0  libinit2.o(.ARM.Collect$$libinit$$0000000F)
    __rt_lib_init_preinit_1                  0x08000217   Thumb Code     0  libinit2.o(.ARM.Collect$$libinit$$00000004)
    __rt_lib_init_rand_1                     0x08000217   Thumb Code     0  libinit2.o(.ARM.Collect$$libinit$$0000000E)
    __rt_lib_init_user_alloc_1               0x08000217   Thumb Code     0  libinit2.o(.ARM.Collect$$libinit$$0000000C)
    __rt_lib_init_lc_collate_1               0x0800021d   Thumb Code     0  libinit2.o(.ARM.Collect$$libinit$$00000011)
    __rt_lib_init_lc_ctype_1                 0x0800021d   Thumb Code     0  libinit2.o(.ARM.Collect$$libinit$$00000013)
    __rt_lib_init_lc_monetary_1              0x0800021d   Thumb Code     0  libinit2.o(.ARM.Collect$$libinit$$00000015)
    __rt_lib_init_lc_numeric_2               0x0800021d   Thumb Code     0  libinit2.o(.ARM.Collect$$libinit$$00000016)
    __rt_lib_init_alloca_1                   0x08000227   Thumb Code     0  libinit2.o(.ARM.Collect$$libinit$$0000002E)
    __rt_lib_init_argv_1                     0x08000227   Thumb Code     0  libinit2.o(.ARM.Collect$$libinit$$0000002C)
    __rt_lib_init_atexit_1                   0x08000227   Thumb Code     0  libinit2.o(.ARM.Collect$$libinit$$0000001B)
    __rt_lib_init_clock_1                    0x08000227   Thumb Code     0  libinit2.o(.ARM.Collect$$libinit$$00000021)
    __rt_lib_init_cpp_1                      0x08000227   Thumb Code     0  libinit2.o(.ARM.Collect$$libinit$$00000032)
    __rt_lib_init_exceptions_1               0x08000227   Thumb Code     0  libinit2.o(.ARM.Collect$$libinit$$00000030)
    __rt_lib_init_fp_trap_1                  0x08000227   Thumb Code     0  libinit2.o(.ARM.Collect$$libinit$$0000001F)
    __rt_lib_init_getenv_1                   0x08000227   Thumb Code     0  libinit2.o(.ARM.Collect$$libinit$$00000023)
    __rt_lib_init_lc_numeric_1               0x08000227   Thumb Code     0  libinit2.o(.ARM.Collect$$libinit$$00000017)
    __rt_lib_init_lc_time_1                  0x08000227   Thumb Code     0  libinit2.o(.ARM.Collect$$libinit$$00000019)
    __rt_lib_init_return                     0x08000227   Thumb Code     0  libinit2.o(.ARM.Collect$$libinit$$00000033)
    __rt_lib_init_signal_1                   0x08000227   Thumb Code     0  libinit2.o(.ARM.Collect$$libinit$$0000001D)
    __rt_lib_init_stdio_1                    0x08000227   Thumb Code     0  libinit2.o(.ARM.Collect$$libinit$$00000025)
    __rt_lib_shutdown                        0x08000229   Thumb Code     0  libshutdown.o(.ARM.Collect$$libshutdown$$00000000)
    __rt_lib_shutdown_fp_trap_1              0x0800022b   Thumb Code     0  libshutdown2.o(.ARM.Collect$$libshutdown$$00000006)
    __rt_lib_shutdown_heap_1                 0x0800022b   Thumb Code     0  libshutdown2.o(.ARM.Collect$$libshutdown$$0000000E)
    __rt_lib_shutdown_return                 0x0800022b   Thumb Code     0  libshutdown2.o(.ARM.Collect$$libshutdown$$0000000F)
    __rt_lib_shutdown_signal_1               0x0800022b   Thumb Code     0  libshutdown2.o(.ARM.Collect$$libshutdown$$00000009)
    __rt_lib_shutdown_stdio_1                0x0800022b   Thumb Code     0  libshutdown2.o(.ARM.Collect$$libshutdown$$00000003)
    __rt_lib_shutdown_user_alloc_1           0x0800022b   Thumb Code     0  libshutdown2.o(.ARM.Collect$$libshutdown$$0000000B)
    __rt_entry                               0x0800022d   Thumb Code     0  __rtentry.o(.ARM.Collect$$rtentry$$00000000)
    __rt_entry_presh_1                       0x0800022d   Thumb Code     0  __rtentry2.o(.ARM.Collect$$rtentry$$00000002)
    __rt_entry_sh                            0x0800022d   Thumb Code     0  __rtentry4.o(.ARM.Collect$$rtentry$$00000004)
    __rt_entry_li                            0x08000233   Thumb Code     0  __rtentry2.o(.ARM.Collect$$rtentry$$0000000A)
    __rt_entry_postsh_1                      0x08000233   Thumb Code     0  __rtentry2.o(.ARM.Collect$$rtentry$$00000009)
    __rt_entry_main                          0x08000237   Thumb Code     0  __rtentry2.o(.ARM.Collect$$rtentry$$0000000D)
    __rt_entry_postli_1                      0x08000237   Thumb Code     0  __rtentry2.o(.ARM.Collect$$rtentry$$0000000C)
    __rt_exit                                0x0800023f   Thumb Code     0  rtexit.o(.ARM.Collect$$rtexit$$00000000)
    __rt_exit_ls                             0x08000241   Thumb Code     0  rtexit2.o(.ARM.Collect$$rtexit$$00000003)
    __rt_exit_prels_1                        0x08000241   Thumb Code     0  rtexit2.o(.ARM.Collect$$rtexit$$00000002)
    __rt_exit_exit                           0x08000245   Thumb Code     0  rtexit2.o(.ARM.Collect$$rtexit$$00000004)
    IncPIDInit                               0x0800024d   Thumb Code    56  main.o(.text)
    IncPIDCalc                               0x08000285   Thumb Code   170  main.o(.text)
    main                                     0x0800032f   Thumb Code   314  main.o(.text)
    TIM2_IRQHandler                          0x08000469   Thumb Code   188  main.o(.text)
    NMI_Handler                              0x0800059d   Thumb Code     2  stm32f10x_it.o(.text)
    HardFault_Handler                        0x0800059f   Thumb Code     4  stm32f10x_it.o(.text)
    MemManage_Handler                        0x080005a3   Thumb Code     4  stm32f10x_it.o(.text)
    BusFault_Handler                         0x080005a7   Thumb Code     4  stm32f10x_it.o(.text)
    UsageFault_Handler                       0x080005ab   Thumb Code     4  stm32f10x_it.o(.text)
    SVC_Handler                              0x080005af   Thumb Code     2  stm32f10x_it.o(.text)
    DebugMon_Handler                         0x080005b1   Thumb Code     2  stm32f10x_it.o(.text)
    PendSV_Handler                           0x080005b3   Thumb Code     2  stm32f10x_it.o(.text)
    SysTick_Handler                          0x080005b5   Thumb Code     2  stm32f10x_it.o(.text)
    SystemInit                               0x08000697   Thumb Code    78  system_stm32f10x.o(.text)
    SystemCoreClockUpdate                    0x080006e5   Thumb Code   142  system_stm32f10x.o(.text)
    KEY_Init                                 0x08000799   Thumb Code    52  key.o(.text)
    KEY_Scan                                 0x080007cd   Thumb Code   110  key.o(.text)
    Adc_Init                                 0x08000849   Thumb Code   132  adc.o(.text)
    Get_Adc                                  0x080008cd   Thumb Code    46  adc.o(.text)
    Get_Adc_Average                          0x080008fb   Thumb Code    46  adc.o(.text)
    Dac1_Init                                0x08000931   Thumb Code    90  dac.o(.text)
    Dac1_Set_Vol                             0x0800098b   Thumb Code    80  dac.o(.text)
    TIM2_Int_Init                            0x080009e9   Thumb Code    92  timer.o(.text)
    TIM3_PWM_Init                            0x08000a45   Thumb Code   130  timer.o(.text)
    IIC_Start                                0x08000ad5   Thumb Code    36  oled.o(.text)
    IIC_Stop                                 0x08000af9   Thumb Code    28  oled.o(.text)
    IIC_Wait_Ack                             0x08000b15   Thumb Code    20  oled.o(.text)
    Write_IIC_Byte                           0x08000b29   Thumb Code    80  oled.o(.text)
    Write_IIC_Command                        0x08000b79   Thumb Code    44  oled.o(.text)
    Write_IIC_Data                           0x08000ba5   Thumb Code    44  oled.o(.text)
    OLED_WR_Byte                             0x08000bd1   Thumb Code    24  oled.o(.text)
    fill_picture                             0x08000be9   Thumb Code    64  oled.o(.text)
    Delay_50ms                               0x08000c29   Thumb Code    22  oled.o(.text)
    Delay_1ms                                0x08000c3f   Thumb Code    26  oled.o(.text)
    OLED_Set_Pos                             0x08000c59   Thumb Code    40  oled.o(.text)
    OLED_Display_On                          0x08000c81   Thumb Code    28  oled.o(.text)
    OLED_Display_Off                         0x08000c9d   Thumb Code    28  oled.o(.text)
    OLED_Clear                               0x08000cb9   Thumb Code    62  oled.o(.text)
    OLED_On                                  0x08000cf7   Thumb Code    62  oled.o(.text)
    OLED_ShowChar                            0x08000d35   Thumb Code   154  oled.o(.text)
    oled_pow                                 0x08000dcf   Thumb Code    22  oled.o(.text)
    OLED_ShowNum                             0x08000de5   Thumb Code   136  oled.o(.text)
    OLED_ShowString                          0x08000e6d   Thumb Code    58  oled.o(.text)
    OLED_ShowCHinese                         0x08000ea7   Thumb Code   112  oled.o(.text)
    OLED_DrawBMP                             0x08000f17   Thumb Code   118  oled.o(.text)
    OLED_Init                                0x08000f8d   Thumb Code   270  oled.o(.text)
    delay_init                               0x080010a5   Thumb Code    50  delay.o(.text)
    delay_us                                 0x080010d7   Thumb Code    72  delay.o(.text)
    delay_ms                                 0x0800111f   Thumb Code    72  delay.o(.text)
    _sys_exit                                0x08001179   Thumb Code     6  usart.o(.text)
    fputc                                    0x0800117f   Thumb Code    24  usart.o(.text)
    uart_init                                0x08001197   Thumb Code   152  usart.o(.text)
    USART1_IRQHandler                        0x0800122f   Thumb Code   122  usart.o(.text)
    Reset_Handler                            0x080012b9   Thumb Code     8  startup_stm32f10x_hd.o(.text)
    ADC1_2_IRQHandler                        0x080012d3   Thumb Code     0  startup_stm32f10x_hd.o(.text)
    ADC3_IRQHandler                          0x080012d3   Thumb Code     0  startup_stm32f10x_hd.o(.text)
    CAN1_RX1_IRQHandler                      0x080012d3   Thumb Code     0  startup_stm32f10x_hd.o(.text)
    CAN1_SCE_IRQHandler                      0x080012d3   Thumb Code     0  startup_stm32f10x_hd.o(.text)
    DMA1_Channel1_IRQHandler                 0x080012d3   Thumb Code     0  startup_stm32f10x_hd.o(.text)
    DMA1_Channel2_IRQHandler                 0x080012d3   Thumb Code     0  startup_stm32f10x_hd.o(.text)
    DMA1_Channel3_IRQHandler                 0x080012d3   Thumb Code     0  startup_stm32f10x_hd.o(.text)
    DMA1_Channel4_IRQHandler                 0x080012d3   Thumb Code     0  startup_stm32f10x_hd.o(.text)
    DMA1_Channel5_IRQHandler                 0x080012d3   Thumb Code     0  startup_stm32f10x_hd.o(.text)
    DMA1_Channel6_IRQHandler                 0x080012d3   Thumb Code     0  startup_stm32f10x_hd.o(.text)
    DMA1_Channel7_IRQHandler                 0x080012d3   Thumb Code     0  startup_stm32f10x_hd.o(.text)
    DMA2_Channel1_IRQHandler                 0x080012d3   Thumb Code     0  startup_stm32f10x_hd.o(.text)
    DMA2_Channel2_IRQHandler                 0x080012d3   Thumb Code     0  startup_stm32f10x_hd.o(.text)
    DMA2_Channel3_IRQHandler                 0x080012d3   Thumb Code     0  startup_stm32f10x_hd.o(.text)
    DMA2_Channel4_5_IRQHandler               0x080012d3   Thumb Code     0  startup_stm32f10x_hd.o(.text)
    EXTI0_IRQHandler                         0x080012d3   Thumb Code     0  startup_stm32f10x_hd.o(.text)
    EXTI15_10_IRQHandler                     0x080012d3   Thumb Code     0  startup_stm32f10x_hd.o(.text)
    EXTI1_IRQHandler                         0x080012d3   Thumb Code     0  startup_stm32f10x_hd.o(.text)
    EXTI2_IRQHandler                         0x080012d3   Thumb Code     0  startup_stm32f10x_hd.o(.text)
    EXTI3_IRQHandler                         0x080012d3   Thumb Code     0  startup_stm32f10x_hd.o(.text)
    EXTI4_IRQHandler                         0x080012d3   Thumb Code     0  startup_stm32f10x_hd.o(.text)
    EXTI9_5_IRQHandler                       0x080012d3   Thumb Code     0  startup_stm32f10x_hd.o(.text)
    FLASH_IRQHandler                         0x080012d3   Thumb Code     0  startup_stm32f10x_hd.o(.text)
    FSMC_IRQHandler                          0x080012d3   Thumb Code     0  startup_stm32f10x_hd.o(.text)
    I2C1_ER_IRQHandler                       0x080012d3   Thumb Code     0  startup_stm32f10x_hd.o(.text)
    I2C1_EV_IRQHandler                       0x080012d3   Thumb Code     0  startup_stm32f10x_hd.o(.text)
    I2C2_ER_IRQHandler                       0x080012d3   Thumb Code     0  startup_stm32f10x_hd.o(.text)
    I2C2_EV_IRQHandler                       0x080012d3   Thumb Code     0  startup_stm32f10x_hd.o(.text)
    PVD_IRQHandler                           0x080012d3   Thumb Code     0  startup_stm32f10x_hd.o(.text)
    RCC_IRQHandler                           0x080012d3   Thumb Code     0  startup_stm32f10x_hd.o(.text)
    RTCAlarm_IRQHandler                      0x080012d3   Thumb Code     0  startup_stm32f10x_hd.o(.text)
    RTC_IRQHandler                           0x080012d3   Thumb Code     0  startup_stm32f10x_hd.o(.text)
    SDIO_IRQHandler                          0x080012d3   Thumb Code     0  startup_stm32f10x_hd.o(.text)
    SPI1_IRQHandler                          0x080012d3   Thumb Code     0  startup_stm32f10x_hd.o(.text)
    SPI2_IRQHandler                          0x080012d3   Thumb Code     0  startup_stm32f10x_hd.o(.text)
    SPI3_IRQHandler                          0x080012d3   Thumb Code     0  startup_stm32f10x_hd.o(.text)
    TAMPER_IRQHandler                        0x080012d3   Thumb Code     0  startup_stm32f10x_hd.o(.text)
    TIM1_BRK_IRQHandler                      0x080012d3   Thumb Code     0  startup_stm32f10x_hd.o(.text)
    TIM1_CC_IRQHandler                       0x080012d3   Thumb Code     0  startup_stm32f10x_hd.o(.text)
    TIM1_TRG_COM_IRQHandler                  0x080012d3   Thumb Code     0  startup_stm32f10x_hd.o(.text)
    TIM1_UP_IRQHandler                       0x080012d3   Thumb Code     0  startup_stm32f10x_hd.o(.text)
    TIM3_IRQHandler                          0x080012d3   Thumb Code     0  startup_stm32f10x_hd.o(.text)
    TIM5_IRQHandler                          0x080012d3   Thumb Code     0  startup_stm32f10x_hd.o(.text)
    TIM6_IRQHandler                          0x080012d3   Thumb Code     0  startup_stm32f10x_hd.o(.text)
    TIM7_IRQHandler                          0x080012d3   Thumb Code     0  startup_stm32f10x_hd.o(.text)
    TIM8_BRK_IRQHandler                      0x080012d3   Thumb Code     0  startup_stm32f10x_hd.o(.text)
    TIM8_CC_IRQHandler                       0x080012d3   Thumb Code     0  startup_stm32f10x_hd.o(.text)
    TIM8_TRG_COM_IRQHandler                  0x080012d3   Thumb Code     0  startup_stm32f10x_hd.o(.text)
    TIM8_UP_IRQHandler                       0x080012d3   Thumb Code     0  startup_stm32f10x_hd.o(.text)
    UART4_IRQHandler                         0x080012d3   Thumb Code     0  startup_stm32f10x_hd.o(.text)
    UART5_IRQHandler                         0x080012d3   Thumb Code     0  startup_stm32f10x_hd.o(.text)
    USART2_IRQHandler                        0x080012d3   Thumb Code     0  startup_stm32f10x_hd.o(.text)
    USART3_IRQHandler                        0x080012d3   Thumb Code     0  startup_stm32f10x_hd.o(.text)
    USBWakeUp_IRQHandler                     0x080012d3   Thumb Code     0  startup_stm32f10x_hd.o(.text)
    USB_HP_CAN1_TX_IRQHandler                0x080012d3   Thumb Code     0  startup_stm32f10x_hd.o(.text)
    USB_LP_CAN1_RX0_IRQHandler               0x080012d3   Thumb Code     0  startup_stm32f10x_hd.o(.text)
    WWDG_IRQHandler                          0x080012d3   Thumb Code     0  startup_stm32f10x_hd.o(.text)
    __user_initial_stackheap                 0x080012d5   Thumb Code     0  startup_stm32f10x_hd.o(.text)
    NVIC_PriorityGroupConfig                 0x080012f9   Thumb Code    10  misc.o(.text)
    NVIC_Init                                0x08001303   Thumb Code   100  misc.o(.text)
    NVIC_SetVectorTable                      0x08001367   Thumb Code    14  misc.o(.text)
    NVIC_SystemLPConfig                      0x08001375   Thumb Code    34  misc.o(.text)
    SysTick_CLKSourceConfig                  0x08001397   Thumb Code    40  misc.o(.text)
    ADC_DeInit                               0x080013d5   Thumb Code    78  stm32f10x_adc.o(.text)
    ADC_Init                                 0x08001423   Thumb Code    70  stm32f10x_adc.o(.text)
    ADC_StructInit                           0x08001469   Thumb Code    18  stm32f10x_adc.o(.text)
    ADC_Cmd                                  0x0800147b   Thumb Code    22  stm32f10x_adc.o(.text)
    ADC_DMACmd                               0x08001491   Thumb Code    22  stm32f10x_adc.o(.text)
    ADC_ITConfig                             0x080014a7   Thumb Code    24  stm32f10x_adc.o(.text)
    ADC_ResetCalibration                     0x080014bf   Thumb Code    10  stm32f10x_adc.o(.text)
    ADC_GetResetCalibrationStatus            0x080014c9   Thumb Code    20  stm32f10x_adc.o(.text)
    ADC_StartCalibration                     0x080014dd   Thumb Code    10  stm32f10x_adc.o(.text)
    ADC_GetCalibrationStatus                 0x080014e7   Thumb Code    20  stm32f10x_adc.o(.text)
    ADC_SoftwareStartConvCmd                 0x080014fb   Thumb Code    22  stm32f10x_adc.o(.text)
    ADC_GetSoftwareStartConvStatus           0x08001511   Thumb Code    20  stm32f10x_adc.o(.text)
    ADC_DiscModeChannelCountConfig           0x08001525   Thumb Code    24  stm32f10x_adc.o(.text)
    ADC_DiscModeCmd                          0x0800153d   Thumb Code    22  stm32f10x_adc.o(.text)
    ADC_RegularChannelConfig                 0x08001553   Thumb Code   184  stm32f10x_adc.o(.text)
    ADC_ExternalTrigConvCmd                  0x0800160b   Thumb Code    22  stm32f10x_adc.o(.text)
    ADC_GetConversionValue                   0x08001621   Thumb Code     8  stm32f10x_adc.o(.text)
    ADC_GetDualModeConversionValue           0x08001629   Thumb Code     8  stm32f10x_adc.o(.text)
    ADC_AutoInjectedConvCmd                  0x08001631   Thumb Code    22  stm32f10x_adc.o(.text)
    ADC_InjectedDiscModeCmd                  0x08001647   Thumb Code    22  stm32f10x_adc.o(.text)
    ADC_ExternalTrigInjectedConvConfig       0x0800165d   Thumb Code    16  stm32f10x_adc.o(.text)
    ADC_ExternalTrigInjectedConvCmd          0x0800166d   Thumb Code    22  stm32f10x_adc.o(.text)
    ADC_SoftwareStartInjectedConvCmd         0x08001683   Thumb Code    22  stm32f10x_adc.o(.text)
    ADC_GetSoftwareStartInjectedConvCmdStatus 0x08001699   Thumb Code    20  stm32f10x_adc.o(.text)
    ADC_InjectedChannelConfig                0x080016ad   Thumb Code   130  stm32f10x_adc.o(.text)
    ADC_InjectedSequencerLengthConfig        0x0800172f   Thumb Code    24  stm32f10x_adc.o(.text)
    ADC_SetInjectedOffset                    0x08001747   Thumb Code    20  stm32f10x_adc.o(.text)
    ADC_GetInjectedConversionValue           0x0800175b   Thumb Code    28  stm32f10x_adc.o(.text)
    ADC_AnalogWatchdogCmd                    0x08001777   Thumb Code    16  stm32f10x_adc.o(.text)
    ADC_AnalogWatchdogThresholdsConfig       0x08001787   Thumb Code     6  stm32f10x_adc.o(.text)
    ADC_AnalogWatchdogSingleChannelConfig    0x0800178d   Thumb Code    16  stm32f10x_adc.o(.text)
    ADC_TempSensorVrefintCmd                 0x0800179d   Thumb Code    64  stm32f10x_adc.o(.text)
    ADC_GetFlagStatus                        0x080017dd   Thumb Code    18  stm32f10x_adc.o(.text)
    ADC_ClearFlag                            0x080017ef   Thumb Code     6  stm32f10x_adc.o(.text)
    ADC_GetITStatus                          0x080017f5   Thumb Code    36  stm32f10x_adc.o(.text)
    ADC_ClearITPendingBit                    0x08001819   Thumb Code    10  stm32f10x_adc.o(.text)
    GPIO_DeInit                              0x08001825   Thumb Code   172  stm32f10x_gpio.o(.text)
    GPIO_AFIODeInit                          0x080018d1   Thumb Code    20  stm32f10x_gpio.o(.text)
    GPIO_Init                                0x080018e5   Thumb Code   278  stm32f10x_gpio.o(.text)
    GPIO_StructInit                          0x080019fb   Thumb Code    16  stm32f10x_gpio.o(.text)
    GPIO_ReadInputDataBit                    0x08001a0b   Thumb Code    18  stm32f10x_gpio.o(.text)
    GPIO_ReadInputData                       0x08001a1d   Thumb Code     8  stm32f10x_gpio.o(.text)
    GPIO_ReadOutputDataBit                   0x08001a25   Thumb Code    18  stm32f10x_gpio.o(.text)
    GPIO_ReadOutputData                      0x08001a37   Thumb Code     8  stm32f10x_gpio.o(.text)
    GPIO_SetBits                             0x08001a3f   Thumb Code     4  stm32f10x_gpio.o(.text)
    GPIO_ResetBits                           0x08001a43   Thumb Code     4  stm32f10x_gpio.o(.text)
    GPIO_WriteBit                            0x08001a47   Thumb Code    10  stm32f10x_gpio.o(.text)
    GPIO_Write                               0x08001a51   Thumb Code     4  stm32f10x_gpio.o(.text)
    GPIO_PinLockConfig                       0x08001a55   Thumb Code    18  stm32f10x_gpio.o(.text)
    GPIO_EventOutputConfig                   0x08001a67   Thumb Code    26  stm32f10x_gpio.o(.text)
    GPIO_EventOutputCmd                      0x08001a81   Thumb Code     6  stm32f10x_gpio.o(.text)
    GPIO_PinRemapConfig                      0x08001a87   Thumb Code   138  stm32f10x_gpio.o(.text)
    GPIO_EXTILineConfig                      0x08001b11   Thumb Code    66  stm32f10x_gpio.o(.text)
    GPIO_ETH_MediaInterfaceConfig            0x08001b53   Thumb Code     8  stm32f10x_gpio.o(.text)
    USART_DeInit                             0x08001b81   Thumb Code   134  stm32f10x_usart.o(.text)
    USART_Init                               0x08001c07   Thumb Code   210  stm32f10x_usart.o(.text)
    USART_StructInit                         0x08001cd9   Thumb Code    24  stm32f10x_usart.o(.text)
    USART_ClockInit                          0x08001cf1   Thumb Code    34  stm32f10x_usart.o(.text)
    USART_ClockStructInit                    0x08001d13   Thumb Code    12  stm32f10x_usart.o(.text)
    USART_Cmd                                0x08001d1f   Thumb Code    24  stm32f10x_usart.o(.text)
    USART_ITConfig                           0x08001d37   Thumb Code    74  stm32f10x_usart.o(.text)
    USART_DMACmd                             0x08001d81   Thumb Code    18  stm32f10x_usart.o(.text)
    USART_SetAddress                         0x08001d93   Thumb Code    18  stm32f10x_usart.o(.text)
    USART_WakeUpConfig                       0x08001da5   Thumb Code    18  stm32f10x_usart.o(.text)
    USART_ReceiverWakeUpCmd                  0x08001db7   Thumb Code    24  stm32f10x_usart.o(.text)
    USART_LINBreakDetectLengthConfig         0x08001dcf   Thumb Code    18  stm32f10x_usart.o(.text)
    USART_LINCmd                             0x08001de1   Thumb Code    24  stm32f10x_usart.o(.text)
    USART_SendData                           0x08001df9   Thumb Code     8  stm32f10x_usart.o(.text)
    USART_ReceiveData                        0x08001e01   Thumb Code    10  stm32f10x_usart.o(.text)
    USART_SendBreak                          0x08001e0b   Thumb Code    10  stm32f10x_usart.o(.text)
    USART_SetGuardTime                       0x08001e15   Thumb Code    16  stm32f10x_usart.o(.text)
    USART_SetPrescaler                       0x08001e25   Thumb Code    16  stm32f10x_usart.o(.text)
    USART_SmartCardCmd                       0x08001e35   Thumb Code    24  stm32f10x_usart.o(.text)
    USART_SmartCardNACKCmd                   0x08001e4d   Thumb Code    24  stm32f10x_usart.o(.text)
    USART_HalfDuplexCmd                      0x08001e65   Thumb Code    24  stm32f10x_usart.o(.text)
    USART_OverSampling8Cmd                   0x08001e7d   Thumb Code    22  stm32f10x_usart.o(.text)
    USART_OneBitMethodCmd                    0x08001e93   Thumb Code    24  stm32f10x_usart.o(.text)
    USART_IrDAConfig                         0x08001eab   Thumb Code    18  stm32f10x_usart.o(.text)
    USART_IrDACmd                            0x08001ebd   Thumb Code    24  stm32f10x_usart.o(.text)
    USART_GetFlagStatus                      0x08001ed5   Thumb Code    26  stm32f10x_usart.o(.text)
    USART_ClearFlag                          0x08001eef   Thumb Code    18  stm32f10x_usart.o(.text)
    USART_GetITStatus                        0x08001f01   Thumb Code    84  stm32f10x_usart.o(.text)
    USART_ClearITPendingBit                  0x08001f55   Thumb Code    52  stm32f10x_usart.o(.text)
    DAC_DeInit                               0x08001f89   Thumb Code    22  stm32f10x_dac.o(.text)
    DAC_Init                                 0x08001f9f   Thumb Code    46  stm32f10x_dac.o(.text)
    DAC_StructInit                           0x08001fcd   Thumb Code    12  stm32f10x_dac.o(.text)
    DAC_Cmd                                  0x08001fd9   Thumb Code    34  stm32f10x_dac.o(.text)
    DAC_DMACmd                               0x08001ffb   Thumb Code    38  stm32f10x_dac.o(.text)
    DAC_SoftwareTriggerCmd                   0x08002021   Thumb Code    48  stm32f10x_dac.o(.text)
    DAC_DualSoftwareTriggerCmd               0x08002051   Thumb Code    38  stm32f10x_dac.o(.text)
    DAC_WaveGenerationCmd                    0x08002077   Thumb Code    36  stm32f10x_dac.o(.text)
    DAC_SetChannel1Data                      0x0800209b   Thumb Code    26  stm32f10x_dac.o(.text)
    DAC_SetChannel2Data                      0x080020b5   Thumb Code    26  stm32f10x_dac.o(.text)
    DAC_SetDualChannelData                   0x080020cf   Thumb Code    32  stm32f10x_dac.o(.text)
    DAC_GetDataOutputValue                   0x080020ef   Thumb Code    32  stm32f10x_dac.o(.text)
    RCC_DeInit                               0x08002115   Thumb Code    64  stm32f10x_rcc.o(.text)
    RCC_HSEConfig                            0x08002155   Thumb Code    70  stm32f10x_rcc.o(.text)
    RCC_GetFlagStatus                        0x0800219b   Thumb Code    56  stm32f10x_rcc.o(.text)
    RCC_WaitForHSEStartUp                    0x080021d3   Thumb Code    56  stm32f10x_rcc.o(.text)
    RCC_AdjustHSICalibrationValue            0x0800220b   Thumb Code    20  stm32f10x_rcc.o(.text)
    RCC_HSICmd                               0x0800221f   Thumb Code     6  stm32f10x_rcc.o(.text)
    RCC_PLLConfig                            0x08002225   Thumb Code    24  stm32f10x_rcc.o(.text)
    RCC_PLLCmd                               0x0800223d   Thumb Code     6  stm32f10x_rcc.o(.text)
    RCC_SYSCLKConfig                         0x08002243   Thumb Code    18  stm32f10x_rcc.o(.text)
    RCC_GetSYSCLKSource                      0x08002255   Thumb Code    10  stm32f10x_rcc.o(.text)
    RCC_HCLKConfig                           0x0800225f   Thumb Code    18  stm32f10x_rcc.o(.text)
    RCC_PCLK1Config                          0x08002271   Thumb Code    18  stm32f10x_rcc.o(.text)
    RCC_PCLK2Config                          0x08002283   Thumb Code    20  stm32f10x_rcc.o(.text)
    RCC_ITConfig                             0x08002297   Thumb Code    26  stm32f10x_rcc.o(.text)
    RCC_USBCLKConfig                         0x080022b1   Thumb Code     8  stm32f10x_rcc.o(.text)
    RCC_ADCCLKConfig                         0x080022b9   Thumb Code    18  stm32f10x_rcc.o(.text)
    RCC_LSEConfig                            0x080022cb   Thumb Code    50  stm32f10x_rcc.o(.text)
    RCC_LSICmd                               0x080022fd   Thumb Code     6  stm32f10x_rcc.o(.text)
    RCC_RTCCLKConfig                         0x08002303   Thumb Code    12  stm32f10x_rcc.o(.text)
    RCC_RTCCLKCmd                            0x0800230f   Thumb Code     8  stm32f10x_rcc.o(.text)
    RCC_GetClocksFreq                        0x08002317   Thumb Code   192  stm32f10x_rcc.o(.text)
    RCC_AHBPeriphClockCmd                    0x080023d7   Thumb Code    26  stm32f10x_rcc.o(.text)
    RCC_APB2PeriphClockCmd                   0x080023f1   Thumb Code    26  stm32f10x_rcc.o(.text)
    RCC_APB1PeriphClockCmd                   0x0800240b   Thumb Code    26  stm32f10x_rcc.o(.text)
    RCC_APB2PeriphResetCmd                   0x08002425   Thumb Code    26  stm32f10x_rcc.o(.text)
    RCC_APB1PeriphResetCmd                   0x0800243f   Thumb Code    26  stm32f10x_rcc.o(.text)
    RCC_BackupResetCmd                       0x08002459   Thumb Code     8  stm32f10x_rcc.o(.text)
    RCC_ClockSecuritySystemCmd               0x08002461   Thumb Code     6  stm32f10x_rcc.o(.text)
    RCC_MCOConfig                            0x08002467   Thumb Code     6  stm32f10x_rcc.o(.text)
    RCC_ClearFlag                            0x0800246d   Thumb Code    14  stm32f10x_rcc.o(.text)
    RCC_GetITStatus                          0x0800247b   Thumb Code    20  stm32f10x_rcc.o(.text)
    RCC_ClearITPendingBit                    0x0800248f   Thumb Code     6  stm32f10x_rcc.o(.text)
    TIM_DeInit                               0x080024b9   Thumb Code   424  stm32f10x_tim.o(.text)
    TIM_TimeBaseInit                         0x08002661   Thumb Code   122  stm32f10x_tim.o(.text)
    TIM_OC1Init                              0x080026db   Thumb Code   132  stm32f10x_tim.o(.text)
    TIM_OC2Init                              0x0800275f   Thumb Code   154  stm32f10x_tim.o(.text)
    TIM_OC3Init                              0x080027f9   Thumb Code   150  stm32f10x_tim.o(.text)
    TIM_OC4Init                              0x0800288f   Thumb Code   182  stm32f10x_tim.o(.text)
    TIM_SetIC4Prescaler                      0x08002945   Thumb Code    26  stm32f10x_tim.o(.text)
    TIM_SetIC3Prescaler                      0x080029e1   Thumb Code    18  stm32f10x_tim.o(.text)
    TIM_SetIC2Prescaler                      0x08002a6d   Thumb Code    26  stm32f10x_tim.o(.text)
    TIM_SetIC1Prescaler                      0x08002b09   Thumb Code    18  stm32f10x_tim.o(.text)
    TIM_ICInit                               0x08002b87   Thumb Code   150  stm32f10x_tim.o(.text)
    TIM_PWMIConfig                           0x08002c1d   Thumb Code   124  stm32f10x_tim.o(.text)
    TIM_BDTRConfig                           0x08002c99   Thumb Code    32  stm32f10x_tim.o(.text)
    TIM_TimeBaseStructInit                   0x08002cb9   Thumb Code    18  stm32f10x_tim.o(.text)
    TIM_OCStructInit                         0x08002ccb   Thumb Code    20  stm32f10x_tim.o(.text)
    TIM_ICStructInit                         0x08002cdf   Thumb Code    18  stm32f10x_tim.o(.text)
    TIM_BDTRStructInit                       0x08002cf1   Thumb Code    40  stm32f10x_tim.o(.text)
    TIM_Cmd                                  0x08002d19   Thumb Code    24  stm32f10x_tim.o(.text)
    TIM_CtrlPWMOutputs                       0x08002d31   Thumb Code    30  stm32f10x_tim.o(.text)
    TIM_ITConfig                             0x08002d4f   Thumb Code    18  stm32f10x_tim.o(.text)
    TIM_GenerateEvent                        0x08002d61   Thumb Code     4  stm32f10x_tim.o(.text)
    TIM_DMAConfig                            0x08002d65   Thumb Code    10  stm32f10x_tim.o(.text)
    TIM_DMACmd                               0x08002d6f   Thumb Code    18  stm32f10x_tim.o(.text)
    TIM_InternalClockConfig                  0x08002d81   Thumb Code    12  stm32f10x_tim.o(.text)
    TIM_SelectInputTrigger                   0x08002d8d   Thumb Code    18  stm32f10x_tim.o(.text)
    TIM_ITRxExternalClockConfig              0x08002d9f   Thumb Code    24  stm32f10x_tim.o(.text)
    TIM_TIxExternalClockConfig               0x08002db7   Thumb Code    62  stm32f10x_tim.o(.text)
    TIM_ETRConfig                            0x08002df5   Thumb Code    28  stm32f10x_tim.o(.text)
    TIM_ETRClockMode1Config                  0x08002e11   Thumb Code    54  stm32f10x_tim.o(.text)
    TIM_ETRClockMode2Config                  0x08002e47   Thumb Code    32  stm32f10x_tim.o(.text)
    TIM_PrescalerConfig                      0x08002e67   Thumb Code     6  stm32f10x_tim.o(.text)
    TIM_CounterModeConfig                    0x08002e6d   Thumb Code    18  stm32f10x_tim.o(.text)
    TIM_EncoderInterfaceConfig               0x08002e7f   Thumb Code    66  stm32f10x_tim.o(.text)
    TIM_ForcedOC1Config                      0x08002ec1   Thumb Code    18  stm32f10x_tim.o(.text)
    TIM_ForcedOC2Config                      0x08002ed3   Thumb Code    26  stm32f10x_tim.o(.text)
    TIM_ForcedOC3Config                      0x08002eed   Thumb Code    18  stm32f10x_tim.o(.text)
    TIM_ForcedOC4Config                      0x08002eff   Thumb Code    26  stm32f10x_tim.o(.text)
    TIM_ARRPreloadConfig                     0x08002f19   Thumb Code    24  stm32f10x_tim.o(.text)
    TIM_SelectCOM                            0x08002f31   Thumb Code    24  stm32f10x_tim.o(.text)
    TIM_SelectCCDMA                          0x08002f49   Thumb Code    24  stm32f10x_tim.o(.text)
    TIM_CCPreloadControl                     0x08002f61   Thumb Code    24  stm32f10x_tim.o(.text)
    TIM_OC1PreloadConfig                     0x08002f79   Thumb Code    18  stm32f10x_tim.o(.text)
    TIM_OC2PreloadConfig                     0x08002f8b   Thumb Code    26  stm32f10x_tim.o(.text)
    TIM_OC3PreloadConfig                     0x08002fa5   Thumb Code    18  stm32f10x_tim.o(.text)
    TIM_OC4PreloadConfig                     0x08002fb7   Thumb Code    26  stm32f10x_tim.o(.text)
    TIM_OC1FastConfig                        0x08002fd1   Thumb Code    18  stm32f10x_tim.o(.text)
    TIM_OC2FastConfig                        0x08002fe3   Thumb Code    26  stm32f10x_tim.o(.text)
    TIM_OC3FastConfig                        0x08002ffd   Thumb Code    18  stm32f10x_tim.o(.text)
    TIM_OC4FastConfig                        0x0800300f   Thumb Code    26  stm32f10x_tim.o(.text)
    TIM_ClearOC1Ref                          0x08003029   Thumb Code    18  stm32f10x_tim.o(.text)
    TIM_ClearOC2Ref                          0x0800303b   Thumb Code    24  stm32f10x_tim.o(.text)
    TIM_ClearOC3Ref                          0x08003053   Thumb Code    18  stm32f10x_tim.o(.text)
    TIM_ClearOC4Ref                          0x08003065   Thumb Code    24  stm32f10x_tim.o(.text)
    TIM_OC1PolarityConfig                    0x0800307d   Thumb Code    18  stm32f10x_tim.o(.text)
    TIM_OC1NPolarityConfig                   0x0800308f   Thumb Code    18  stm32f10x_tim.o(.text)
    TIM_OC2PolarityConfig                    0x080030a1   Thumb Code    26  stm32f10x_tim.o(.text)
    TIM_OC2NPolarityConfig                   0x080030bb   Thumb Code    26  stm32f10x_tim.o(.text)
    TIM_OC3PolarityConfig                    0x080030d5   Thumb Code    26  stm32f10x_tim.o(.text)
    TIM_OC3NPolarityConfig                   0x080030ef   Thumb Code    26  stm32f10x_tim.o(.text)
    TIM_OC4PolarityConfig                    0x08003109   Thumb Code    26  stm32f10x_tim.o(.text)
    TIM_CCxCmd                               0x08003123   Thumb Code    30  stm32f10x_tim.o(.text)
    TIM_CCxNCmd                              0x08003141   Thumb Code    30  stm32f10x_tim.o(.text)
    TIM_SelectOCxM                           0x0800315f   Thumb Code    82  stm32f10x_tim.o(.text)
    TIM_UpdateDisableConfig                  0x080031b1   Thumb Code    24  stm32f10x_tim.o(.text)
    TIM_UpdateRequestConfig                  0x080031c9   Thumb Code    24  stm32f10x_tim.o(.text)
    TIM_SelectHallSensor                     0x080031e1   Thumb Code    24  stm32f10x_tim.o(.text)
    TIM_SelectOnePulseMode                   0x080031f9   Thumb Code    18  stm32f10x_tim.o(.text)
    TIM_SelectOutputTrigger                  0x0800320b   Thumb Code    18  stm32f10x_tim.o(.text)
    TIM_SelectSlaveMode                      0x0800321d   Thumb Code    18  stm32f10x_tim.o(.text)
    TIM_SelectMasterSlaveMode                0x0800322f   Thumb Code    18  stm32f10x_tim.o(.text)
    TIM_SetCounter                           0x08003241   Thumb Code     4  stm32f10x_tim.o(.text)
    TIM_SetAutoreload                        0x08003245   Thumb Code     4  stm32f10x_tim.o(.text)
    TIM_SetCompare1                          0x08003249   Thumb Code     4  stm32f10x_tim.o(.text)
    TIM_SetCompare2                          0x0800324d   Thumb Code     4  stm32f10x_tim.o(.text)
    TIM_SetCompare3                          0x08003251   Thumb Code     4  stm32f10x_tim.o(.text)
    TIM_SetCompare4                          0x08003255   Thumb Code     6  stm32f10x_tim.o(.text)
    TIM_SetClockDivision                     0x0800325b   Thumb Code    18  stm32f10x_tim.o(.text)
    TIM_GetCapture1                          0x0800326d   Thumb Code     6  stm32f10x_tim.o(.text)
    TIM_GetCapture2                          0x08003273   Thumb Code     6  stm32f10x_tim.o(.text)
    TIM_GetCapture3                          0x08003279   Thumb Code     6  stm32f10x_tim.o(.text)
    TIM_GetCapture4                          0x0800327f   Thumb Code     8  stm32f10x_tim.o(.text)
    TIM_GetCounter                           0x08003287   Thumb Code     6  stm32f10x_tim.o(.text)
    TIM_GetPrescaler                         0x0800328d   Thumb Code     6  stm32f10x_tim.o(.text)
    TIM_GetFlagStatus                        0x08003293   Thumb Code    18  stm32f10x_tim.o(.text)
    TIM_ClearFlag                            0x080032a5   Thumb Code     6  stm32f10x_tim.o(.text)
    TIM_GetITStatus                          0x080032ab   Thumb Code    34  stm32f10x_tim.o(.text)
    TIM_ClearITPendingBit                    0x080032cd   Thumb Code     6  stm32f10x_tim.o(.text)
    usmart_sys_cmd_exe                       0x080032d5   Thumb Code  1554  usmart.o(.text)
    usmart_reset_runtime                     0x080038e7   Thumb Code    38  usmart.o(.text)
    usmart_get_runtime                       0x0800390d   Thumb Code    60  usmart.o(.text)
    TIM4_IRQHandler                          0x08003949   Thumb Code    46  usmart.o(.text)
    Timer4_Init                              0x08003977   Thumb Code    88  usmart.o(.text)
    usmart_init                              0x080039cf   Thumb Code    36  usmart.o(.text)
    usmart_cmd_rec                           0x080039f3   Thumb Code   170  usmart.o(.text)
    usmart_exe                               0x08003a9d   Thumb Code   870  usmart.o(.text)
    usmart_scan                              0x08003e03   Thumb Code   120  usmart.o(.text)
    read_addr                                0x08003e7b   Thumb Code     6  usmart.o(.text)
    write_addr                               0x08003e81   Thumb Code     4  usmart.o(.text)
    usmart_strcmp                            0x08003f0d   Thumb Code    34  usmart_str.o(.text)
    usmart_strcopy                           0x08003f2f   Thumb Code    22  usmart_str.o(.text)
    usmart_strlen                            0x08003f45   Thumb Code    24  usmart_str.o(.text)
    usmart_pow                               0x08003f5d   Thumb Code    22  usmart_str.o(.text)
    usmart_str2num                           0x08003f73   Thumb Code   202  usmart_str.o(.text)
    usmart_get_cmdname                       0x0800403d   Thumb Code    54  usmart_str.o(.text)
    usmart_search_nextc                      0x08004073   Thumb Code    22  usmart_str.o(.text)
    usmart_get_fname                         0x08004089   Thumb Code   440  usmart_str.o(.text)
    usmart_get_aparm                         0x08004241   Thumb Code   200  usmart_str.o(.text)
    usmart_get_parmpos                       0x08004309   Thumb Code    26  usmart_str.o(.text)
    usmart_get_fparam                        0x08004323   Thumb Code   262  usmart_str.o(.text)
    __use_no_semihosting                     0x08004435   Thumb Code     2  use_no_semi_2.o(.text)
    __2printf                                0x08004439   Thumb Code    20  noretval__2printf.o(.text)
    __2sprintf                               0x08004451   Thumb Code    34  noretval__2sprintf.o(.text)
    _printf_pre_padding                      0x08004479   Thumb Code    44  _printf_pad.o(.text)
    _printf_post_padding                     0x080044a5   Thumb Code    34  _printf_pad.o(.text)
    _printf_str                              0x080044c7   Thumb Code    82  _printf_str.o(.text)
    _printf_int_dec                          0x08004519   Thumb Code   104  _printf_dec.o(.text)
    _printf_int_hex                          0x08004591   Thumb Code    84  _printf_hex_int.o(.text)
    _printf_longlong_hex                     0x08004591   Thumb Code     0  _printf_hex_int.o(.text)
    __printf                                 0x080045e9   Thumb Code   388  __printf_flags_ss_wp.o(.text)
    __use_two_region_memory                  0x08004771   Thumb Code     2  heapauxi.o(.text)
    __rt_heap_escrow$2region                 0x08004773   Thumb Code     2  heapauxi.o(.text)
    __rt_heap_expand$2region                 0x08004775   Thumb Code     2  heapauxi.o(.text)
    __I$use$semihosting                      0x08004777   Thumb Code     0  use_no_semi.o(.text)
    __use_no_semihosting_swi                 0x08004777   Thumb Code     2  use_no_semi.o(.text)
    _printf_int_common                       0x08004779   Thumb Code   178  _printf_intcommon.o(.text)
    __lib_sel_fp_printf                      0x0800482b   Thumb Code     2  _printf_fp_dec.o(.text)
    _printf_fp_dec_real                      0x080049d9   Thumb Code   620  _printf_fp_dec.o(.text)
    _printf_char_common                      0x08004c4f   Thumb Code    32  _printf_char_common.o(.text)
    _sputc                                   0x08004c75   Thumb Code    10  _sputc.o(.text)
    _printf_cs_common                        0x08004c7f   Thumb Code    20  _printf_char.o(.text)
    _printf_char                             0x08004c93   Thumb Code    16  _printf_char.o(.text)
    _printf_string                           0x08004ca3   Thumb Code     8  _printf_char.o(.text)
    _printf_char_file                        0x08004cad   Thumb Code    32  _printf_char_file.o(.text)
    __rt_locale                              0x08004cd1   Thumb Code     8  rt_locale_intlibspace.o(.text)
    _ll_udiv10                               0x08004cd9   Thumb Code   138  lludiv10.o(.text)
    _printf_fp_infnan                        0x08004d65   Thumb Code   112  _printf_fp_infnan.o(.text)
    _btod_etento                             0x08004de5   Thumb Code   216  bigflt0.o(.text)
    ferror                                   0x08004ec1   Thumb Code     8  ferror.o(.text)
    __user_libspace                          0x08004ec9   Thumb Code     8  libspace.o(.text)
    __user_perproc_libspace                  0x08004ec9   Thumb Code     0  libspace.o(.text)
    __user_perthread_libspace                0x08004ec9   Thumb Code     0  libspace.o(.text)
    __user_setup_stackheap                   0x08004ed1   Thumb Code    74  sys_stackheap_outer.o(.text)
    exit                                     0x08004f1b   Thumb Code    12  exit.o(.text)
    strcmp                                   0x08004f29   Thumb Code   128  strcmpv7m.o(.text)
    _btod_d2e                                0x08004fa9   Thumb Code    62  btod.o(CL$$btod_d2e)
    _d2e_denorm_low                          0x08004fe7   Thumb Code    70  btod.o(CL$$btod_d2e_denorm_low)
    _d2e_norm_op1                            0x0800502d   Thumb Code    96  btod.o(CL$$btod_d2e_norm_op1)
    __btod_div_common                        0x0800508d   Thumb Code   696  btod.o(CL$$btod_div_common)
    _e2e                                     0x080053c5   Thumb Code   198  btod.o(CL$$btod_e2e)
    _btod_ediv                               0x0800548b   Thumb Code    40  btod.o(CL$$btod_ediv)
    _btod_emul                               0x080054b3   Thumb Code    40  btod.o(CL$$btod_emul)
    __btod_mult_common                       0x080054db   Thumb Code   580  btod.o(CL$$btod_mult_common)
    __ARM_fpclassify                         0x0800571f   Thumb Code    40  fpclassify.o(i.__ARM_fpclassify)
    _is_digit                                0x08005747   Thumb Code    14  __printf_wp.o(i._is_digit)
    _get_lc_numeric                          0x08005755   Thumb Code    44  lc_numeric_c.o(locale$$code)
    __aeabi_d2f                              0x08005781   Thumb Code     0  d2f.o(x$fpl$d2f)
    _d2f                                     0x08005781   Thumb Code    98  d2f.o(x$fpl$d2f)
    __aeabi_dadd                             0x080057e5   Thumb Code     0  daddsub_clz.o(x$fpl$dadd)
    _dadd                                    0x080057e5   Thumb Code   332  daddsub_clz.o(x$fpl$dadd)
    __fpl_dcmp_Inf                           0x08005935   Thumb Code    24  dcmpi.o(x$fpl$dcmpinf)
    __aeabi_ddiv                             0x0800594d   Thumb Code     0  ddiv.o(x$fpl$ddiv)
    _ddiv                                    0x0800594d   Thumb Code   552  ddiv.o(x$fpl$ddiv)
    __aeabi_d2iz                             0x08005bfd   Thumb Code     0  dfix.o(x$fpl$dfix)
    _dfix                                    0x08005bfd   Thumb Code    94  dfix.o(x$fpl$dfix)
    __aeabi_d2uiz                            0x08005c5d   Thumb Code     0  dfixu.o(x$fpl$dfixu)
    _dfixu                                   0x08005c5d   Thumb Code    90  dfixu.o(x$fpl$dfixu)
    __aeabi_i2d                              0x08005cb7   Thumb Code     0  dflt_clz.o(x$fpl$dflt)
    _dflt                                    0x08005cb7   Thumb Code    46  dflt_clz.o(x$fpl$dflt)
    __aeabi_ui2d                             0x08005ce5   Thumb Code     0  dflt_clz.o(x$fpl$dfltu)
    _dfltu                                   0x08005ce5   Thumb Code    38  dflt_clz.o(x$fpl$dfltu)
    __aeabi_cdcmple                          0x08005d0d   Thumb Code     0  dleqf.o(x$fpl$dleqf)
    _dcmple                                  0x08005d0d   Thumb Code   120  dleqf.o(x$fpl$dleqf)
    __fpl_dcmple_InfNaN                      0x08005d6f   Thumb Code     0  dleqf.o(x$fpl$dleqf)
    __aeabi_dmul                             0x08005d85   Thumb Code     0  dmul.o(x$fpl$dmul)
    _dmul                                    0x08005d85   Thumb Code   332  dmul.o(x$fpl$dmul)
    __fpl_dnaninf                            0x08005ed9   Thumb Code   156  dnaninf.o(x$fpl$dnaninf)
    __fpl_dretinf                            0x08005f75   Thumb Code    12  dretinf.o(x$fpl$dretinf)
    __aeabi_cdrcmple                         0x08005f81   Thumb Code     0  drleqf.o(x$fpl$drleqf)
    _drcmple                                 0x08005f81   Thumb Code   108  drleqf.o(x$fpl$drleqf)
    __aeabi_dsub                             0x08005fed   Thumb Code     0  daddsub_clz.o(x$fpl$dsub)
    _dsub                                    0x08005fed   Thumb Code   464  daddsub_clz.o(x$fpl$dsub)
    __aeabi_f2d                              0x080061c1   Thumb Code     0  f2d.o(x$fpl$f2d)
    _f2d                                     0x080061c1   Thumb Code    86  f2d.o(x$fpl$f2d)
    __aeabi_fadd                             0x08006219   Thumb Code     0  faddsub_clz.o(x$fpl$fadd)
    _fadd                                    0x08006219   Thumb Code   196  faddsub_clz.o(x$fpl$fadd)
    __fpl_fcmp_Inf                           0x080062dd   Thumb Code    24  fcmpi.o(x$fpl$fcmpinf)
    __aeabi_fdiv                             0x080062f5   Thumb Code     0  fdiv.o(x$fpl$fdiv)
    _fdiv                                    0x080062f5   Thumb Code   384  fdiv.o(x$fpl$fdiv)
    __aeabi_f2uiz                            0x08006479   Thumb Code     0  ffixu.o(x$fpl$ffixu)
    _ffixu                                   0x08006479   Thumb Code    62  ffixu.o(x$fpl$ffixu)
    __aeabi_ui2f                             0x080064b9   Thumb Code     0  fflt_clz.o(x$fpl$ffltu)
    _ffltu                                   0x080064b9   Thumb Code    38  fflt_clz.o(x$fpl$ffltu)
    __aeabi_cfcmple                          0x080064e1   Thumb Code     0  fleqf.o(x$fpl$fleqf)
    _fcmple                                  0x080064e1   Thumb Code   104  fleqf.o(x$fpl$fleqf)
    __fpl_fcmple_InfNaN                      0x08006533   Thumb Code     0  fleqf.o(x$fpl$fleqf)
    __aeabi_fmul                             0x08006549   Thumb Code     0  fmul.o(x$fpl$fmul)
    _fmul                                    0x08006549   Thumb Code   258  fmul.o(x$fpl$fmul)
    __fpl_fnaninf                            0x0800664b   Thumb Code   140  fnaninf.o(x$fpl$fnaninf)
    __fpl_fretinf                            0x080066d7   Thumb Code    10  fretinf.o(x$fpl$fretinf)
    __aeabi_frsub                            0x080066e1   Thumb Code     0  faddsub_clz.o(x$fpl$frsb)
    _frsb                                    0x080066e1   Thumb Code    20  faddsub_clz.o(x$fpl$frsb)
    __aeabi_fsub                             0x080066f5   Thumb Code     0  faddsub_clz.o(x$fpl$fsub)
    _fsub                                    0x080066f5   Thumb Code   234  faddsub_clz.o(x$fpl$fsub)
    _printf_fp_dec                           0x080067df   Thumb Code     4  printf1.o(x$fpl$printf1)
    F6x8                                     0x080067e2   Data         552  oled.o(.constdata)
    __I$use$fp                               0x080067e2   Number         0  usenofp.o(x$fpl$usenofp)
    F8X16                                    0x08006a0a   Data        1520  oled.o(.constdata)
    Region$$Table$$Base                      0x08007178   Number         0  anon$$obj.o(Region$$Table)
    Region$$Table$$Limit                     0x08007198   Number         0  anon$$obj.o(Region$$Table)
    bili                                     0x20000004   Data           4  main.o(.data)
    adc_read1                                0x20000008   Data           2  main.o(.data)
    adc_read2                                0x2000000a   Data           2  main.o(.data)
    dac_read                                 0x2000000c   Data           2  main.o(.data)
    return_pwm                               0x2000000e   Data           2  main.o(.data)
    return_v                                 0x20000010   Data           4  main.o(.data)
    really_v                                 0x20000014   Data           4  main.o(.data)
    dacval                                   0x20000018   Data           2  main.o(.data)
    dianliu                                  0x2000001c   Data           4  main.o(.data)
    key                                      0x20000020   Data           1  main.o(.data)
    SystemCoreClock                          0x20000024   Data           4  system_stm32f10x.o(.data)
    AHBPrescTable                            0x20000028   Data          16  system_stm32f10x.o(.data)
    Hzk                                      0x20000039   Data        2048  oled.o(.data)
    __stdout                                 0x20000840   Data           4  usart.o(.data)
    USART_RX_STA                             0x20000844   Data           2  usart.o(.data)
    sys_cmd_tab                              0x2000085c   Data          28  usmart.o(.data)
    usmart_nametab                           0x20000878   Data          40  usmart_config.o(.data)
    usmart_dev                               0x200008a0   Data         244  usmart_config.o(.data)
    text                                     0x200009c0   Data         100  main.o(.bss)
    USART_RX_BUF                             0x20000a24   Data         200  usart.o(.bss)
    __libspace_start                         0x20000aec   Data          96  libspace.o(.bss)
    __temporary_stack_top$libspace           0x20000b4c   Data           0  libspace.o(.bss)



==============================================================================

Memory Map of the image

  Image Entry point : 0x08000131

  Load Region LR_IROM1 (Base: 0x08000000, Size: 0x00007b48, Max: 0x00080000, ABSOLUTE, COMPRESSED[0x00007548])

    Execution Region ER_IROM1 (Base: 0x08000000, Size: 0x000071b4, Max: 0x00080000, ABSOLUTE)

    Base Addr    Size         Type   Attr      Idx    E Section Name        Object

    0x08000000   0x00000130   Data   RO          358    RESET               startup_stm32f10x_hd.o
    0x08000130   0x00000008   Code   RO          575  * !!!main             c_w.l(__main.o)
    0x08000138   0x00000034   Code   RO          866    !!!scatter          c_w.l(__scatter.o)
    0x0800016c   0x00000064   Code   RO          864    !!dclz77c           c_w.l(__dclz77c.o)
    0x080001d0   0x0000001c   Code   RO          868    !!handler_zi        c_w.l(__scatter_zi.o)
    0x080001ec   0x00000000   Code   RO          572    .ARM.Collect$$_printf_percent$$00000000  c_w.l(_printf_percent.o)
    0x080001ec   0x00000006   Code   RO          571    .ARM.Collect$$_printf_percent$$00000003  c_w.l(_printf_f.o)
    0x080001f2   0x00000006   Code   RO          569    .ARM.Collect$$_printf_percent$$00000009  c_w.l(_printf_d.o)
    0x080001f8   0x00000006   Code   RO          570    .ARM.Collect$$_printf_percent$$0000000A  c_w.l(_printf_u.o)
    0x080001fe   0x00000006   Code   RO          568    .ARM.Collect$$_printf_percent$$0000000C  c_w.l(_printf_x.o)
    0x08000204   0x00000006   Code   RO          566    .ARM.Collect$$_printf_percent$$00000013  c_w.l(_printf_c.o)
    0x0800020a   0x00000006   Code   RO          567    .ARM.Collect$$_printf_percent$$00000014  c_w.l(_printf_s.o)
    0x08000210   0x00000004   Code   RO          650    .ARM.Collect$$_printf_percent$$00000017  c_w.l(_printf_percent_end.o)
    0x08000214   0x00000002   Code   RO          742    .ARM.Collect$$libinit$$00000000  c_w.l(libinit.o)
    0x08000216   0x00000000   Code   RO          744    .ARM.Collect$$libinit$$00000002  c_w.l(libinit2.o)
    0x08000216   0x00000000   Code   RO          746    .ARM.Collect$$libinit$$00000004  c_w.l(libinit2.o)
    0x08000216   0x00000000   Code   RO          749    .ARM.Collect$$libinit$$0000000A  c_w.l(libinit2.o)
    0x08000216   0x00000000   Code   RO          751    .ARM.Collect$$libinit$$0000000C  c_w.l(libinit2.o)
    0x08000216   0x00000000   Code   RO          753    .ARM.Collect$$libinit$$0000000E  c_w.l(libinit2.o)
    0x08000216   0x00000006   Code   RO          754    .ARM.Collect$$libinit$$0000000F  c_w.l(libinit2.o)
    0x0800021c   0x00000000   Code   RO          756    .ARM.Collect$$libinit$$00000011  c_w.l(libinit2.o)
    0x0800021c   0x00000000   Code   RO          758    .ARM.Collect$$libinit$$00000013  c_w.l(libinit2.o)
    0x0800021c   0x00000000   Code   RO          760    .ARM.Collect$$libinit$$00000015  c_w.l(libinit2.o)
    0x0800021c   0x0000000a   Code   RO          761    .ARM.Collect$$libinit$$00000016  c_w.l(libinit2.o)
    0x08000226   0x00000000   Code   RO          762    .ARM.Collect$$libinit$$00000017  c_w.l(libinit2.o)
    0x08000226   0x00000000   Code   RO          764    .ARM.Collect$$libinit$$00000019  c_w.l(libinit2.o)
    0x08000226   0x00000000   Code   RO          766    .ARM.Collect$$libinit$$0000001B  c_w.l(libinit2.o)
    0x08000226   0x00000000   Code   RO          768    .ARM.Collect$$libinit$$0000001D  c_w.l(libinit2.o)
    0x08000226   0x00000000   Code   RO          770    .ARM.Collect$$libinit$$0000001F  c_w.l(libinit2.o)
    0x08000226   0x00000000   Code   RO          772    .ARM.Collect$$libinit$$00000021  c_w.l(libinit2.o)
    0x08000226   0x00000000   Code   RO          774    .ARM.Collect$$libinit$$00000023  c_w.l(libinit2.o)
    0x08000226   0x00000000   Code   RO          776    .ARM.Collect$$libinit$$00000025  c_w.l(libinit2.o)
    0x08000226   0x00000000   Code   RO          780    .ARM.Collect$$libinit$$0000002C  c_w.l(libinit2.o)
    0x08000226   0x00000000   Code   RO          782    .ARM.Collect$$libinit$$0000002E  c_w.l(libinit2.o)
    0x08000226   0x00000000   Code   RO          784    .ARM.Collect$$libinit$$00000030  c_w.l(libinit2.o)
    0x08000226   0x00000000   Code   RO          786    .ARM.Collect$$libinit$$00000032  c_w.l(libinit2.o)
    0x08000226   0x00000002   Code   RO          787    .ARM.Collect$$libinit$$00000033  c_w.l(libinit2.o)
    0x08000228   0x00000002   Code   RO          815    .ARM.Collect$$libshutdown$$00000000  c_w.l(libshutdown.o)
    0x0800022a   0x00000000   Code   RO          825    .ARM.Collect$$libshutdown$$00000003  c_w.l(libshutdown2.o)
    0x0800022a   0x00000000   Code   RO          828    .ARM.Collect$$libshutdown$$00000006  c_w.l(libshutdown2.o)
    0x0800022a   0x00000000   Code   RO          831    .ARM.Collect$$libshutdown$$00000009  c_w.l(libshutdown2.o)
    0x0800022a   0x00000000   Code   RO          833    .ARM.Collect$$libshutdown$$0000000B  c_w.l(libshutdown2.o)
    0x0800022a   0x00000000   Code   RO          836    .ARM.Collect$$libshutdown$$0000000E  c_w.l(libshutdown2.o)
    0x0800022a   0x00000002   Code   RO          837    .ARM.Collect$$libshutdown$$0000000F  c_w.l(libshutdown2.o)
    0x0800022c   0x00000000   Code   RO          637    .ARM.Collect$$rtentry$$00000000  c_w.l(__rtentry.o)
    0x0800022c   0x00000000   Code   RO          665    .ARM.Collect$$rtentry$$00000002  c_w.l(__rtentry2.o)
    0x0800022c   0x00000006   Code   RO          677    .ARM.Collect$$rtentry$$00000004  c_w.l(__rtentry4.o)
    0x08000232   0x00000000   Code   RO          667    .ARM.Collect$$rtentry$$00000009  c_w.l(__rtentry2.o)
    0x08000232   0x00000004   Code   RO          668    .ARM.Collect$$rtentry$$0000000A  c_w.l(__rtentry2.o)
    0x08000236   0x00000000   Code   RO          670    .ARM.Collect$$rtentry$$0000000C  c_w.l(__rtentry2.o)
    0x08000236   0x00000008   Code   RO          671    .ARM.Collect$$rtentry$$0000000D  c_w.l(__rtentry2.o)
    0x0800023e   0x00000002   Code   RO          788    .ARM.Collect$$rtexit$$00000000  c_w.l(rtexit.o)
    0x08000240   0x00000000   Code   RO          795    .ARM.Collect$$rtexit$$00000002  c_w.l(rtexit2.o)
    0x08000240   0x00000004   Code   RO          796    .ARM.Collect$$rtexit$$00000003  c_w.l(rtexit2.o)
    0x08000244   0x00000006   Code   RO          797    .ARM.Collect$$rtexit$$00000004  c_w.l(rtexit2.o)
    0x0800024a   0x00000002   PAD
    0x0800024c   0x00000350   Code   RO            1    .text               main.o
    0x0800059c   0x0000001a   Code   RO          149    .text               stm32f10x_it.o
    0x080005b6   0x00000002   PAD
    0x080005b8   0x000001e0   Code   RO          190    .text               system_stm32f10x.o
    0x08000798   0x000000b0   Code   RO          220    .text               key.o
    0x08000848   0x000000e8   Code   RO          233    .text               adc.o
    0x08000930   0x000000b8   Code   RO          245    .text               dac.o
    0x080009e8   0x000000ec   Code   RO          257    .text               timer.o
    0x08000ad4   0x000005d0   Code   RO          273    .text               oled.o
    0x080010a4   0x000000d4   Code   RO          292    .text               delay.o
    0x08001178   0x00000140   Code   RO          323    .text               usart.o
    0x080012b8   0x00000040   Code   RO          359    .text               startup_stm32f10x_hd.o
    0x080012f8   0x000000dc   Code   RO          363    .text               misc.o
    0x080013d4   0x0000044e   Code   RO          375    .text               stm32f10x_adc.o
    0x08001822   0x00000002   PAD
    0x08001824   0x0000035c   Code   RO          399    .text               stm32f10x_gpio.o
    0x08001b80   0x00000408   Code   RO          411    .text               stm32f10x_usart.o
    0x08001f88   0x0000018c   Code   RO          423    .text               stm32f10x_dac.o
    0x08002114   0x000003a4   Code   RO          435    .text               stm32f10x_rcc.o
    0x080024b8   0x00000e1a   Code   RO          449    .text               stm32f10x_tim.o
    0x080032d2   0x00000002   PAD
    0x080032d4   0x00000c38   Code   RO          461    .text               usmart.o
    0x08003f0c   0x00000528   Code   RO          493    .text               usmart_str.o
    0x08004434   0x00000002   Code   RO          507    .text               c_w.l(use_no_semi_2.o)
    0x08004436   0x00000002   PAD
    0x08004438   0x00000018   Code   RO          513    .text               c_w.l(noretval__2printf.o)
    0x08004450   0x00000028   Code   RO          515    .text               c_w.l(noretval__2sprintf.o)
    0x08004478   0x0000004e   Code   RO          519    .text               c_w.l(_printf_pad.o)
    0x080044c6   0x00000052   Code   RO          521    .text               c_w.l(_printf_str.o)
    0x08004518   0x00000078   Code   RO          523    .text               c_w.l(_printf_dec.o)
    0x08004590   0x00000058   Code   RO          528    .text               c_w.l(_printf_hex_int.o)
    0x080045e8   0x00000188   Code   RO          563    .text               c_w.l(__printf_flags_ss_wp.o)
    0x08004770   0x00000006   Code   RO          573    .text               c_w.l(heapauxi.o)
    0x08004776   0x00000002   Code   RO          635    .text               c_w.l(use_no_semi.o)
    0x08004778   0x000000b2   Code   RO          638    .text               c_w.l(_printf_intcommon.o)
    0x0800482a   0x0000041a   Code   RO          640    .text               c_w.l(_printf_fp_dec.o)
    0x08004c44   0x00000030   Code   RO          642    .text               c_w.l(_printf_char_common.o)
    0x08004c74   0x0000000a   Code   RO          644    .text               c_w.l(_sputc.o)
    0x08004c7e   0x0000002c   Code   RO          646    .text               c_w.l(_printf_char.o)
    0x08004caa   0x00000002   PAD
    0x08004cac   0x00000024   Code   RO          648    .text               c_w.l(_printf_char_file.o)
    0x08004cd0   0x00000008   Code   RO          682    .text               c_w.l(rt_locale_intlibspace.o)
    0x08004cd8   0x0000008a   Code   RO          684    .text               c_w.l(lludiv10.o)
    0x08004d62   0x00000002   PAD
    0x08004d64   0x00000080   Code   RO          686    .text               c_w.l(_printf_fp_infnan.o)
    0x08004de4   0x000000dc   Code   RO          690    .text               c_w.l(bigflt0.o)
    0x08004ec0   0x00000008   Code   RO          715    .text               c_w.l(ferror.o)
    0x08004ec8   0x00000008   Code   RO          728    .text               c_w.l(libspace.o)
    0x08004ed0   0x0000004a   Code   RO          731    .text               c_w.l(sys_stackheap_outer.o)
    0x08004f1a   0x0000000c   Code   RO          733    .text               c_w.l(exit.o)
    0x08004f26   0x00000002   PAD
    0x08004f28   0x00000080   Code   RO          735    .text               c_w.l(strcmpv7m.o)
    0x08004fa8   0x0000003e   Code   RO          693    CL$$btod_d2e        c_w.l(btod.o)
    0x08004fe6   0x00000046   Code   RO          695    CL$$btod_d2e_denorm_low  c_w.l(btod.o)
    0x0800502c   0x00000060   Code   RO          694    CL$$btod_d2e_norm_op1  c_w.l(btod.o)
    0x0800508c   0x00000338   Code   RO          703    CL$$btod_div_common  c_w.l(btod.o)
    0x080053c4   0x000000c6   Code   RO          700    CL$$btod_e2e        c_w.l(btod.o)
    0x0800548a   0x00000028   Code   RO          697    CL$$btod_ediv       c_w.l(btod.o)
    0x080054b2   0x00000028   Code   RO          696    CL$$btod_emul       c_w.l(btod.o)
    0x080054da   0x00000244   Code   RO          702    CL$$btod_mult_common  c_w.l(btod.o)
    0x0800571e   0x00000028   Code   RO          726    i.__ARM_fpclassify  m_ws.l(fpclassify.o)
    0x08005746   0x0000000e   Code   RO          556    i._is_digit         c_w.l(__printf_wp.o)
    0x08005754   0x0000002c   Code   RO          720    locale$$code        c_w.l(lc_numeric_c.o)
    0x08005780   0x00000062   Code   RO          577    x$fpl$d2f           fz_ws.l(d2f.o)
    0x080057e2   0x00000002   PAD
    0x080057e4   0x00000150   Code   RO          579    x$fpl$dadd          fz_ws.l(daddsub_clz.o)
    0x08005934   0x00000018   Code   RO          722    x$fpl$dcmpinf       fz_ws.l(dcmpi.o)
    0x0800594c   0x000002b0   Code   RO          586    x$fpl$ddiv          fz_ws.l(ddiv.o)
    0x08005bfc   0x0000005e   Code   RO          589    x$fpl$dfix          fz_ws.l(dfix.o)
    0x08005c5a   0x00000002   PAD
    0x08005c5c   0x0000005a   Code   RO          593    x$fpl$dfixu         fz_ws.l(dfixu.o)
    0x08005cb6   0x0000002e   Code   RO          598    x$fpl$dflt          fz_ws.l(dflt_clz.o)
    0x08005ce4   0x00000026   Code   RO          597    x$fpl$dfltu         fz_ws.l(dflt_clz.o)
    0x08005d0a   0x00000002   PAD
    0x08005d0c   0x00000078   Code   RO          651    x$fpl$dleqf         fz_ws.l(dleqf.o)
    0x08005d84   0x00000154   Code   RO          603    x$fpl$dmul          fz_ws.l(dmul.o)
    0x08005ed8   0x0000009c   Code   RO          653    x$fpl$dnaninf       fz_ws.l(dnaninf.o)
    0x08005f74   0x0000000c   Code   RO          655    x$fpl$dretinf       fz_ws.l(dretinf.o)
    0x08005f80   0x0000006c   Code   RO          605    x$fpl$drleqf        fz_ws.l(drleqf.o)
    0x08005fec   0x000001d4   Code   RO          581    x$fpl$dsub          fz_ws.l(daddsub_clz.o)
    0x080061c0   0x00000056   Code   RO          607    x$fpl$f2d           fz_ws.l(f2d.o)
    0x08006216   0x00000002   PAD
    0x08006218   0x000000c4   Code   RO          609    x$fpl$fadd          fz_ws.l(faddsub_clz.o)
    0x080062dc   0x00000018   Code   RO          657    x$fpl$fcmpinf       fz_ws.l(fcmpi.o)
    0x080062f4   0x00000184   Code   RO          616    x$fpl$fdiv          fz_ws.l(fdiv.o)
    0x08006478   0x0000003e   Code   RO          619    x$fpl$ffixu         fz_ws.l(ffixu.o)
    0x080064b6   0x00000002   PAD
    0x080064b8   0x00000026   Code   RO          623    x$fpl$ffltu         fz_ws.l(fflt_clz.o)
    0x080064de   0x00000002   PAD
    0x080064e0   0x00000068   Code   RO          629    x$fpl$fleqf         fz_ws.l(fleqf.o)
    0x08006548   0x00000102   Code   RO          631    x$fpl$fmul          fz_ws.l(fmul.o)
    0x0800664a   0x0000008c   Code   RO          659    x$fpl$fnaninf       fz_ws.l(fnaninf.o)
    0x080066d6   0x0000000a   Code   RO          661    x$fpl$fretinf       fz_ws.l(fretinf.o)
    0x080066e0   0x00000014   Code   RO          610    x$fpl$frsb          fz_ws.l(faddsub_clz.o)
    0x080066f4   0x000000ea   Code   RO          611    x$fpl$fsub          fz_ws.l(faddsub_clz.o)
    0x080067de   0x00000004   Code   RO          633    x$fpl$printf1       fz_ws.l(printf1.o)
    0x080067e2   0x00000000   Code   RO          663    x$fpl$usenofp       fz_ws.l(usenofp.o)
    0x080067e2   0x00000818   Data   RO          274    .constdata          oled.o
    0x08006ffa   0x00000028   Data   RO          529    .constdata          c_w.l(_printf_hex_int.o)
    0x08007022   0x00000011   Data   RO          564    .constdata          c_w.l(__printf_flags_ss_wp.o)
    0x08007033   0x00000001   PAD
    0x08007034   0x00000094   Data   RO          691    .constdata          c_w.l(bigflt0.o)
    0x080070c8   0x00000028   Data   RO          462    .conststring        usmart.o
    0x080070f0   0x00000087   Data   RO          477    .conststring        usmart_config.o
    0x08007177   0x00000001   PAD
    0x08007178   0x00000020   Data   RO          862    Region$$Table       anon$$obj.o
    0x08007198   0x0000001c   Data   RO          719    locale$$data        c_w.l(lc_numeric_c.o)


    Execution Region RW_IRAM1 (Base: 0x20000000, Size: 0x00001150, Max: 0x00010000, ABSOLUTE, COMPRESSED[0x00000394])

    Base Addr    Size         Type   Attr      Idx    E Section Name        Object

    0x20000000   0x00000021   Data   RW            3    .data               main.o
    0x20000021   0x00000003   PAD
    0x20000024   0x00000014   Data   RW          191    .data               system_stm32f10x.o
    0x20000038   0x00000001   Data   RW          221    .data               key.o
    0x20000039   0x00000800   Data   RW          275    .data               oled.o
    0x20000839   0x00000001   PAD
    0x2000083a   0x00000004   Data   RW          293    .data               delay.o
    0x2000083e   0x00000002   PAD
    0x20000840   0x00000006   Data   RW          325    .data               usart.o
    0x20000846   0x00000014   Data   RW          436    .data               stm32f10x_rcc.o
    0x2000085a   0x00000002   PAD
    0x2000085c   0x0000001c   Data   RW          463    .data               usmart.o
    0x20000878   0x0000011c   Data   RW          478    .data               usmart_config.o
    0x20000994   0x00000004   PAD
    0x20000998   0x0000008c   Zero   RW            2    .bss                main.o
    0x20000a24   0x000000c8   Zero   RW          324    .bss                usart.o
    0x20000aec   0x00000060   Zero   RW          729    .bss                c_w.l(libspace.o)
    0x20000b4c   0x00000004   PAD
    0x20000b50   0x00000200   Zero   RW          357    HEAP                startup_stm32f10x_hd.o
    0x20000d50   0x00000400   Zero   RW          356    STACK               startup_stm32f10x_hd.o


==============================================================================

Image component sizes


      Code (inc. data)   RO Data    RW Data    ZI Data      Debug   Object Name

       232          8          0          0          0       1075   adc.o
       184         14          0          0          0        781   dac.o
       212         18          0          4          0       1031   delay.o
       176         14          0          1          0        792   key.o
       848        120          0         33        140     269218   main.o
       220         22          0          0          0       1809   misc.o
      1488         24       2072       2048          0       6539   oled.o
        64         26        304          0       1536        792   startup_stm32f10x_hd.o
      1102         26          0          0          0      10841   stm32f10x_adc.o
       396          6          0          0          0       3662   stm32f10x_dac.o
       860         38          0          0          0       5653   stm32f10x_gpio.o
        26          0          0          0          0       1186   stm32f10x_it.o
       932         36          0         20          0       8828   stm32f10x_rcc.o
      3610         88          0          0          0      22136   stm32f10x_tim.o
      1032         22          0          0          0       8380   stm32f10x_usart.o
         0          0          0          0          0         32   sys.o
       480         38          0         20          0       1755   system_stm32f10x.o
       236         14          0          0          0       1026   timer.o
       320         16          0          6        200       3202   usart.o
      3128       1288         40         28          0       4330   usmart.o
         0          0        135        284          0       1640   usmart_config.o
      1320         12          0          0          0       5061   usmart_str.o

    ----------------------------------------------------------------------
     16872       1830       2584       2452       1880     359769   Object Totals
         0          0         32          0          0          0   (incl. Generated)
         6          0          1          8          4          0   (incl. Padding)

    ----------------------------------------------------------------------

      Code (inc. data)   RO Data    RW Data    ZI Data      Debug   Library Member Name

       100          0          0          0          0          0   __dclz77c.o
         8          0          0          0          0         68   __main.o
       392          4         17          0          0         92   __printf_flags_ss_wp.o
        14          0          0          0          0         68   __printf_wp.o
         0          0          0          0          0          0   __rtentry.o
        12          0          0          0          0          0   __rtentry2.o
         6          0          0          0          0          0   __rtentry4.o
        52          8          0          0          0          0   __scatter.o
        28          0          0          0          0          0   __scatter_zi.o
         6          0          0          0          0          0   _printf_c.o
        44          0          0          0          0        108   _printf_char.o
        48          6          0          0          0         96   _printf_char_common.o
        36          4          0          0          0         80   _printf_char_file.o
         6          0          0          0          0          0   _printf_d.o
       120         16          0          0          0         92   _printf_dec.o
         6          0          0          0          0          0   _printf_f.o
      1050          0          0          0          0        216   _printf_fp_dec.o
       128         16          0          0          0         84   _printf_fp_infnan.o
        88          4         40          0          0         88   _printf_hex_int.o
       178          0          0          0          0         88   _printf_intcommon.o
        78          0          0          0          0        108   _printf_pad.o
         0          0          0          0          0          0   _printf_percent.o
         4          0          0          0          0          0   _printf_percent_end.o
         6          0          0          0          0          0   _printf_s.o
        82          0          0          0          0         80   _printf_str.o
         6          0          0          0          0          0   _printf_u.o
         6          0          0          0          0          0   _printf_x.o
        10          0          0          0          0         68   _sputc.o
       220          4        148          0          0         96   bigflt0.o
      1910        128          0          0          0        672   btod.o
        12          0          0          0          0         72   exit.o
         8          0          0          0          0         68   ferror.o
         6          0          0          0          0        152   heapauxi.o
        44         10         28          0          0         76   lc_numeric_c.o
         2          0          0          0          0          0   libinit.o
        18          0          0          0          0          0   libinit2.o
         2          0          0          0          0          0   libshutdown.o
         2          0          0          0          0          0   libshutdown2.o
         8          4          0          0         96         68   libspace.o
       138          0          0          0          0         80   lludiv10.o
        24          4          0          0          0         84   noretval__2printf.o
        40          6          0          0          0         84   noretval__2sprintf.o
         8          4          0          0          0         68   rt_locale_intlibspace.o
         2          0          0          0          0          0   rtexit.o
        10          0          0          0          0          0   rtexit2.o
       128          0          0          0          0         68   strcmpv7m.o
        74          0          0          0          0         80   sys_stackheap_outer.o
         2          0          0          0          0         68   use_no_semi.o
         2          0          0          0          0         68   use_no_semi_2.o
        98          4          0          0          0         92   d2f.o
       804         16          0          0          0        272   daddsub_clz.o
        24          0          0          0          0         68   dcmpi.o
       688        140          0          0          0        208   ddiv.o
        94          4          0          0          0         92   dfix.o
        90          4          0          0          0         92   dfixu.o
        84          0          0          0          0        136   dflt_clz.o
       120          4          0          0          0         92   dleqf.o
       340         12          0          0          0        104   dmul.o
       156          4          0          0          0         92   dnaninf.o
        12          0          0          0          0         68   dretinf.o
       108          0          0          0          0         80   drleqf.o
        86          4          0          0          0         84   f2d.o
       450          8          0          0          0        236   faddsub_clz.o
        24          0          0          0          0         68   fcmpi.o
       388         76          0          0          0         96   fdiv.o
        62          4          0          0          0         84   ffixu.o
        38          0          0          0          0         68   fflt_clz.o
       104          4          0          0          0         84   fleqf.o
       258          4          0          0          0         84   fmul.o
       140          4          0          0          0         84   fnaninf.o
        10          0          0          0          0         68   fretinf.o
         4          0          0          0          0         68   printf1.o
         0          0          0          0          0          0   usenofp.o
        40          0          0          0          0         68   fpclassify.o

    ----------------------------------------------------------------------
      9418        510        234          0        100       5628   Library Totals
        22          0          1          0          4          0   (incl. Padding)

    ----------------------------------------------------------------------

      Code (inc. data)   RO Data    RW Data    ZI Data      Debug   Library Name

      5174        218        233          0         96       3140   c_w.l
      4182        292          0          0          0       2420   fz_ws.l
        40          0          0          0          0         68   m_ws.l

    ----------------------------------------------------------------------
      9418        510        234          0        100       5628   Library Totals

    ----------------------------------------------------------------------

==============================================================================


      Code (inc. data)   RO Data    RW Data    ZI Data      Debug   

     26290       2340       2818       2452       1980     360453   Grand Totals
     26290       2340       2818        916       1980     360453   ELF Image Totals (compressed)
     26290       2340       2818        916          0          0   ROM Totals

==============================================================================

    Total RO  Size (Code + RO Data)                29108 (  28.43kB)
    Total RW  Size (RW Data + ZI Data)              4432 (   4.33kB)
    Total ROM Size (Code + RO Data + RW Data)      30024 (  29.32kB)

==============================================================================

