Component: ARM Compiler 5.05 update 1 (build 106) Tool: armlink [4d0efa]

==============================================================================

Section Cross References

    main.o(i.main) refers to misc.o(i.NVIC_PriorityGroupConfig) for NVIC_PriorityGroupConfig
    main.o(i.main) refers to delay.o(i.delay_init) for delay_init
    main.o(i.main) refers to key.o(i.KEY_Init) for KEY_Init
    main.o(i.main) refers to gpio.o(i.LED_Init1) for LED_Init1
    main.o(i.main) refers to exti.o(i.EXTIX_Init) for EXTIX_Init
    main.o(i.main) refers to uart_tft_bsp.o(i.uart2_init) for uart2_init
    main.o(i.main) refers to uart_tft_bsp.o(i.uart3_init) for uart3_init
    main.o(i.main) refers to as608.o(i.PS_StaGPIO_Init) for PS_StaGPIO_Init
    main.o(i.main) refers to adc.o(i.Adc_Init) for Adc_Init
    main.o(i.main) refers to delay.o(i.delay_ms) for delay_ms
    main.o(i.main) refers to as608.o(i.PS_HandShake) for PS_HandShake
    main.o(i.main) refers to as608.o(i.press_FR) for press_FR
    main.o(i.main) refers to __2printf.o(.text) for __2printf
    main.o(i.main) refers to c89printf.o(.text) for __c89printf
    main.o(i.main) refers to stm32f10x_gpio.o(i.GPIO_ReadInputDataBit) for GPIO_ReadInputDataBit
    main.o(i.main) refers to as608.o(i.Add_FR) for Add_FR
    main.o(i.main) refers to gpio.o(i.ledSwitch) for ledSwitch
    main.o(i.main) refers to gpio.o(i.ledRefresh) for ledRefresh
    main.o(i.main) refers to gpio.o(i.ledAuto) for ledAuto
    main.o(i.main) refers to as608.o(.data) for AS608Addr
    main.o(i.main) refers to uart_tft_bsp.o(.data) for TFT_Command
    main.o(i.main) refers to main.o(.data) for sendEnd
    adc.o(i.Adc_Init) refers to stm32f10x_rcc.o(i.RCC_APB2PeriphClockCmd) for RCC_APB2PeriphClockCmd
    adc.o(i.Adc_Init) refers to stm32f10x_rcc.o(i.RCC_ADCCLKConfig) for RCC_ADCCLKConfig
    adc.o(i.Adc_Init) refers to stm32f10x_gpio.o(i.GPIO_Init) for GPIO_Init
    adc.o(i.Adc_Init) refers to stm32f10x_adc.o(i.ADC_DeInit) for ADC_DeInit
    adc.o(i.Adc_Init) refers to stm32f10x_adc.o(i.ADC_Init) for ADC_Init
    adc.o(i.Adc_Init) refers to stm32f10x_adc.o(i.ADC_Cmd) for ADC_Cmd
    adc.o(i.Adc_Init) refers to stm32f10x_adc.o(i.ADC_ResetCalibration) for ADC_ResetCalibration
    adc.o(i.Adc_Init) refers to stm32f10x_adc.o(i.ADC_GetResetCalibrationStatus) for ADC_GetResetCalibrationStatus
    adc.o(i.Adc_Init) refers to stm32f10x_adc.o(i.ADC_StartCalibration) for ADC_StartCalibration
    adc.o(i.Adc_Init) refers to stm32f10x_adc.o(i.ADC_GetCalibrationStatus) for ADC_GetCalibrationStatus
    adc.o(i.Get_Adc) refers to stm32f10x_adc.o(i.ADC_RegularChannelConfig) for ADC_RegularChannelConfig
    adc.o(i.Get_Adc) refers to stm32f10x_adc.o(i.ADC_SoftwareStartConvCmd) for ADC_SoftwareStartConvCmd
    adc.o(i.Get_Adc) refers to stm32f10x_adc.o(i.ADC_GetFlagStatus) for ADC_GetFlagStatus
    adc.o(i.Get_Adc) refers to stm32f10x_adc.o(i.ADC_GetConversionValue) for ADC_GetConversionValue
    adc.o(i.Get_Adc_Average) refers to adc.o(i.Get_Adc) for Get_Adc
    adc.o(i.Get_Adc_Average) refers to delay.o(i.delay_ms) for delay_ms
    key.o(i.KEY_Init) refers to stm32f10x_rcc.o(i.RCC_APB2PeriphClockCmd) for RCC_APB2PeriphClockCmd
    key.o(i.KEY_Init) refers to stm32f10x_gpio.o(i.GPIO_Init) for GPIO_Init
    key.o(i.KEY_Scan) refers to stm32f10x_gpio.o(i.GPIO_ReadInputDataBit) for GPIO_ReadInputDataBit
    key.o(i.KEY_Scan) refers to delay.o(i.delay_ms) for delay_ms
    key.o(i.KEY_Scan) refers to key.o(.data) for key_up
    timer.o(i.TIM1_PWM_Init) refers to stm32f10x_rcc.o(i.RCC_APB2PeriphClockCmd) for RCC_APB2PeriphClockCmd
    timer.o(i.TIM1_PWM_Init) refers to stm32f10x_gpio.o(i.GPIO_PinRemapConfig) for GPIO_PinRemapConfig
    timer.o(i.TIM1_PWM_Init) refers to stm32f10x_gpio.o(i.GPIO_Init) for GPIO_Init
    timer.o(i.TIM1_PWM_Init) refers to stm32f10x_tim.o(i.TIM_TimeBaseInit) for TIM_TimeBaseInit
    timer.o(i.TIM1_PWM_Init) refers to stm32f10x_tim.o(i.TIM_ARRPreloadConfig) for TIM_ARRPreloadConfig
    timer.o(i.TIM1_PWM_Init) refers to stm32f10x_tim.o(i.TIM_OC1Init) for TIM_OC1Init
    timer.o(i.TIM1_PWM_Init) refers to stm32f10x_tim.o(i.TIM_OC1PreloadConfig) for TIM_OC1PreloadConfig
    timer.o(i.TIM1_PWM_Init) refers to stm32f10x_tim.o(i.TIM_Cmd) for TIM_Cmd
    timer.o(i.TIM1_PWM_Init) refers to stm32f10x_tim.o(i.TIM_CtrlPWMOutputs) for TIM_CtrlPWMOutputs
    timer.o(i.TIM2_IRQHandler) refers to stm32f10x_tim.o(i.TIM_GetITStatus) for TIM_GetITStatus
    timer.o(i.TIM2_IRQHandler) refers to stm32f10x_tim.o(i.TIM_ClearITPendingBit) for TIM_ClearITPendingBit
    timer.o(i.TIM2_Int_Init) refers to stm32f10x_rcc.o(i.RCC_APB1PeriphClockCmd) for RCC_APB1PeriphClockCmd
    timer.o(i.TIM2_Int_Init) refers to stm32f10x_tim.o(i.TIM_TimeBaseInit) for TIM_TimeBaseInit
    timer.o(i.TIM2_Int_Init) refers to stm32f10x_tim.o(i.TIM_ITConfig) for TIM_ITConfig
    timer.o(i.TIM2_Int_Init) refers to misc.o(i.NVIC_Init) for NVIC_Init
    timer.o(i.TIM2_Int_Init) refers to stm32f10x_tim.o(i.TIM_Cmd) for TIM_Cmd
[...]
    i.PS_StaGPIO_Init                        0x08002354   Section        0  as608.o(i.PS_StaGPIO_Init)
    i.PS_StoreChar                           0x08002380   Section        0  as608.o(i.PS_StoreChar)
    i.PS_ValidTempleteNum                    0x080023e0   Section        0  as608.o(i.PS_ValidTempleteNum)
    i.PendSV_Handler                         0x0800242a   Section        0  stm32f10x_it.o(i.PendSV_Handler)
    i.RCC_ADCCLKConfig                       0x0800242c   Section        0  stm32f10x_rcc.o(i.RCC_ADCCLKConfig)
    i.RCC_APB1PeriphClockCmd                 0x08002444   Section        0  stm32f10x_rcc.o(i.RCC_APB1PeriphClockCmd)
    i.RCC_APB1PeriphResetCmd                 0x08002464   Section        0  stm32f10x_rcc.o(i.RCC_APB1PeriphResetCmd)
    i.RCC_APB2PeriphClockCmd                 0x08002484   Section        0  stm32f10x_rcc.o(i.RCC_APB2PeriphClockCmd)
    i.RCC_APB2PeriphResetCmd                 0x080024a4   Section        0  stm32f10x_rcc.o(i.RCC_APB2PeriphResetCmd)
    i.RCC_GetClocksFreq                      0x080024c4   Section        0  stm32f10x_rcc.o(i.RCC_GetClocksFreq)
    i.RTC_ClearITPendingBit                  0x08002598   Section        0  stm32f10x_rtc.o(i.RTC_ClearITPendingBit)
    i.RTC_Get                                0x080025a8   Section        0  rtc.o(i.RTC_Get)
    i.RTC_GetCounter                         0x080026a8   Section        0  stm32f10x_rtc.o(i.RTC_GetCounter)
    i.RTC_GetITStatus                        0x080026bc   Section        0  stm32f10x_rtc.o(i.RTC_GetITStatus)
    i.RTC_Get_Week                           0x080026e0   Section        0  rtc.o(i.RTC_Get_Week)
    i.RTC_IRQHandler                         0x08002758   Section        0  rtc.o(i.RTC_IRQHandler)
    i.RTC_WaitForLastTask                    0x08002780   Section        0  stm32f10x_rtc.o(i.RTC_WaitForLastTask)
    i.SDIO_ClearFlag                         0x08002794   Section        0  stm32f10x_sdio.o(i.SDIO_ClearFlag)
    i.SDIO_GetFlagStatus                     0x080027a0   Section        0  stm32f10x_sdio.o(i.SDIO_GetFlagStatus)
    i.SDIO_IRQHandler                        0x080027b8   Section        0  sdio_sdcard.o(i.SDIO_IRQHandler)
    i.SDIO_SendCommand                       0x080027c0   Section        0  stm32f10x_sdio.o(i.SDIO_SendCommand)
    i.SD_ProcessIRQSrc                       0x080027ec   Section        0  sdio_sdcard.o(i.SD_ProcessIRQSrc)
    i.SVC_Handler                            0x08002928   Section        0  stm32f10x_it.o(i.SVC_Handler)
    i.SendAddr                               0x0800292c   Section        0  as608.o(i.SendAddr)
    SendAddr                                 0x0800292d   Thumb Code    46  as608.o(i.SendAddr)
    i.SendCheck                              0x08002960   Section        0  as608.o(i.SendCheck)
    SendCheck                                0x08002961   Thumb Code    18  as608.o(i.SendCheck)
    i.SendFlag                               0x08002972   Section        0  as608.o(i.SendFlag)
    SendFlag                                 0x08002973   Thumb Code    12  as608.o(i.SendFlag)
    i.SendHead                               0x0800297e   Section        0  as608.o(i.SendHead)
    SendHead                                 0x0800297f   Thumb Code    16  as608.o(i.SendHead)
    i.SendLength                             0x0800298e   Section        0  as608.o(i.SendLength)
    SendLength                               0x0800298f   Thumb Code    20  as608.o(i.SendLength)
    i.Sendcmd                                0x080029a2   Section        0  as608.o(i.Sendcmd)
    Sendcmd                                  0x080029a3   Thumb Code    12  as608.o(i.Sendcmd)
    i.SetSysClock                            0x080029ae   Section        0  system_stm32f10x.o(i.SetSysClock)
    SetSysClock                              0x080029af   Thumb Code     8  system_stm32f10x.o(i.SetSysClock)
    i.SetSysClockTo72                        0x080029b8   Section        0  system_stm32f10x.o(i.SetSysClockTo72)
    SetSysClockTo72                          0x080029b9   Thumb Code   214  system_stm32f10x.o(i.SetSysClockTo72)
    i.SysTick_CLKSourceConfig                0x08002a98   Section        0  misc.o(i.SysTick_CLKSourceConfig)
    i.SysTick_Handler                        0x08002ac0   Section        0  stm32f10x_it.o(i.SysTick_Handler)
    i.SystemInit                             0x08002ac4   Section        0  system_stm32f10x.o(i.SystemInit)
    i.TIM2_IRQHandler                        0x08002b24   Section        0  timer.o(i.TIM2_IRQHandler)
    i.TIM3_IRQHandler                        0x08002b3c   Section        0  timer.o(i.TIM3_IRQHandler)
    i.TIM7_IRQHandler                        0x08002bac   Section        0  timer.o(i.TIM7_IRQHandler)
    i.TIM7_Int_Init                          0x08002be0   Section        0  timer.o(i.TIM7_Int_Init)
    i.TIM_ClearITPendingBit                  0x08002c40   Section        0  stm32f10x_tim.o(i.TIM_ClearITPendingBit)
    i.TIM_Cmd                                0x08002c46   Section        0  stm32f10x_tim.o(i.TIM_Cmd)
    i.TIM_GetITStatus                        0x08002c5e   Section        0  stm32f10x_tim.o(i.TIM_GetITStatus)
    i.TIM_ITConfig                           0x08002c80   Section        0  stm32f10x_tim.o(i.TIM_ITConfig)
    i.TIM_SetCounter                         0x08002c92   Section        0  stm32f10x_tim.o(i.TIM_SetCounter)
    i.TIM_TimeBaseInit                       0x08002c98   Section        0  stm32f10x_tim.o(i.TIM_TimeBaseInit)
    i.USART1_IRQHandler                      0x08002d3c   Section        0  uart_tft_bsp.o(i.USART1_IRQHandler)
    i.USART2_IRQHandler                      0x08002dc4   Section        0  uart_tft_bsp.o(i.USART2_IRQHandler)
    i.USART3_IRQHandler                      0x08002e5c   Section        0  uart_tft_bsp.o(i.USART3_IRQHandler)
    i.USART_ClearFlag                        0x08002ecc   Section        0  stm32f10x_usart.o(i.USART_ClearFlag)
    i.USART_Cmd                              0x08002ede   Section        0  stm32f10x_usart.o(i.USART_Cmd)
    i.USART_DeInit                           0x08002ef8   Section        0  stm32f10x_usart.o(i.USART_DeInit)
    i.USART_GetITStatus                      0x08002f94   Section        0  stm32f10x_usart.o(i.USART_GetITStatus)
    i.USART_ITConfig                         0x08002fe8   Section        0  stm32f10x_usart.o(i.USART_ITConfig)
    i.USART_Init                             0x08003034   Section        0  stm32f10x_usart.o(i.USART_Init)
    i.USART_ReceiveData                      0x0800310c   Section        0  stm32f10x_usart.o(i.USART_ReceiveData)
    i.UsageFault_Handler                     0x08003116   Section        0  stm32f10x_it.o(i.UsageFault_Handler)
    i.__ARM_fpclassify                       0x0800311a   Section        0  fpclassify.o(i.__ARM_fpclassify)
    i._is_digit                              0x08003142   Section        0  __printf_wp.o(i._is_digit)
    i._sys_exit                              0x08003150   Section        0  uart_tft_bsp.o(i._sys_exit)
    i.delay_init                             0x08003154   Section        0  delay.o(i.delay_init)
    i.delay_ms                               0x08003198   Section        0  delay.o(i.delay_ms)
    i.fputc                                  0x080031e4   Section        0  uart_tft_bsp.o(i.fputc)
    i.ledAuto                                0x08003200   Section        0  gpio.o(i.ledAuto)
    i.ledRefresh                             0x08003278   Section        0  gpio.o(i.ledRefresh)
    i.ledSwitch                              0x08003348   Section        0  gpio.o(i.ledSwitch)
    i.main                                   0x080033b8   Section        0  main.o(i.main)
    i.press_FR                               0x08003500   Section        0  as608.o(i.press_FR)
    i.uart2_init                             0x080035f0   Section        0  uart_tft_bsp.o(i.uart2_init)
    i.uart3_init                             0x08003698   Section        0  uart_tft_bsp.o(i.uart3_init)
    locale$$code                             0x08003768   Section       44  lc_numeric_c.o(locale$$code)
    locale$$code                             0x08003794   Section       44  lc_ctype_c.o(locale$$code)
    x$fpl$d2f                                0x080037c0   Section       98  d2f.o(x$fpl$d2f)
    x$fpl$dmul                               0x08003824   Section      340  dmul.o(x$fpl$dmul)
    x$fpl$dnaninf                            0x08003978   Section      156  dnaninf.o(x$fpl$dnaninf)
    x$fpl$dretinf                            0x08003a14   Section       12  dretinf.o(x$fpl$dretinf)
    x$fpl$f2d                                0x08003a20   Section       86  f2d.o(x$fpl$f2d)
    x$fpl$fcmpinf                            0x08003a76   Section       24  fcmpi.o(x$fpl$fcmpinf)
    x$fpl$ffltu                              0x08003a90   Section       38  fflt_clz.o(x$fpl$ffltu)
    x$fpl$fleqf                              0x08003ab8   Section      104  fleqf.o(x$fpl$fleqf)
    x$fpl$fnaninf                            0x08003b20   Section      140  fnaninf.o(x$fpl$fnaninf)
    x$fpl$fretinf                            0x08003bac   Section       10  fretinf.o(x$fpl$fretinf)
    x$fpl$printf1                            0x08003bb6   Section        4  printf1.o(x$fpl$printf1)
    .constdata                               0x08003bba   Section       24  rtc.o(.constdata)
    x$fpl$usenofp                            0x08003bba   Section        0  usenofp.o(x$fpl$usenofp)
    .constdata                               0x08003bd2   Section       17  __printf_flags_ss_wp.o(.constdata)
    maptable                                 0x08003bd2   Data          17  __printf_flags_ss_wp.o(.constdata)
    .constdata                               0x08003be4   Section        8  _printf_wctomb.o(.constdata)
    initial_mbstate                          0x08003be4   Data           8  _printf_wctomb.o(.constdata)
    .constdata                               0x08003bec   Section       40  _printf_hex_int_ll_ptr.o(.constdata)
    uc_hextab                                0x08003bec   Data          20  _printf_hex_int_ll_ptr.o(.constdata)
    lc_hextab                                0x08003c00   Data          20  _printf_hex_int_ll_ptr.o(.constdata)
    .constdata                               0x08003c14   Section      148  bigflt0.o(.constdata)
    tenpwrs_x                                0x08003c14   Data          60  bigflt0.o(.constdata)
    tenpwrs_i                                0x08003c50   Data          64  bigflt0.o(.constdata)
    locale$$data                             0x08003cc8   Section       28  lc_numeric_c.o(locale$$data)
    __lcnum_c_name                           0x08003ccc   Data           2  lc_numeric_c.o(locale$$data)
    __lcnum_c_start                          0x08003cd4   Data           0  lc_numeric_c.o(locale$$data)
    __lcnum_c_point                          0x08003ce0   Data           0  lc_numeric_c.o(locale$$data)
    __lcnum_c_thousands                      0x08003ce2   Data           0  lc_numeric_c.o(locale$$data)
    __lcnum_c_grouping                       0x08003ce3   Data           0  lc_numeric_c.o(locale$$data)
    locale$$data                             0x08003ce4   Section      272  lc_ctype_c.o(locale$$data)
    __lcnum_c_end                            0x08003ce4   Data           0  lc_numeric_c.o(locale$$data)
    __lcctype_c_name                         0x08003ce8   Data           2  lc_ctype_c.o(locale$$data)
    __lcctype_c_start                        0x08003cf0   Data           0  lc_ctype_c.o(locale$$data)
    __lcctype_c_end                          0x08003df4   Data           0  lc_ctype_c.o(locale$$data)
    .data                                    0x20000000   Section       12  main.o(.data)
    .data                                    0x2000000c   Section        4  timer.o(.data)
    .data                                    0x20000010   Section       20  uart_tft_bsp.o(.data)
    .data                                    0x20000024   Section       24  as608.o(.data)
    .data                                    0x2000003c   Section        2  rtc.o(.data)
    daycnt                                   0x2000003c   Data           2  rtc.o(.data)
    .data                                    0x20000040   Section       16  sdio_sdcard.o(.data)
    CardType                                 0x20000040   Data           1  sdio_sdcard.o(.data)
    RCA                                      0x20000044   Data           4  sdio_sdcard.o(.data)
    DeviceMode                               0x20000048   Data           1  sdio_sdcard.o(.data)
    StopCondition                            0x20000049   Data           1  sdio_sdcard.o(.data)
    .data                                    0x20000050   Section        1  exti.o(.data)
    .data                                    0x20000052   Section        4  delay.o(.data)
    fac_us                                   0x20000052   Data           1  delay.o(.data)
    fac_ms                                   0x20000054   Data           2  delay.o(.data)
    .data                                    0x20000056   Section       20  stm32f10x_rcc.o(.data)
    APBAHBPrescTable                         0x20000056   Data          16  stm32f10x_rcc.o(.data)
    ADCPrescTable                            0x20000066   Data           4  stm32f10x_rcc.o(.data)
    .data                                    0x2000006c   Section       20  system_stm32f10x.o(.data)
    .bss                                     0x20000080   Section     1102  uart_tft_bsp.o(.bss)
    .bss                                     0x200004ce   Section       10  rtc.o(.bss)
    .bss                                     0x200004d8   Section      704  sdio_sdcard.o(.bss)
    CSD_Tab                                  0x2000051c   Data          16  sdio_sdcard.o(.bss)
    CID_Tab                                  0x2000052c   Data          16  sdio_sdcard.o(.bss)
    .bss                                     0x20000798   Section       96  libspace.o(.bss)
    HEAP                                     0x200007f8   Section      512  startup_stm32f10x_hd.o(HEAP)
    Heap_Mem                                 0x200007f8   Data         512  startup_stm32f10x_hd.o(HEAP)
    STACK                                    0x200009f8   Section     1024  startup_stm32f10x_hd.o(STACK)
    Stack_Mem                                0x200009f8   Data        1024  startup_stm32f10x_hd.o(STACK)
    __initial_sp                             0x20000df8   Data           0  startup_stm32f10x_hd.o(STACK)
    .ARM.__AT_0x68000000                     0x68000000   Section    983040  malloc.o(.ARM.__AT_0x68000000)
    .ARM.__AT_0x680F0000                     0x680f0000   Section    61440  malloc.o(.ARM.__AT_0x680F0000)

    Global Symbols

    Symbol Name                              Value     Ov Type        Size  Object(Section)

    BuildAttributes$$THM_ISAv4$P$D$K$B$S$PE$A:L22UL41UL21$X:L11$S22US41US21$IEEE1$IW$USESV6$~STKCKD$USESV7$~SHL$OTIME$ROPI$IEEEJ$EBA8$UX$STANDARDLIB$REQ8$PRES8$EABIv2 0x00000000   Number         0  anon$$obj.o ABSOLUTE
    __ARM_use_no_argv                        0x00000000   Number         0  main.o ABSOLUTE
    _printf_flags                            0x00000000   Number         0  printf_stubs.o ABSOLUTE
    _printf_return_value                     0x00000000   Number         0  printf_stubs.o ABSOLUTE
    _printf_sizespec                         0x00000000   Number         0  printf_stubs.o ABSOLUTE
    _printf_widthprec                        0x00000000   Number         0  printf_stubs.o ABSOLUTE
    __ARM_exceptions_init                     - Undefined Weak Reference
    __alloca_initialize                       - Undefined Weak Reference
    __arm_preinit_                            - Undefined Weak Reference
    __cpp_initialize__aeabi_                  - Undefined Weak Reference
    __cxa_finalize                            - Undefined Weak Reference
    __sigvec_lookup                           - Undefined Weak Reference
    _atexit_init                              - Undefined Weak Reference
    _call_atexit_fns                          - Undefined Weak Reference
    _clock_init                               - Undefined Weak Reference
    _fp_trap_init                             - Undefined Weak Reference
    _fp_trap_shutdown                         - Undefined Weak Reference
    _get_lc_collate                           - Undefined Weak Reference
    _get_lc_monetary                          - Undefined Weak Reference
    _get_lc_time                              - Undefined Weak Reference
    _getenv_init                              - Undefined Weak Reference
    _handle_redirection                       - Undefined Weak Reference
    _init_alloc                               - Undefined Weak Reference
    _init_user_alloc                          - Undefined Weak Reference
    _initio                                   - Undefined Weak Reference
    _mutex_acquire                            - Undefined Weak Reference
    _mutex_release                            - Undefined Weak Reference
    _printf_fp_hex                            - Undefined Weak Reference
    _printf_mbtowc                            - Undefined Weak Reference
    _printf_wc                                - Undefined Weak Reference
    _rand_init                                - Undefined Weak Reference
    _signal_finish                            - Undefined Weak Reference
    _signal_init                              - Undefined Weak Reference
    _terminate_alloc                          - Undefined Weak Reference
    _terminate_user_alloc                     - Undefined Weak Reference
    _terminateio                              - Undefined Weak Reference
    __Vectors_Size                           0x00000130   Number         0  startup_stm32f10x_hd.o ABSOLUTE
    __Vectors                                0x08000000   Data           4  startup_stm32f10x_hd.o(RESET)
    __Vectors_End                            0x08000130   Data           0  startup_stm32f10x_hd.o(RESET)
    __main                                   0x08000131   Thumb Code     8  __main.o(!!!main)
    __scatterload                            0x08000139   Thumb Code     0  __scatter.o(!!!scatter)
    __scatterload_rt2                        0x08000139   Thumb Code    44  __scatter.o(!!!scatter)
    __scatterload_rt2_thumb_only             0x08000139   Thumb Code     0  __scatter.o(!!!scatter)
    __scatterload_null                       0x08000147   Thumb Code     0  __scatter.o(!!!scatter)
    __scatterload_copy                       0x0800016d   Thumb Code    26  __scatter_copy.o(!!handler_copy)
    __scatterload_zeroinit                   0x08000189   Thumb Code    28  __scatter_zi.o(!!handler_zi)
    _printf_n                                0x080001a5   Thumb Code     0  _printf_n.o(.ARM.Collect$$_printf_percent$$00000001)
    _printf_percent                          0x080001a5   Thumb Code     0  _printf_percent.o(.ARM.Collect$$_printf_percent$$00000000)
    _printf_p                                0x080001ab   Thumb Code     0  _printf_p.o(.ARM.Collect$$_printf_percent$$00000002)
    _printf_f                                0x080001b1   Thumb Code     0  _printf_f.o(.ARM.Collect$$_printf_percent$$00000003)
    _printf_e                                0x080001b7   Thumb Code     0  _printf_e.o(.ARM.Collect$$_printf_percent$$00000004)
    _printf_g                                0x080001bd   Thumb Code     0  _printf_g.o(.ARM.Collect$$_printf_percent$$00000005)
    _printf_a                                0x080001c3   Thumb Code     0  _printf_a.o(.ARM.Collect$$_printf_percent$$00000006)
    _printf_ll                               0x080001c9   Thumb Code     0  _printf_ll.o(.ARM.Collect$$_printf_percent$$00000007)
    _printf_i                                0x080001d3   Thumb Code     0  _printf_i.o(.ARM.Collect$$_printf_percent$$00000008)
    _printf_d                                0x080001d9   Thumb Code     0  _printf_d.o(.ARM.Collect$$_printf_percent$$00000009)
    _printf_u                                0x080001df   Thumb Code     0  _printf_u.o(.ARM.Collect$$_printf_percent$$0000000A)
    _printf_o                                0x080001e5   Thumb Code     0  _printf_o.o(.ARM.Collect$$_printf_percent$$0000000B)
    _printf_x                                0x080001eb   Thumb Code     0  _printf_x.o(.ARM.Collect$$_printf_percent$$0000000C)
    _printf_lli                              0x080001f1   Thumb Code     0  _printf_lli.o(.ARM.Collect$$_printf_percent$$0000000D)
    _printf_lld                              0x080001f7   Thumb Code     0  _printf_lld.o(.ARM.Collect$$_printf_percent$$0000000E)
    _printf_llu                              0x080001fd   Thumb Code     0  _printf_llu.o(.ARM.Collect$$_printf_percent$$0000000F)
    _printf_llo                              0x08000203   Thumb Code     0  _printf_llo.o(.ARM.Collect$$_printf_percent$$00000010)
    _printf_llx                              0x08000209   Thumb Code     0  _printf_llx.o(.ARM.Collect$$_printf_percent$$00000011)
    _printf_l                                0x0800020f   Thumb Code     0  _printf_l.o(.ARM.Collect$$_printf_percent$$00000012)
    _printf_c                                0x08000219   Thumb Code     0  _printf_c.o(.ARM.Collect$$_printf_percent$$00000013)
    _printf_s                                0x0800021f   Thumb Code     0  _printf_s.o(.ARM.Collect$$_printf_percent$$00000014)
    _printf_lc                               0x08000225   Thumb Code     0  _printf_lc.o(.ARM.Collect$$_printf_percent$$00000015)
    _printf_ls                               0x0800022b   Thumb Code     0  _printf_ls.o(.ARM.Collect$$_printf_percent$$00000016)
    _printf_percent_end                      0x08000231   Thumb Code     0  _printf_percent_end.o(.ARM.Collect$$_printf_percent$$00000017)
    __rt_lib_init                            0x08000235   Thumb Code     0  libinit.o(.ARM.Collect$$libinit$$00000000)
    __rt_lib_init_fp_1                       0x08000237   Thumb Code     0  libinit2.o(.ARM.Collect$$libinit$$00000002)
    __rt_lib_init_heap_1                     0x08000237   Thumb Code     0  libinit2.o(.ARM.Collect$$libinit$$0000000A)
    __rt_lib_init_lc_common                  0x08000237   Thumb Code     0  libinit2.o(.ARM.Collect$$libinit$$0000000F)
    __rt_lib_init_preinit_1                  0x08000237   Thumb Code     0  libinit2.o(.ARM.Collect$$libinit$$00000004)
    __rt_lib_init_rand_1                     0x08000237   Thumb Code     0  libinit2.o(.ARM.Collect$$libinit$$0000000E)
    __rt_lib_init_user_alloc_1               0x08000237   Thumb Code     0  libinit2.o(.ARM.Collect$$libinit$$0000000C)
    __rt_lib_init_lc_collate_1               0x0800023d   Thumb Code     0  libinit2.o(.ARM.Collect$$libinit$$00000011)
    __rt_lib_init_lc_ctype_2                 0x0800023d   Thumb Code     0  libinit2.o(.ARM.Collect$$libinit$$00000012)
    __rt_lib_init_lc_ctype_1                 0x08000249   Thumb Code     0  libinit2.o(.ARM.Collect$$libinit$$00000013)
    __rt_lib_init_lc_monetary_1              0x08000249   Thumb Code     0  libinit2.o(.ARM.Collect$$libinit$$00000015)
    __rt_lib_init_lc_numeric_2               0x08000249   Thumb Code     0  libinit2.o(.ARM.Collect$$libinit$$00000016)
    __rt_lib_init_alloca_1                   0x08000253   Thumb Code     0  libinit2.o(.ARM.Collect$$libinit$$0000002E)
    __rt_lib_init_argv_1                     0x08000253   Thumb Code     0  libinit2.o(.ARM.Collect$$libinit$$0000002C)
    __rt_lib_init_atexit_1                   0x08000253   Thumb Code     0  libinit2.o(.ARM.Collect$$libinit$$0000001B)
    __rt_lib_init_clock_1                    0x08000253   Thumb Code     0  libinit2.o(.ARM.Collect$$libinit$$00000021)
    __rt_lib_init_cpp_1                      0x08000253   Thumb Code     0  libinit2.o(.ARM.Collect$$libinit$$00000032)
    __rt_lib_init_exceptions_1               0x08000253   Thumb Code     0  libinit2.o(.ARM.Collect$$libinit$$00000030)
    __rt_lib_init_fp_trap_1                  0x08000253   Thumb Code     0  libinit2.o(.ARM.Collect$$libinit$$0000001F)
    __rt_lib_init_getenv_1                   0x08000253   Thumb Code     0  libinit2.o(.ARM.Collect$$libinit$$00000023)
    __rt_lib_init_lc_numeric_1               0x08000253   Thumb Code     0  libinit2.o(.ARM.Collect$$libinit$$00000017)
    __rt_lib_init_lc_time_1                  0x08000253   Thumb Code     0  libinit2.o(.ARM.Collect$$libinit$$00000019)
    __rt_lib_init_return                     0x08000253   Thumb Code     0  libinit2.o(.ARM.Collect$$libinit$$00000033)
    __rt_lib_init_signal_1                   0x08000253   Thumb Code     0  libinit2.o(.ARM.Collect$$libinit$$0000001D)
    __rt_lib_init_stdio_1                    0x08000253   Thumb Code     0  libinit2.o(.ARM.Collect$$libinit$$00000025)
    __rt_lib_shutdown                        0x08000255   Thumb Code     0  libshutdown.o(.ARM.Collect$$libshutdown$$00000000)
    __rt_lib_shutdown_fp_trap_1              0x08000257   Thumb Code     0  libshutdown2.o(.ARM.Collect$$libshutdown$$00000006)
    __rt_lib_shutdown_heap_1                 0x08000257   Thumb Code     0  libshutdown2.o(.ARM.Collect$$libshutdown$$0000000E)
    __rt_lib_shutdown_return                 0x08000257   Thumb Code     0  libshutdown2.o(.ARM.Collect$$libshutdown$$0000000F)
    __rt_lib_shutdown_signal_1               0x08000257   Thumb Code     0  libshutdown2.o(.ARM.Collect$$libshutdown$$00000009)
    __rt_lib_shutdown_stdio_1                0x08000257   Thumb Code     0  libshutdown2.o(.ARM.Collect$$libshutdown$$00000003)
    __rt_lib_shutdown_user_alloc_1           0x08000257   Thumb Code     0  libshutdown2.o(.ARM.Collect$$libshutdown$$0000000B)
    __rt_entry                               0x08000259   Thumb Code     0  __rtentry.o(.ARM.Collect$$rtentry$$00000000)
    __rt_entry_presh_1                       0x08000259   Thumb Code     0  __rtentry2.o(.ARM.Collect$$rtentry$$00000002)
    __rt_entry_sh                            0x08000259   Thumb Code     0  __rtentry4.o(.ARM.Collect$$rtentry$$00000004)
    __rt_entry_li                            0x0800025f   Thumb Code     0  __rtentry2.o(.ARM.Collect$$rtentry$$0000000A)
    __rt_entry_postsh_1                      0x0800025f   Thumb Code     0  __rtentry2.o(.ARM.Collect$$rtentry$$00000009)
    __rt_entry_main                          0x08000263   Thumb Code     0  __rtentry2.o(.ARM.Collect$$rtentry$$0000000D)
    __rt_entry_postli_1                      0x08000263   Thumb Code     0  __rtentry2.o(.ARM.Collect$$rtentry$$0000000C)
    __rt_exit                                0x0800026b   Thumb Code     0  rtexit.o(.ARM.Collect$$rtexit$$00000000)
    __rt_exit_ls                             0x0800026d   Thumb Code     0  rtexit2.o(.ARM.Collect$$rtexit$$00000003)
    __rt_exit_prels_1                        0x0800026d   Thumb Code     0  rtexit2.o(.ARM.Collect$$rtexit$$00000002)
    __rt_exit_exit                           0x08000271   Thumb Code     0  rtexit2.o(.ARM.Collect$$rtexit$$00000004)
    Reset_Handler                            0x08000279   Thumb Code     8  startup_stm32f10x_hd.o(.text)
    ADC1_2_IRQHandler                        0x08000293   Thumb Code     0  startup_stm32f10x_hd.o(.text)
    ADC3_IRQHandler                          0x08000293   Thumb Code     0  startup_stm32f10x_hd.o(.text)
    CAN1_RX1_IRQHandler                      0x08000293   Thumb Code     0  startup_stm32f10x_hd.o(.text)
    CAN1_SCE_IRQHandler                      0x08000293   Thumb Code     0  startup_stm32f10x_hd.o(.text)
    DMA1_Channel1_IRQHandler                 0x08000293   Thumb Code     0  startup_stm32f10x_hd.o(.text)
    DMA1_Channel2_IRQHandler                 0x08000293   Thumb Code     0  startup_stm32f10x_hd.o(.text)
    DMA1_Channel3_IRQHandler                 0x08000293   Thumb Code     0  startup_stm32f10x_hd.o(.text)
    DMA1_Channel4_IRQHandler                 0x08000293   Thumb Code     0  startup_stm32f10x_hd.o(.text)
    DMA1_Channel5_IRQHandler                 0x08000293   Thumb Code     0  startup_stm32f10x_hd.o(.text)
    DMA1_Channel6_IRQHandler                 0x08000293   Thumb Code     0  startup_stm32f10x_hd.o(.text)
    DMA1_Channel7_IRQHandler                 0x08000293   Thumb Code     0  startup_stm32f10x_hd.o(.text)
    DMA2_Channel1_IRQHandler                 0x08000293   Thumb Code     0  startup_stm32f10x_hd.o(.text)
    DMA2_Channel2_IRQHandler                 0x08000293   Thumb Code     0  startup_stm32f10x_hd.o(.text)
    DMA2_Channel3_IRQHandler                 0x08000293   Thumb Code     0  startup_stm32f10x_hd.o(.text)
    DMA2_Channel4_5_IRQHandler               0x08000293   Thumb Code     0  startup_stm32f10x_hd.o(.text)
    EXTI15_10_IRQHandler                     0x08000293   Thumb Code     0  startup_stm32f10x_hd.o(.text)
    EXTI1_IRQHandler                         0x08000293   Thumb Code     0  startup_stm32f10x_hd.o(.text)
    EXTI2_IRQHandler                         0x08000293   Thumb Code     0  startup_stm32f10x_hd.o(.text)
    EXTI3_IRQHandler                         0x08000293   Thumb Code     0  startup_stm32f10x_hd.o(.text)
    EXTI4_IRQHandler                         0x08000293   Thumb Code     0  startup_stm32f10x_hd.o(.text)
    EXTI9_5_IRQHandler                       0x08000293   Thumb Code     0  startup_stm32f10x_hd.o(.text)
    FLASH_IRQHandler                         0x08000293   Thumb Code     0  startup_stm32f10x_hd.o(.text)
    FSMC_IRQHandler                          0x08000293   Thumb Code     0  startup_stm32f10x_hd.o(.text)
    I2C1_ER_IRQHandler                       0x08000293   Thumb Code     0  startup_stm32f10x_hd.o(.text)
    I2C1_EV_IRQHandler                       0x08000293   Thumb Code     0  startup_stm32f10x_hd.o(.text)
    I2C2_ER_IRQHandler                       0x08000293   Thumb Code     0  startup_stm32f10x_hd.o(.text)
    I2C2_EV_IRQHandler                       0x08000293   Thumb Code     0  startup_stm32f10x_hd.o(.text)
    PVD_IRQHandler                           0x08000293   Thumb Code     0  startup_stm32f10x_hd.o(.text)
    RCC_IRQHandler                           0x08000293   Thumb Code     0  startup_stm32f10x_hd.o(.text)
    RTCAlarm_IRQHandler                      0x08000293   Thumb Code     0  startup_stm32f10x_hd.o(.text)
    SPI1_IRQHandler                          0x08000293   Thumb Code     0  startup_stm32f10x_hd.o(.text)
    SPI2_IRQHandler                          0x08000293   Thumb Code     0  startup_stm32f10x_hd.o(.text)
    SPI3_IRQHandler                          0x08000293   Thumb Code     0  startup_stm32f10x_hd.o(.text)
    TAMPER_IRQHandler                        0x08000293   Thumb Code     0  startup_stm32f10x_hd.o(.text)
    TIM1_BRK_IRQHandler                      0x08000293   Thumb Code     0  startup_stm32f10x_hd.o(.text)
    TIM1_CC_IRQHandler                       0x08000293   Thumb Code     0  startup_stm32f10x_hd.o(.text)
    TIM1_TRG_COM_IRQHandler                  0x08000293   Thumb Code     0  startup_stm32f10x_hd.o(.text)
    TIM1_UP_IRQHandler                       0x08000293   Thumb Code     0  startup_stm32f10x_hd.o(.text)
    TIM4_IRQHandler                          0x08000293   Thumb Code     0  startup_stm32f10x_hd.o(.text)
    TIM5_IRQHandler                          0x08000293   Thumb Code     0  startup_stm32f10x_hd.o(.text)
    TIM6_IRQHandler                          0x08000293   Thumb Code     0  startup_stm32f10x_hd.o(.text)
    TIM8_BRK_IRQHandler                      0x08000293   Thumb Code     0  startup_stm32f10x_hd.o(.text)
    TIM8_CC_IRQHandler                       0x08000293   Thumb Code     0  startup_stm32f10x_hd.o(.text)
    TIM8_TRG_COM_IRQHandler                  0x08000293   Thumb Code     0  startup_stm32f10x_hd.o(.text)
    TIM8_UP_IRQHandler                       0x08000293   Thumb Code     0  startup_stm32f10x_hd.o(.text)
    UART4_IRQHandler                         0x08000293   Thumb Code     0  startup_stm32f10x_hd.o(.text)
    UART5_IRQHandler                         0x08000293   Thumb Code     0  startup_stm32f10x_hd.o(.text)
    USBWakeUp_IRQHandler                     0x08000293   Thumb Code     0  startup_stm32f10x_hd.o(.text)
    USB_HP_CAN1_TX_IRQHandler                0x08000293   Thumb Code     0  startup_stm32f10x_hd.o(.text)
    USB_LP_CAN1_RX0_IRQHandler               0x08000293   Thumb Code     0  startup_stm32f10x_hd.o(.text)
    WWDG_IRQHandler                          0x08000293   Thumb Code     0  startup_stm32f10x_hd.o(.text)
    __user_initial_stackheap                 0x08000295   Thumb Code     0  startup_stm32f10x_hd.o(.text)
    __use_no_semihosting                     0x080002b9   Thumb Code     2  use_no_semi_2.o(.text)
    __c89printf                              0x080002bd   Thumb Code    20  c89printf.o(.text)
    __2printf                                0x080002d5   Thumb Code    20  __2printf.o(.text)
    _printf_int_dec                          0x080002ed   Thumb Code   104  _printf_dec.o(.text)
    __printf                                 0x08000365   Thumb Code   388  __printf_flags_ss_wp.o(.text)
    strstr                                   0x080004ed   Thumb Code    36  strstr.o(.text)
    strcmp                                   0x08000511   Thumb Code   128  strcmpv7m.o(.text)
    __use_two_region_memory                  0x08000591   Thumb Code     2  heapauxi.o(.text)
    __rt_heap_escrow$2region                 0x08000593   Thumb Code     2  heapauxi.o(.text)
    __rt_heap_expand$2region                 0x08000595   Thumb Code     2  heapauxi.o(.text)
    __I$use$semihosting                      0x08000597   Thumb Code     0  use_no_semi.o(.text)
    __use_no_semihosting_swi                 0x08000597   Thumb Code     2  use_no_semi.o(.text)
    _printf_pre_padding                      0x08000599   Thumb Code    44  _printf_pad.o(.text)
    _printf_post_padding                     0x080005c5   Thumb Code    34  _printf_pad.o(.text)
    _printf_truncate_signed                  0x080005e7   Thumb Code    18  _printf_truncate.o(.text)
    _printf_truncate_unsigned                0x080005f9   Thumb Code    18  _printf_truncate.o(.text)
    _printf_str                              0x0800060b   Thumb Code    82  _printf_str.o(.text)
    _printf_int_common                       0x0800065d   Thumb Code   178  _printf_intcommon.o(.text)
    _printf_charcount                        0x0800070f   Thumb Code    40  _printf_charcount.o(.text)
    _printf_char_common                      0x08000743   Thumb Code    32  _printf_char_common.o(.text)
    _printf_char_file                        0x08000769   Thumb Code    32  _printf_char_file.o(.text)
    _printf_wctomb                           0x0800078d   Thumb Code   182  _printf_wctomb.o(.text)
    _printf_longlong_dec                     0x08000849   Thumb Code   108  _printf_longlong_dec.o(.text)
    _printf_longlong_oct                     0x080008c5   Thumb Code    68  _printf_oct_int_ll.o(.text)
    _printf_int_oct                          0x08000909   Thumb Code    24  _printf_oct_int_ll.o(.text)
    _printf_ll_oct                           0x08000921   Thumb Code    12  _printf_oct_int_ll.o(.text)
    _printf_longlong_hex                     0x08000935   Thumb Code    86  _printf_hex_int_ll_ptr.o(.text)
    _printf_int_hex                          0x0800098b   Thumb Code    28  _printf_hex_int_ll_ptr.o(.text)
    _printf_ll_hex                           0x080009a7   Thumb Code    12  _printf_hex_int_ll_ptr.o(.text)
    _printf_hex_ptr                          0x080009b3   Thumb Code    18  _printf_hex_int_ll_ptr.o(.text)
    _ll_udiv10                               0x080009c9   Thumb Code   138  lludiv10.o(.text)
    __lib_sel_fp_printf                      0x08000a53   Thumb Code     2  _printf_fp_dec.o(.text)
    _printf_fp_dec_real                      0x08000c01   Thumb Code   620  _printf_fp_dec.o(.text)
    _printf_cs_common                        0x08000e6d   Thumb Code    20  _printf_char.o(.text)
    _printf_char                             0x08000e81   Thumb Code    16  _printf_char.o(.text)
    _printf_string                           0x08000e91   Thumb Code     8  _printf_char.o(.text)
    _printf_lcs_common                       0x08000e99   Thumb Code    20  _printf_wchar.o(.text)
    _printf_wchar                            0x08000ead   Thumb Code    16  _printf_wchar.o(.text)
    _printf_wstring                          0x08000ebd   Thumb Code     8  _printf_wchar.o(.text)
    ferror                                   0x08000ec5   Thumb Code     8  ferror.o(.text)
    _wcrtomb                                 0x08000ecd   Thumb Code    64  _wcrtomb.o(.text)
    __user_setup_stackheap                   0x08000f0d   Thumb Code    74  sys_stackheap_outer.o(.text)
    __rt_ctype_table                         0x08000f59   Thumb Code    16  rt_ctype_table.o(.text)
    __rt_locale                              0x08000f69   Thumb Code     8  rt_locale_intlibspace.o(.text)
    _printf_fp_infnan                        0x08000f71   Thumb Code   112  _printf_fp_infnan.o(.text)
    _btod_etento                             0x08000ff1   Thumb Code   216  bigflt0.o(.text)
    exit                                     0x080010cd   Thumb Code    12  exit.o(.text)
    __user_libspace                          0x080010d9   Thumb Code     8  libspace.o(.text)
    __user_perproc_libspace                  0x080010d9   Thumb Code     0  libspace.o(.text)
    __user_perthread_libspace                0x080010d9   Thumb Code     0  libspace.o(.text)
    _btod_d2e                                0x080010e1   Thumb Code    62  btod.o(CL$$btod_d2e)
    _d2e_denorm_low                          0x0800111f   Thumb Code    70  btod.o(CL$$btod_d2e_denorm_low)
    _d2e_norm_op1                            0x08001165   Thumb Code    96  btod.o(CL$$btod_d2e_norm_op1)
    __btod_div_common                        0x080011c5   Thumb Code   696  btod.o(CL$$btod_div_common)
    _e2e                                     0x080014fd   Thumb Code   198  btod.o(CL$$btod_e2e)
    _btod_ediv                               0x080015c3   Thumb Code    40  btod.o(CL$$btod_ediv)
    _btod_emul                               0x080015eb   Thumb Code    40  btod.o(CL$$btod_emul)
    __btod_mult_common                       0x08001613   Thumb Code   580  btod.o(CL$$btod_mult_common)
    ADC_Cmd                                  0x08001857   Thumb Code    22  stm32f10x_adc.o(i.ADC_Cmd)
    ADC_DeInit                               0x0800186d   Thumb Code    78  stm32f10x_adc.o(i.ADC_DeInit)
    ADC_GetCalibrationStatus                 0x080018c9   Thumb Code    20  stm32f10x_adc.o(i.ADC_GetCalibrationStatus)
    ADC_GetConversionValue                   0x080018dd   Thumb Code     8  stm32f10x_adc.o(i.ADC_GetConversionValue)
    ADC_GetFlagStatus                        0x080018e5   Thumb Code    18  stm32f10x_adc.o(i.ADC_GetFlagStatus)
    ADC_GetResetCalibrationStatus            0x080018f7   Thumb Code    20  stm32f10x_adc.o(i.ADC_GetResetCalibrationStatus)
    ADC_Init                                 0x0800190d   Thumb Code    70  stm32f10x_adc.o(i.ADC_Init)
    ADC_RegularChannelConfig                 0x0800195d   Thumb Code   184  stm32f10x_adc.o(i.ADC_RegularChannelConfig)
    ADC_ResetCalibration                     0x08001a15   Thumb Code    10  stm32f10x_adc.o(i.ADC_ResetCalibration)
    ADC_SoftwareStartConvCmd                 0x08001a1f   Thumb Code    22  stm32f10x_adc.o(i.ADC_SoftwareStartConvCmd)
    ADC_StartCalibration                     0x08001a35   Thumb Code    10  stm32f10x_adc.o(i.ADC_StartCalibration)
    Adc_Init                                 0x08001a41   Thumb Code   132  adc.o(i.Adc_Init)
    Add_FR                                   0x08001acd   Thumb Code   252  as608.o(i.Add_FR)
    BusFault_Handler                         0x08001bed   Thumb Code     4  stm32f10x_it.o(i.BusFault_Handler)
    CmdResp1Error                            0x08001bf1   Thumb Code    90  sdio_sdcard.o(i.CmdResp1Error)
    DebugMon_Handler                         0x08001c51   Thumb Code     2  stm32f10x_it.o(i.DebugMon_Handler)
    EXTI0_IRQHandler                         0x08001c55   Thumb Code    60  exti.o(i.EXTI0_IRQHandler)
    EXTIX_Init                               0x08001c9d   Thumb Code    82  exti.o(i.EXTIX_Init)
    EXTI_ClearITPendingBit                   0x08001cf1   Thumb Code     6  stm32f10x_exti.o(i.EXTI_ClearITPendingBit)
    EXTI_Init                                0x08001cfd   Thumb Code   142  stm32f10x_exti.o(i.EXTI_Init)
    GPIO_EXTILineConfig                      0x08001d91   Thumb Code    60  stm32f10x_gpio.o(i.GPIO_EXTILineConfig)
    GPIO_Init                                0x08001dd1   Thumb Code   278  stm32f10x_gpio.o(i.GPIO_Init)
    GPIO_ReadInputDataBit                    0x08001ee7   Thumb Code    18  stm32f10x_gpio.o(i.GPIO_ReadInputDataBit)
    GPIO_SetBits                             0x08001ef9   Thumb Code     4  stm32f10x_gpio.o(i.GPIO_SetBits)
    Get_Adc                                  0x08001efd   Thumb Code    46  adc.o(i.Get_Adc)
    Get_Adc_Average                          0x08001f31   Thumb Code    46  adc.o(i.Get_Adc_Average)
    HardFault_Handler                        0x08001f5f   Thumb Code     4  stm32f10x_it.o(i.HardFault_Handler)
    Is_Leap_Year                             0x08001f63   Thumb Code    58  rtc.o(i.Is_Leap_Year)
    KEY_Init                                 0x08002025   Thumb Code    32  key.o(i.KEY_Init)
    LED_Init1                                0x08002049   Thumb Code    90  gpio.o(i.LED_Init1)
    MemManage_Handler                        0x080020c5   Thumb Code     4  stm32f10x_it.o(i.MemManage_Handler)
    NMI_Handler                              0x080020c9   Thumb Code     2  stm32f10x_it.o(i.NMI_Handler)
    NVIC_Init                                0x080020cd   Thumb Code   100  misc.o(i.NVIC_Init)
    NVIC_PriorityGroupConfig                 0x0800213d   Thumb Code    10  misc.o(i.NVIC_PriorityGroupConfig)
    PS_GenChar                               0x08002151   Thumb Code    70  as608.o(i.PS_GenChar)
    PS_GetImage                              0x08002197   Thumb Code    58  as608.o(i.PS_GetImage)
    PS_HandShake                             0x080021d1   Thumb Code   118  as608.o(i.PS_HandShake)
    PS_HighSpeedSearch                       0x08002251   Thumb Code   144  as608.o(i.PS_HighSpeedSearch)
    PS_Match                                 0x080022e1   Thumb Code    58  as608.o(i.PS_Match)
    PS_RegModel                              0x0800231b   Thumb Code    58  as608.o(i.PS_RegModel)
    PS_StaGPIO_Init                          0x08002355   Thumb Code    38  as608.o(i.PS_StaGPIO_Init)
    PS_StoreChar                             0x08002381   Thumb Code    96  as608.o(i.PS_StoreChar)
    PS_ValidTempleteNum                      0x080023e1   Thumb Code    74  as608.o(i.PS_ValidTempleteNum)
    PendSV_Handler                           0x0800242b   Thumb Code     2  stm32f10x_it.o(i.PendSV_Handler)
    RCC_ADCCLKConfig                         0x0800242d   Thumb Code    18  stm32f10x_rcc.o(i.RCC_ADCCLKConfig)
    RCC_APB1PeriphClockCmd                   0x08002445   Thumb Code    26  stm32f10x_rcc.o(i.RCC_APB1PeriphClockCmd)
    RCC_APB1PeriphResetCmd                   0x08002465   Thumb Code    26  stm32f10x_rcc.o(i.RCC_APB1PeriphResetCmd)
    RCC_APB2PeriphClockCmd                   0x08002485   Thumb Code    26  stm32f10x_rcc.o(i.RCC_APB2PeriphClockCmd)
    RCC_APB2PeriphResetCmd                   0x080024a5   Thumb Code    26  stm32f10x_rcc.o(i.RCC_APB2PeriphResetCmd)
    RCC_GetClocksFreq                        0x080024c5   Thumb Code   192  stm32f10x_rcc.o(i.RCC_GetClocksFreq)
    RTC_ClearITPendingBit                    0x08002599   Thumb Code    12  stm32f10x_rtc.o(i.RTC_ClearITPendingBit)
    RTC_Get                                  0x080025a9   Thumb Code   240  rtc.o(i.RTC_Get)
    RTC_GetCounter                           0x080026a9   Thumb Code    16  stm32f10x_rtc.o(i.RTC_GetCounter)
    RTC_GetITStatus                          0x080026bd   Thumb Code    32  stm32f10x_rtc.o(i.RTC_GetITStatus)
    RTC_Get_Week                             0x080026e1   Thumb Code   116  rtc.o(i.RTC_Get_Week)
    RTC_IRQHandler                           0x08002759   Thumb Code    40  rtc.o(i.RTC_IRQHandler)
    RTC_WaitForLastTask                      0x08002781   Thumb Code    16  stm32f10x_rtc.o(i.RTC_WaitForLastTask)
    SDIO_ClearFlag                           0x08002795   Thumb Code     6  stm32f10x_sdio.o(i.SDIO_ClearFlag)
    SDIO_GetFlagStatus                       0x080027a1   Thumb Code    20  stm32f10x_sdio.o(i.SDIO_GetFlagStatus)
    SDIO_IRQHandler                          0x080027b9   Thumb Code     8  sdio_sdcard.o(i.SDIO_IRQHandler)
    SDIO_SendCommand                         0x080027c1   Thumb Code    38  stm32f10x_sdio.o(i.SDIO_SendCommand)
    SD_ProcessIRQSrc                         0x080027ed   Thumb Code   296  sdio_sdcard.o(i.SD_ProcessIRQSrc)
    SVC_Handler                              0x08002929   Thumb Code     2  stm32f10x_it.o(i.SVC_Handler)
    SysTick_CLKSourceConfig                  0x08002a99   Thumb Code    40  misc.o(i.SysTick_CLKSourceConfig)
    SysTick_Handler                          0x08002ac1   Thumb Code     2  stm32f10x_it.o(i.SysTick_Handler)
    SystemInit                               0x08002ac5   Thumb Code    78  system_stm32f10x.o(i.SystemInit)
    TIM2_IRQHandler                          0x08002b25   Thumb Code    22  timer.o(i.TIM2_IRQHandler)
    TIM3_IRQHandler                          0x08002b3d   Thumb Code    88  timer.o(i.TIM3_IRQHandler)
    TIM7_IRQHandler                          0x08002bad   Thumb Code    42  timer.o(i.TIM7_IRQHandler)
    TIM7_Int_Init                            0x08002be1   Thumb Code    90  timer.o(i.TIM7_Int_Init)
    TIM_ClearITPendingBit                    0x08002c41   Thumb Code     6  stm32f10x_tim.o(i.TIM_ClearITPendingBit)
    TIM_Cmd                                  0x08002c47   Thumb Code    24  stm32f10x_tim.o(i.TIM_Cmd)
    TIM_GetITStatus                          0x08002c5f   Thumb Code    34  stm32f10x_tim.o(i.TIM_GetITStatus)
    TIM_ITConfig                             0x08002c81   Thumb Code    18  stm32f10x_tim.o(i.TIM_ITConfig)
    TIM_SetCounter                           0x08002c93   Thumb Code     4  stm32f10x_tim.o(i.TIM_SetCounter)
    TIM_TimeBaseInit                         0x08002c99   Thumb Code   122  stm32f10x_tim.o(i.TIM_TimeBaseInit)
    USART1_IRQHandler                        0x08002d3d   Thumb Code   122  uart_tft_bsp.o(i.USART1_IRQHandler)
    USART2_IRQHandler                        0x08002dc5   Thumb Code   132  uart_tft_bsp.o(i.USART2_IRQHandler)
    USART3_IRQHandler                        0x08002e5d   Thumb Code    94  uart_tft_bsp.o(i.USART3_IRQHandler)
    USART_ClearFlag                          0x08002ecd   Thumb Code    18  stm32f10x_usart.o(i.USART_ClearFlag)
    USART_Cmd                                0x08002edf   Thumb Code    24  stm32f10x_usart.o(i.USART_Cmd)
    USART_DeInit                             0x08002ef9   Thumb Code   134  stm32f10x_usart.o(i.USART_DeInit)
    USART_GetITStatus                        0x08002f95   Thumb Code    84  stm32f10x_usart.o(i.USART_GetITStatus)
    USART_ITConfig                           0x08002fe9   Thumb Code    74  stm32f10x_usart.o(i.USART_ITConfig)
    USART_Init                               0x08003035   Thumb Code   210  stm32f10x_usart.o(i.USART_Init)
    USART_ReceiveData                        0x0800310d   Thumb Code    10  stm32f10x_usart.o(i.USART_ReceiveData)
    UsageFault_Handler                       0x08003117   Thumb Code     4  stm32f10x_it.o(i.UsageFault_Handler)
    __ARM_fpclassify                         0x0800311b   Thumb Code    40  fpclassify.o(i.__ARM_fpclassify)
    _is_digit                                0x08003143   Thumb Code    14  __printf_wp.o(i._is_digit)
    _sys_exit                                0x08003151   Thumb Code     4  uart_tft_bsp.o(i._sys_exit)
    delay_init                               0x08003155   Thumb Code    50  delay.o(i.delay_init)
    delay_ms                                 0x08003199   Thumb Code    72  delay.o(i.delay_ms)
    fputc                                    0x080031e5   Thumb Code    24  uart_tft_bsp.o(i.fputc)
    ledAuto                                  0x08003201   Thumb Code   102  gpio.o(i.ledAuto)
    ledRefresh                               0x08003279   Thumb Code   104  gpio.o(i.ledRefresh)
    ledSwitch                                0x08003349   Thumb Code   104  gpio.o(i.ledSwitch)
    main                                     0x080033b9   Thumb Code   246  main.o(i.main)
    press_FR                                 0x08003501   Thumb Code   230  as608.o(i.press_FR)
    uart2_init                               0x080035f1   Thumb Code   160  uart_tft_bsp.o(i.uart2_init)
    uart3_init                               0x08003699   Thumb Code   190  uart_tft_bsp.o(i.uart3_init)
    _get_lc_numeric                          0x08003769   Thumb Code    44  lc_numeric_c.o(locale$$code)
    _get_lc_ctype                            0x08003795   Thumb Code    44  lc_ctype_c.o(locale$$code)
    __aeabi_d2f                              0x080037c1   Thumb Code     0  d2f.o(x$fpl$d2f)
    _d2f                                     0x080037c1   Thumb Code    98  d2f.o(x$fpl$d2f)
    __aeabi_dmul                             0x08003825   Thumb Code     0  dmul.o(x$fpl$dmul)
    _dmul                                    0x08003825   Thumb Code   332  dmul.o(x$fpl$dmul)
    __fpl_dnaninf                            0x08003979   Thumb Code   156  dnaninf.o(x$fpl$dnaninf)
    __fpl_dretinf                            0x08003a15   Thumb Code    12  dretinf.o(x$fpl$dretinf)
    __aeabi_f2d                              0x08003a21   Thumb Code     0  f2d.o(x$fpl$f2d)
    _f2d                                     0x08003a21   Thumb Code    86  f2d.o(x$fpl$f2d)
    __fpl_fcmp_Inf                           0x08003a77   Thumb Code    24  fcmpi.o(x$fpl$fcmpinf)
    __aeabi_ui2f                             0x08003a91   Thumb Code     0  fflt_clz.o(x$fpl$ffltu)
    _ffltu                                   0x08003a91   Thumb Code    38  fflt_clz.o(x$fpl$ffltu)
    __aeabi_cfcmple                          0x08003ab9   Thumb Code     0  fleqf.o(x$fpl$fleqf)
    _fcmple                                  0x08003ab9   Thumb Code   104  fleqf.o(x$fpl$fleqf)
    __fpl_fcmple_InfNaN                      0x08003b0b   Thumb Code     0  fleqf.o(x$fpl$fleqf)
    __fpl_fnaninf                            0x08003b21   Thumb Code   140  fnaninf.o(x$fpl$fnaninf)
    __fpl_fretinf                            0x08003bad   Thumb Code    10  fretinf.o(x$fpl$fretinf)
    _printf_fp_dec                           0x08003bb7   Thumb Code     4  printf1.o(x$fpl$printf1)
    __I$use$fp                               0x08003bba   Number         0  usenofp.o(x$fpl$usenofp)
    table_week                               0x08003bba   Data          12  rtc.o(.constdata)
    mon_table                                0x08003bc6   Data          12  rtc.o(.constdata)
    Region$$Table$$Base                      0x08003ca8   Number         0  anon$$obj.o(Region$$Table)
    Region$$Table$$Limit                     0x08003cc8   Number         0  anon$$obj.o(Region$$Table)
    __ctype                                  0x08003cf1   Data           0  lc_ctype_c.o(locale$$data)
    model_flag                               0x20000000   Data           1  main.o(.data)
    sendEnd                                  0x20000001   Data           3  main.o(.data)
    adcx                                     0x20000004   Data           2  main.o(.data)
    temp                                     0x20000008   Data           4  main.o(.data)
    TIM3_SecFlag                             0x2000000c   Data           1  timer.o(.data)
    num_ms                                   0x2000000e   Data           2  timer.o(.data)
    TFT_Command                              0x20000010   Data           1  uart_tft_bsp.o(.data)
    TFT_Command1                             0x20000011   Data           1  uart_tft_bsp.o(.data)
    __stdout                                 0x20000014   Data           4  uart_tft_bsp.o(.data)
    USART3_RX_STA                            0x20000018   Data           2  uart_tft_bsp.o(.data)
    USART_RX_STA                             0x2000001a   Data           2  uart_tft_bsp.o(.data)
    isCanReceiveFlag                         0x2000001c   Data           1  uart_tft_bsp.o(.data)
    data                                     0x20000020   Data           4  uart_tft_bsp.o(.data)
    AS608Addr                                0x20000024   Data           4  as608.o(.data)
    ValidN                                   0x20000028   Data           2  as608.o(.data)
    kbd_tbl                                  0x2000002c   Data           4  as608.o(.data)
    Set_flag                                 0x20000030   Data           2  as608.o(.data)
    Add_flag                                 0x20000032   Data           2  as608.o(.data)
    Del_flag                                 0x20000034   Data           2  as608.o(.data)
    Ver_flag                                 0x20000036   Data           2  as608.o(.data)
    ID                                       0x20000038   Data           2  as608.o(.data)
    ID_flag                                  0x2000003a   Data           2  as608.o(.data)
    TransferError                            0x2000004a   Data           1  sdio_sdcard.o(.data)
    TransferEnd                              0x2000004b   Data           1  sdio_sdcard.o(.data)
    tempbuff                                 0x2000004c   Data           4  sdio_sdcard.o(.data)
    key_flag                                 0x20000050   Data           1  exti.o(.data)
    SystemCoreClock                          0x2000006c   Data           4  system_stm32f10x.o(.data)
    AHBPrescTable                            0x20000070   Data          16  system_stm32f10x.o(.data)
    TFT_Command_data                         0x20000080   Data          50  uart_tft_bsp.o(.bss)
    USART3_RX_BUF                            0x200000b2   Data         400  uart_tft_bsp.o(.bss)
    USART3_TX_BUF                            0x20000242   Data         400  uart_tft_bsp.o(.bss)
    USART_RX_BUF                             0x200003d2   Data         200  uart_tft_bsp.o(.bss)
    alterInfo                                0x2000049a   Data          52  uart_tft_bsp.o(.bss)
    calendar                                 0x200004ce   Data          10  rtc.o(.bss)
    SDIO_InitStructure                       0x200004d8   Data          24  sdio_sdcard.o(.bss)
    SDIO_CmdInitStructure                    0x200004f0   Data          20  sdio_sdcard.o(.bss)
    SDIO_DataInitStructure                   0x20000504   Data          24  sdio_sdcard.o(.bss)
    SDCardInfo                               0x20000540   Data          88  sdio_sdcard.o(.bss)
    SDIO_DATA_BUFFER                         0x20000598   Data         512  sdio_sdcard.o(.bss)
    __libspace_start                         0x20000798   Data          96  libspace.o(.bss)
    __temporary_stack_top$libspace           0x200007f8   Data           0  libspace.o(.bss)
    mem2base                                 0x68000000   Data       983040  malloc.o(.ARM.__AT_0x68000000)
    mem2mapbase                              0x680f0000   Data       61440  malloc.o(.ARM.__AT_0x680F0000)



==============================================================================

Memory Map of the image

  Image Entry point : 0x08000131

  Load Region LR_IROM1 (Base: 0x08000000, Size: 0x00003e74, Max: 0x00040000, ABSOLUTE)

    Execution Region ER_IROM1 (Base: 0x08000000, Size: 0x00003df4, Max: 0x00040000, ABSOLUTE)

    Base Addr    Size         Type   Attr      Idx    E Section Name        Object

    0x08000000   0x00000130   Data   RO         3821    RESET               startup_stm32f10x_hd.o
    0x08000130   0x00000008   Code   RO         3916  * !!!main             c_w.l(__main.o)
    0x08000138   0x00000034   Code   RO         4241    !!!scatter          c_w.l(__scatter.o)
    0x0800016c   0x0000001a   Code   RO         4243    !!handler_copy      c_w.l(__scatter_copy.o)
    0x08000186   0x00000002   PAD
    0x08000188   0x0000001c   Code   RO         4245    !!handler_zi        c_w.l(__scatter_zi.o)
    0x080001a4   0x00000000   Code   RO         3903    .ARM.Collect$$_printf_percent$$00000000  c_w.l(_printf_percent.o)
    0x080001a4   0x00000006   Code   RO         3987    .ARM.Collect$$_printf_percent$$00000001  c_w.l(_printf_n.o)
    0x080001aa   0x00000006   Code   RO         3989    .ARM.Collect$$_printf_percent$$00000002  c_w.l(_printf_p.o)
    0x080001b0   0x00000006   Code   RO         3993    .ARM.Collect$$_printf_percent$$00000003  c_w.l(_printf_f.o)
    0x080001b6   0x00000006   Code   RO         3994    .ARM.Collect$$_printf_percent$$00000004  c_w.l(_printf_e.o)
    0x080001bc   0x00000006   Code   RO         3995    .ARM.Collect$$_printf_percent$$00000005  c_w.l(_printf_g.o)
    0x080001c2   0x00000006   Code   RO         3996    .ARM.Collect$$_printf_percent$$00000006  c_w.l(_printf_a.o)
    0x080001c8   0x0000000a   Code   RO         4001    .ARM.Collect$$_printf_percent$$00000007  c_w.l(_printf_ll.o)
    0x080001d2   0x00000006   Code   RO         3991    .ARM.Collect$$_printf_percent$$00000008  c_w.l(_printf_i.o)
    0x080001d8   0x00000006   Code   RO         3902    .ARM.Collect$$_printf_percent$$00000009  c_w.l(_printf_d.o)
    0x080001de   0x00000006   Code   RO         3992    .ARM.Collect$$_printf_percent$$0000000A  c_w.l(_printf_u.o)
    0x080001e4   0x00000006   Code   RO         3990    .ARM.Collect$$_printf_percent$$0000000B  c_w.l(_printf_o.o)
    0x080001ea   0x00000006   Code   RO         3988    .ARM.Collect$$_printf_percent$$0000000C  c_w.l(_printf_x.o)
    0x080001f0   0x00000006   Code   RO         3998    .ARM.Collect$$_printf_percent$$0000000D  c_w.l(_printf_lli.o)
    0x080001f6   0x00000006   Code   RO         3999    .ARM.Collect$$_printf_percent$$0000000E  c_w.l(_printf_lld.o)
    0x080001fc   0x00000006   Code   RO         4000    .ARM.Collect$$_printf_percent$$0000000F  c_w.l(_printf_llu.o)
    0x08000202   0x00000006   Code   RO         4005    .ARM.Collect$$_printf_percent$$00000010  c_w.l(_printf_llo.o)
    0x08000208   0x00000006   Code   RO         4006    .ARM.Collect$$_printf_percent$$00000011  c_w.l(_printf_llx.o)
    0x0800020e   0x0000000a   Code   RO         4002    .ARM.Collect$$_printf_percent$$00000012  c_w.l(_printf_l.o)
    0x08000218   0x00000006   Code   RO         3985    .ARM.Collect$$_printf_percent$$00000013  c_w.l(_printf_c.o)
    0x0800021e   0x00000006   Code   RO         3986    .ARM.Collect$$_printf_percent$$00000014  c_w.l(_printf_s.o)
    0x08000224   0x00000006   Code   RO         4003    .ARM.Collect$$_printf_percent$$00000015  c_w.l(_printf_lc.o)
    0x0800022a   0x00000006   Code   RO         4004    .ARM.Collect$$_printf_percent$$00000016  c_w.l(_printf_ls.o)
    0x08000230   0x00000004   Code   RO         3997    .ARM.Collect$$_printf_percent$$00000017  c_w.l(_printf_percent_end.o)
    0x08000234   0x00000002   Code   RO         4105    .ARM.Collect$$libinit$$00000000  c_w.l(libinit.o)
    0x08000236   0x00000000   Code   RO         4123    .ARM.Collect$$libinit$$00000002  c_w.l(libinit2.o)
    0x08000236   0x00000000   Code   RO         4125    .ARM.Collect$$libinit$$00000004  c_w.l(libinit2.o)
    0x08000236   0x00000000   Code   RO         4128    .ARM.Collect$$libinit$$0000000A  c_w.l(libinit2.o)
    0x08000236   0x00000000   Code   RO         4130    .ARM.Collect$$libinit$$0000000C  c_w.l(libinit2.o)
    0x08000236   0x00000000   Code   RO         4132    .ARM.Collect$$libinit$$0000000E  c_w.l(libinit2.o)
    0x08000236   0x00000006   Code   RO         4133    .ARM.Collect$$libinit$$0000000F  c_w.l(libinit2.o)
    0x0800023c   0x00000000   Code   RO         4135    .ARM.Collect$$libinit$$00000011  c_w.l(libinit2.o)
    0x0800023c   0x0000000c   Code   RO         4136    .ARM.Collect$$libinit$$00000012  c_w.l(libinit2.o)
    0x08000248   0x00000000   Code   RO         4137    .ARM.Collect$$libinit$$00000013  c_w.l(libinit2.o)
    0x08000248   0x00000000   Code   RO         4139    .ARM.Collect$$libinit$$00000015  c_w.l(libinit2.o)
    0x08000248   0x0000000a   Code   RO         4140    .ARM.Collect$$libinit$$00000016  c_w.l(libinit2.o)
    0x08000252   0x00000000   Code   RO         4141    .ARM.Collect$$libinit$$00000017  c_w.l(libinit2.o)
    0x08000252   0x00000000   Code   RO         4143    .ARM.Collect$$libinit$$00000019  c_w.l(libinit2.o)
    0x08000252   0x00000000   Code   RO         4145    .ARM.Collect$$libinit$$0000001B  c_w.l(libinit2.o)
    0x08000252   0x00000000   Code   RO         4147    .ARM.Collect$$libinit$$0000001D  c_w.l(libinit2.o)
    0x08000252   0x00000000   Code   RO         4149    .ARM.Collect$$libinit$$0000001F  c_w.l(libinit2.o)
    0x08000252   0x00000000   Code   RO         4151    .ARM.Collect$$libinit$$00000021  c_w.l(libinit2.o)
    0x08000252   0x00000000   Code   RO         4153    .ARM.Collect$$libinit$$00000023  c_w.l(libinit2.o)
    0x08000252   0x00000000   Code   RO         4155    .ARM.Collect$$libinit$$00000025  c_w.l(libinit2.o)
    0x08000252   0x00000000   Code   RO         4159    .ARM.Collect$$libinit$$0000002C  c_w.l(libinit2.o)
    0x08000252   0x00000000   Code   RO         4161    .ARM.Collect$$libinit$$0000002E  c_w.l(libinit2.o)
    0x08000252   0x00000000   Code   RO         4163    .ARM.Collect$$libinit$$00000030  c_w.l(libinit2.o)
    0x08000252   0x00000000   Code   RO         4165    .ARM.Collect$$libinit$$00000032  c_w.l(libinit2.o)
    0x08000252   0x00000002   Code   RO         4166    .ARM.Collect$$libinit$$00000033  c_w.l(libinit2.o)
    0x08000254   0x00000002   Code   RO         4194    .ARM.Collect$$libshutdown$$00000000  c_w.l(libshutdown.o)
    0x08000256   0x00000000   Code   RO         4209    .ARM.Collect$$libshutdown$$00000003  c_w.l(libshutdown2.o)
    0x08000256   0x00000000   Code   RO         4212    .ARM.Collect$$libshutdown$$00000006  c_w.l(libshutdown2.o)
    0x08000256   0x00000000   Code   RO         4215    .ARM.Collect$$libshutdown$$00000009  c_w.l(libshutdown2.o)
    0x08000256   0x00000000   Code   RO         4217    .ARM.Collect$$libshutdown$$0000000B  c_w.l(libshutdown2.o)
    0x08000256   0x00000000   Code   RO         4220    .ARM.Collect$$libshutdown$$0000000E  c_w.l(libshutdown2.o)
    0x08000256   0x00000002   Code   RO         4221    .ARM.Collect$$libshutdown$$0000000F  c_w.l(libshutdown2.o)
    0x08000258   0x00000000   Code   RO         3934    .ARM.Collect$$rtentry$$00000000  c_w.l(__rtentry.o)
    0x08000258   0x00000000   Code   RO         4023    .ARM.Collect$$rtentry$$00000002  c_w.l(__rtentry2.o)
    0x08000258   0x00000006   Code   RO         4035    .ARM.Collect$$rtentry$$00000004  c_w.l(__rtentry4.o)
    0x0800025e   0x00000000   Code   RO         4025    .ARM.Collect$$rtentry$$00000009  c_w.l(__rtentry2.o)
    0x0800025e   0x00000004   Code   RO         4026    .ARM.Collect$$rtentry$$0000000A  c_w.l(__rtentry2.o)
    0x08000262   0x00000000   Code   RO         4028    .ARM.Collect$$rtentry$$0000000C  c_w.l(__rtentry2.o)
    0x08000262   0x00000008   Code   RO         4029    .ARM.Collect$$rtentry$$0000000D  c_w.l(__rtentry2.o)
    0x0800026a   0x00000002   Code   RO         4113    .ARM.Collect$$rtexit$$00000000  c_w.l(rtexit.o)
    0x0800026c   0x00000000   Code   RO         4168    .ARM.Collect$$rtexit$$00000002  c_w.l(rtexit2.o)
    0x0800026c   0x00000004   Code   RO         4169    .ARM.Collect$$rtexit$$00000003  c_w.l(rtexit2.o)
    0x08000270   0x00000006   Code   RO         4170    .ARM.Collect$$rtexit$$00000004  c_w.l(rtexit2.o)
    0x08000276   0x00000002   PAD
    0x08000278   0x00000040   Code   RO         3822    .text               startup_stm32f10x_hd.o
    0x080002b8   0x00000002   Code   RO         3862    .text               c_w.l(use_no_semi_2.o)
    0x080002ba   0x00000002   PAD
    0x080002bc   0x00000018   Code   RO         3866    .text               c_w.l(c89printf.o)
    0x080002d4   0x00000018   Code   RO         3870    .text               c_w.l(__2printf.o)
    0x080002ec   0x00000078   Code   RO         3880    .text               c_w.l(_printf_dec.o)
    0x08000364   0x00000188   Code   RO         3899    .text               c_w.l(__printf_flags_ss_wp.o)
    0x080004ec   0x00000024   Code   RO         3904    .text               c_w.l(strstr.o)
    0x08000510   0x00000080   Code   RO         3912    .text               c_w.l(strcmpv7m.o)
    0x08000590   0x00000006   Code   RO         3914    .text               c_w.l(heapauxi.o)
    0x08000596   0x00000002   Code   RO         3932    .text               c_w.l(use_no_semi.o)
    0x08000598   0x0000004e   Code   RO         3937    .text               c_w.l(_printf_pad.o)
    0x080005e6   0x00000024   Code   RO         3939    .text               c_w.l(_printf_truncate.o)
    0x0800060a   0x00000052   Code   RO         3941    .text               c_w.l(_printf_str.o)
    0x0800065c   0x000000b2   Code   RO         3943    .text               c_w.l(_printf_intcommon.o)
    0x0800070e   0x00000028   Code   RO         3945    .text               c_w.l(_printf_charcount.o)
    0x08000736   0x00000002   PAD
    0x08000738   0x00000030   Code   RO         3947    .text               c_w.l(_printf_char_common.o)
    0x08000768   0x00000024   Code   RO         3951    .text               c_w.l(_printf_char_file.o)
    0x0800078c   0x000000bc   Code   RO         3953    .text               c_w.l(_printf_wctomb.o)
    0x08000848   0x0000007c   Code   RO         3956    .text               c_w.l(_printf_longlong_dec.o)
    0x080008c4   0x00000070   Code   RO         3962    .text               c_w.l(_printf_oct_int_ll.o)
    0x08000934   0x00000094   Code   RO         3982    .text               c_w.l(_printf_hex_int_ll_ptr.o)
    0x080009c8   0x0000008a   Code   RO         4041    .text               c_w.l(lludiv10.o)
    0x08000a52   0x0000041a   Code   RO         4043    .text               c_w.l(_printf_fp_dec.o)
    0x08000e6c   0x0000002c   Code   RO         4047    .text               c_w.l(_printf_char.o)
    0x08000e98   0x0000002c   Code   RO         4049    .text               c_w.l(_printf_wchar.o)
    0x08000ec4   0x00000008   Code   RO         4051    .text               c_w.l(ferror.o)
    0x08000ecc   0x00000040   Code   RO         4055    .text               c_w.l(_wcrtomb.o)
    0x08000f0c   0x0000004a   Code   RO         4057    .text               c_w.l(sys_stackheap_outer.o)
    0x08000f56   0x00000002   PAD
    0x08000f58   0x00000010   Code   RO         4059    .text               c_w.l(rt_ctype_table.o)
    0x08000f68   0x00000008   Code   RO         4066    .text               c_w.l(rt_locale_intlibspace.o)
    0x08000f70   0x00000080   Code   RO         4068    .text               c_w.l(_printf_fp_infnan.o)
    0x08000ff0   0x000000dc   Code   RO         4070    .text               c_w.l(bigflt0.o)
    0x080010cc   0x0000000c   Code   RO         4098    .text               c_w.l(exit.o)
    0x080010d8   0x00000008   Code   RO         4110    .text               c_w.l(libspace.o)
    0x080010e0   0x0000003e   Code   RO         4073    CL$$btod_d2e        c_w.l(btod.o)
    0x0800111e   0x00000046   Code   RO         4075    CL$$btod_d2e_denorm_low  c_w.l(btod.o)
    0x08001164   0x00000060   Code   RO         4074    CL$$btod_d2e_norm_op1  c_w.l(btod.o)
    0x080011c4   0x00000338   Code   RO         4083    CL$$btod_div_common  c_w.l(btod.o)
    0x080014fc   0x000000c6   Code   RO         4080    CL$$btod_e2e        c_w.l(btod.o)
    0x080015c2   0x00000028   Code   RO         4077    CL$$btod_ediv       c_w.l(btod.o)
    0x080015ea   0x00000028   Code   RO         4076    CL$$btod_emul       c_w.l(btod.o)
    0x08001612   0x00000244   Code   RO         4082    CL$$btod_mult_common  c_w.l(btod.o)
    0x08001856   0x00000016   Code   RO         1419    i.ADC_Cmd           stm32f10x_adc.o
    0x0800186c   0x0000005c   Code   RO         1421    i.ADC_DeInit        stm32f10x_adc.o
    0x080018c8   0x00000014   Code   RO         1427    i.ADC_GetCalibrationStatus  stm32f10x_adc.o
    0x080018dc   0x00000008   Code   RO         1428    i.ADC_GetConversionValue  stm32f10x_adc.o
    0x080018e4   0x00000012   Code   RO         1430    i.ADC_GetFlagStatus  stm32f10x_adc.o
    0x080018f6   0x00000014   Code   RO         1433    i.ADC_GetResetCalibrationStatus  stm32f10x_adc.o
    0x0800190a   0x00000002   PAD
    0x0800190c   0x00000050   Code   RO         1437    i.ADC_Init          stm32f10x_adc.o
    0x0800195c   0x000000b8   Code   RO         1441    i.ADC_RegularChannelConfig  stm32f10x_adc.o
    0x08001a14   0x0000000a   Code   RO         1442    i.ADC_ResetCalibration  stm32f10x_adc.o
    0x08001a1e   0x00000016   Code   RO         1444    i.ADC_SoftwareStartConvCmd  stm32f10x_adc.o
    0x08001a34   0x0000000a   Code   RO         1446    i.ADC_StartCalibration  stm32f10x_adc.o
    0x08001a3e   0x00000002   PAD
    0x08001a40   0x0000008c   Code   RO          251    i.Adc_Init          adc.o
    0x08001acc   0x00000120   Code   RO          501    i.Add_FR            as608.o
    0x08001bec   0x00000004   Code   RO          159    i.BusFault_Handler  stm32f10x_it.o
    0x08001bf0   0x00000060   Code   RO          818    i.CmdResp1Error     sdio_sdcard.o
    0x08001c50   0x00000002   Code   RO          160    i.DebugMon_Handler  stm32f10x_it.o
    0x08001c52   0x00000002   PAD
    0x08001c54   0x00000048   Code   RO         1014    i.EXTI0_IRQHandler  exti.o
    0x08001c9c   0x00000052   Code   RO         1015    i.EXTIX_Init        exti.o
    0x08001cee   0x00000002   PAD
    0x08001cf0   0x0000000c   Code   RO         3098    i.EXTI_ClearITPendingBit  stm32f10x_exti.o
    0x08001cfc   0x00000094   Code   RO         3103    i.EXTI_Init         stm32f10x_exti.o
    0x08001d90   0x00000040   Code   RO         1758    i.GPIO_EXTILineConfig  stm32f10x_gpio.o
    0x08001dd0   0x00000116   Code   RO         1761    i.GPIO_Init         stm32f10x_gpio.o
    0x08001ee6   0x00000012   Code   RO         1765    i.GPIO_ReadInputDataBit  stm32f10x_gpio.o
    0x08001ef8   0x00000004   Code   RO         1769    i.GPIO_SetBits      stm32f10x_gpio.o
    0x08001efc   0x00000034   Code   RO          252    i.Get_Adc           adc.o
    0x08001f30   0x0000002e   Code   RO          253    i.Get_Adc_Average   adc.o
    0x08001f5e   0x00000004   Code   RO          161    i.HardFault_Handler  stm32f10x_it.o
    0x08001f62   0x0000003a   Code   RO          762    i.Is_Leap_Year      rtc.o
    0x08001f9c   0x00000088   Code   RO          504    i.JudgeStr          as608.o
    0x08002024   0x00000024   Code   RO          279    i.KEY_Init          key.o
    0x08002048   0x00000060   Code   RO         1108    i.LED_Init1         gpio.o
    0x080020a8   0x0000001c   Code   RO          505    i.MYUSART_SendData  as608.o
    0x080020c4   0x00000004   Code   RO          162    i.MemManage_Handler  stm32f10x_it.o
    0x080020c8   0x00000002   Code   RO          163    i.NMI_Handler       stm32f10x_it.o
    0x080020ca   0x00000002   PAD
    0x080020cc   0x00000070   Code   RO         1377    i.NVIC_Init         misc.o
    0x0800213c   0x00000014   Code   RO         1378    i.NVIC_PriorityGroupConfig  misc.o
    0x08002150   0x00000046   Code   RO          508    i.PS_GenChar        as608.o
    0x08002196   0x0000003a   Code   RO          509    i.PS_GetImage       as608.o
    0x080021d0   0x00000080   Code   RO          510    i.PS_HandShake      as608.o
    0x08002250   0x00000090   Code   RO          511    i.PS_HighSpeedSearch  as608.o
    0x080022e0   0x0000003a   Code   RO          512    i.PS_Match          as608.o
    0x0800231a   0x0000003a   Code   RO          515    i.PS_RegModel       as608.o
    0x08002354   0x0000002c   Code   RO          518    i.PS_StaGPIO_Init   as608.o
    0x08002380   0x00000060   Code   RO          519    i.PS_StoreChar      as608.o
    0x080023e0   0x0000004a   Code   RO          520    i.PS_ValidTempleteNum  as608.o
    0x0800242a   0x00000002   Code   RO          164    i.PendSV_Handler    stm32f10x_it.o
    0x0800242c   0x00000018   Code   RO         1869    i.RCC_ADCCLKConfig  stm32f10x_rcc.o
    0x08002444   0x00000020   Code   RO         1871    i.RCC_APB1PeriphClockCmd  stm32f10x_rcc.o
    0x08002464   0x00000020   Code   RO         1872    i.RCC_APB1PeriphResetCmd  stm32f10x_rcc.o
    0x08002484   0x00000020   Code   RO         1873    i.RCC_APB2PeriphClockCmd  stm32f10x_rcc.o
    0x080024a4   0x00000020   Code   RO         1874    i.RCC_APB2PeriphResetCmd  stm32f10x_rcc.o
    0x080024c4   0x000000d4   Code   RO         1881    i.RCC_GetClocksFreq  stm32f10x_rcc.o
    0x08002598   0x00000010   Code   RO         2870    i.RTC_ClearITPendingBit  stm32f10x_rtc.o
    0x080025a8   0x00000100   Code   RO          763    i.RTC_Get           rtc.o
    0x080026a8   0x00000014   Code   RO         2873    i.RTC_GetCounter    stm32f10x_rtc.o
    0x080026bc   0x00000024   Code   RO         2876    i.RTC_GetITStatus   stm32f10x_rtc.o
    0x080026e0   0x00000078   Code   RO          764    i.RTC_Get_Week      rtc.o
    0x08002758   0x00000028   Code   RO          765    i.RTC_IRQHandler    rtc.o
    0x08002780   0x00000014   Code   RO         2881    i.RTC_WaitForLastTask  stm32f10x_rtc.o
    0x08002794   0x0000000c   Code   RO         3152    i.SDIO_ClearFlag    stm32f10x_sdio.o
    0x080027a0   0x00000018   Code   RO         3164    i.SDIO_GetFlagStatus  stm32f10x_sdio.o
    0x080027b8   0x00000008   Code   RO          827    i.SDIO_IRQHandler   sdio_sdcard.o
    0x080027c0   0x0000002c   Code   RO         3172    i.SDIO_SendCommand  stm32f10x_sdio.o
    0x080027ec   0x0000013c   Code   RO          836    i.SD_ProcessIRQSrc  sdio_sdcard.o
    0x08002928   0x00000002   Code   RO          165    i.SVC_Handler       stm32f10x_it.o
    0x0800292a   0x00000002   PAD
    0x0800292c   0x00000034   Code   RO          523    i.SendAddr          as608.o
    0x08002960   0x00000012   Code   RO          524    i.SendCheck         as608.o
    0x08002972   0x0000000c   Code   RO          525    i.SendFlag          as608.o
    0x0800297e   0x00000010   Code   RO          526    i.SendHead          as608.o
    0x0800298e   0x00000014   Code   RO          527    i.SendLength        as608.o
    0x080029a2   0x0000000c   Code   RO          528    i.Sendcmd           as608.o
    0x080029ae   0x00000008   Code   RO         3826    i.SetSysClock       system_stm32f10x.o
    0x080029b6   0x00000002   PAD
    0x080029b8   0x000000e0   Code   RO         3827    i.SetSysClockTo72   system_stm32f10x.o
    0x08002a98   0x00000028   Code   RO         1381    i.SysTick_CLKSourceConfig  misc.o
    0x08002ac0   0x00000002   Code   RO          166    i.SysTick_Handler   stm32f10x_it.o
    0x08002ac2   0x00000002   PAD
    0x08002ac4   0x00000060   Code   RO         3829    i.SystemInit        system_stm32f10x.o
    0x08002b24   0x00000016   Code   RO          302    i.TIM2_IRQHandler   timer.o
    0x08002b3a   0x00000002   PAD
    0x08002b3c   0x00000070   Code   RO          304    i.TIM3_IRQHandler   timer.o
    0x08002bac   0x00000034   Code   RO          306    i.TIM7_IRQHandler   timer.o
    0x08002be0   0x00000060   Code   RO          307    i.TIM7_Int_Init     timer.o
    0x08002c40   0x00000006   Code   RO         2080    i.TIM_ClearITPendingBit  stm32f10x_tim.o
    0x08002c46   0x00000018   Code   RO         2085    i.TIM_Cmd           stm32f10x_tim.o
    0x08002c5e   0x00000022   Code   RO         2106    i.TIM_GetITStatus   stm32f10x_tim.o
    0x08002c80   0x00000012   Code   RO         2110    i.TIM_ITConfig      stm32f10x_tim.o
    0x08002c92   0x00000004   Code   RO         2150    i.TIM_SetCounter    stm32f10x_tim.o
    0x08002c96   0x00000002   PAD
    0x08002c98   0x000000a4   Code   RO         2156    i.TIM_TimeBaseInit  stm32f10x_tim.o
    0x08002d3c   0x00000088   Code   RO          368    i.USART1_IRQHandler  uart_tft_bsp.o
    0x08002dc4   0x00000098   Code   RO          369    i.USART2_IRQHandler  uart_tft_bsp.o
    0x08002e5c   0x00000070   Code   RO          370    i.USART3_IRQHandler  uart_tft_bsp.o
    0x08002ecc   0x00000012   Code   RO         2617    i.USART_ClearFlag   stm32f10x_usart.o
    0x08002ede   0x00000018   Code   RO         2621    i.USART_Cmd         stm32f10x_usart.o
    0x08002ef6   0x00000002   PAD
    0x08002ef8   0x0000009c   Code   RO         2623    i.USART_DeInit      stm32f10x_usart.o
    0x08002f94   0x00000054   Code   RO         2625    i.USART_GetITStatus  stm32f10x_usart.o
    0x08002fe8   0x0000004a   Code   RO         2627    i.USART_ITConfig    stm32f10x_usart.o
    0x08003032   0x00000002   PAD
    0x08003034   0x000000d8   Code   RO         2628    i.USART_Init        stm32f10x_usart.o
    0x0800310c   0x0000000a   Code   RO         2635    i.USART_ReceiveData  stm32f10x_usart.o
    0x08003116   0x00000004   Code   RO          167    i.UsageFault_Handler  stm32f10x_it.o
    0x0800311a   0x00000028   Code   RO         4108    i.__ARM_fpclassify  m_ws.l(fpclassify.o)
    0x08003142   0x0000000e   Code   RO         3892    i._is_digit         c_w.l(__printf_wp.o)
    0x08003150   0x00000004   Code   RO          376    i._sys_exit         uart_tft_bsp.o
    0x08003154   0x00000044   Code   RO         1310    i.delay_init        delay.o
    0x08003198   0x0000004c   Code   RO         1311    i.delay_ms          delay.o
    0x080031e4   0x0000001c   Code   RO          378    i.fputc             uart_tft_bsp.o
    0x08003200   0x00000078   Code   RO         1109    i.ledAuto           gpio.o
    0x08003278   0x000000d0   Code   RO         1110    i.ledRefresh        gpio.o
    0x08003348   0x00000070   Code   RO         1111    i.ledSwitch         gpio.o
    0x080033b8   0x00000148   Code   RO            1    i.main              main.o
    0x08003500   0x000000f0   Code   RO          529    i.press_FR          as608.o
    0x080035f0   0x000000a8   Code   RO          381    i.uart2_init        uart_tft_bsp.o
    0x08003698   0x000000d0   Code   RO          382    i.uart3_init        uart_tft_bsp.o
    0x08003768   0x0000002c   Code   RO         4096    locale$$code        c_w.l(lc_numeric_c.o)
    0x08003794   0x0000002c   Code   RO         4116    locale$$code        c_w.l(lc_ctype_c.o)
    0x080037c0   0x00000062   Code   RO         3918    x$fpl$d2f           fz_ws.l(d2f.o)
    0x08003822   0x00000002   PAD
    0x08003824   0x00000154   Code   RO         3920    x$fpl$dmul          fz_ws.l(dmul.o)
    0x08003978   0x0000009c   Code   RO         4009    x$fpl$dnaninf       fz_ws.l(dnaninf.o)
    0x08003a14   0x0000000c   Code   RO         4011    x$fpl$dretinf       fz_ws.l(dretinf.o)
    0x08003a20   0x00000056   Code   RO         3922    x$fpl$f2d           fz_ws.l(f2d.o)
    0x08003a76   0x00000018   Code   RO         4013    x$fpl$fcmpinf       fz_ws.l(fcmpi.o)
    0x08003a8e   0x00000002   PAD
    0x08003a90   0x00000026   Code   RO         3924    x$fpl$ffltu         fz_ws.l(fflt_clz.o)
    0x08003ab6   0x00000002   PAD
    0x08003ab8   0x00000068   Code   RO         3930    x$fpl$fleqf         fz_ws.l(fleqf.o)
    0x08003b20   0x0000008c   Code   RO         4015    x$fpl$fnaninf       fz_ws.l(fnaninf.o)
    0x08003bac   0x0000000a   Code   RO         4017    x$fpl$fretinf       fz_ws.l(fretinf.o)
    0x08003bb6   0x00000004   Code   RO         4019    x$fpl$printf1       fz_ws.l(printf1.o)
    0x08003bba   0x00000000   Code   RO         4021    x$fpl$usenofp       fz_ws.l(usenofp.o)
    0x08003bba   0x00000018   Data   RO          770    .constdata          rtc.o
    0x08003bd2   0x00000011   Data   RO         3900    .constdata          c_w.l(__printf_flags_ss_wp.o)
    0x08003be3   0x00000001   PAD
    0x08003be4   0x00000008   Data   RO         3954    .constdata          c_w.l(_printf_wctomb.o)
    0x08003bec   0x00000028   Data   RO         3983    .constdata          c_w.l(_printf_hex_int_ll_ptr.o)
    0x08003c14   0x00000094   Data   RO         4071    .constdata          c_w.l(bigflt0.o)
    0x08003ca8   0x00000020   Data   RO         4239    Region$$Table       anon$$obj.o
    0x08003cc8   0x0000001c   Data   RO         4095    locale$$data        c_w.l(lc_numeric_c.o)
    0x08003ce4   0x00000110   Data   RO         4115    locale$$data        c_w.l(lc_ctype_c.o)


    Execution Region RW_IRAM1 (Base: 0x20000000, Size: 0x00000df8, Max: 0x0000c000, ABSOLUTE)

    Base Addr    Size         Type   Attr      Idx    E Section Name        Object

    0x20000000   0x0000000c   Data   RW            3    .data               main.o
    0x2000000c   0x00000004   Data   RW          308    .data               timer.o
    0x20000010   0x00000014   Data   RW          384    .data               uart_tft_bsp.o
    0x20000024   0x00000018   Data   RW          531    .data               as608.o
    0x2000003c   0x00000002   Data   RW          771    .data               rtc.o
    0x2000003e   0x00000002   PAD
    0x20000040   0x00000010   Data   RW          848    .data               sdio_sdcard.o
    0x20000050   0x00000001   Data   RW         1016    .data               exti.o
    0x20000051   0x00000001   PAD
    0x20000052   0x00000004   Data   RW         1314    .data               delay.o
    0x20000056   0x00000014   Data   RW         1901    .data               stm32f10x_rcc.o
    0x2000006a   0x00000002   PAD
    0x2000006c   0x00000014   Data   RW         3830    .data               system_stm32f10x.o
    0x20000080   0x0000044e   Zero   RW          383    .bss                uart_tft_bsp.o
    0x200004ce   0x0000000a   Zero   RW          769    .bss                rtc.o
    0x200004d8   0x000002c0   Zero   RW          847    .bss                sdio_sdcard.o
    0x20000798   0x00000060   Zero   RW         4111    .bss                c_w.l(libspace.o)
    0x200007f8   0x00000200   Zero   RW         3820    HEAP                startup_stm32f10x_hd.o
    0x200009f8   0x00000400   Zero   RW         3819    STACK               startup_stm32f10x_hd.o



  Load Region LR$$.ARM.__AT_0x68000000 (Base: 0x68000000, Size: 0x00000000, Max: 0x000f0000, ABSOLUTE)

    Execution Region ER$$.ARM.__AT_0x68000000 (Base: 0x68000000, Size: 0x000f0000, Max: 0x000f0000, ABSOLUTE, UNINIT)

    Base Addr    Size         Type   Attr      Idx    E Section Name        Object

    0x68000000   0x000f0000   Zero   RW          701    .ARM.__AT_0x68000000  malloc.o



  Load Region LR$$.ARM.__AT_0x680F0000 (Base: 0x680f0000, Size: 0x00000000, Max: 0x0000f000, ABSOLUTE)

    Execution Region ER$$.ARM.__AT_0x680F0000 (Base: 0x680f0000, Size: 0x0000f000, Max: 0x0000f000, ABSOLUTE, UNINIT)

    Base Addr    Size         Type   Attr      Idx    E Section Name        Object

    0x680f0000   0x0000f000   Zero   RW          702    .ARM.__AT_0x680F0000  malloc.o


==============================================================================

Image component sizes


      Code (inc. data)   RO Data    RW Data    ZI Data      Debug   Object Name

       238         14          0          0          0       1687   adc.o
      1552         94          0         24          0      11993   as608.o
       144         22          0          4          0       1140   delay.o
       154         12          0          1          0       1231   exti.o
       536        136          0          0          0       1931   gpio.o
        36          4          0          0          0        467   key.o
       328         82          0         12          0     275501   main.o
         0          0          0          0    1044480       1577   malloc.o
       172         22          0          0          0       1985   misc.o
       474         20         24          2         10       3429   rtc.o
       420         26          0         16        704      11322   sdio_sdcard.o
        64         26        304          0       1536        816   startup_stm32f10x_hd.o
       486         24          0          0          0       8310   stm32f10x_adc.o
       160         12          0          0          0       1449   stm32f10x_exti.o
       364          4          0          0          0       3625   stm32f10x_gpio.o
        26          0          0          0          0       3702   stm32f10x_it.o
       364         50          0         20          0       5979   stm32f10x_rcc.o
        92         16          0          0          0       1997   stm32f10x_rtc.o
        80         16          0          0          0       3361   stm32f10x_sdio.o
       250         42          0          0          0       3951   stm32f10x_tim.o
       582         28          0          0          0       5959   stm32f10x_usart.o
         0          0          0          0          0         32   sys.o
       328         28          0         20          0       2237   system_stm32f10x.o
       282         40          0          4          0       2300   timer.o
       808         82          0         20       1102       8030   uart_tft_bsp.o

    ----------------------------------------------------------------------
      7964        800        360        128    1047832     364011   Object Totals
         0          0         32          0          0          0   (incl. Generated)
        24          0          0          5          0          0   (incl. Padding)

    ----------------------------------------------------------------------

      Code (inc. data)   RO Data    RW Data    ZI Data      Debug   Library Member Name

        24          4          0          0          0         84   __2printf.o
         8          0          0          0          0         68   __main.o
       392          4         17          0          0         92   __printf_flags_ss_wp.o
        14          0          0          0          0         68   __printf_wp.o
         0          0          0          0          0          0   __rtentry.o
        12          0          0          0          0          0   __rtentry2.o
         6          0          0          0          0          0   __rtentry4.o
        52          8          0          0          0          0   __scatter.o
        26          0          0          0          0          0   __scatter_copy.o
        28          0          0          0          0          0   __scatter_zi.o
         6          0          0          0          0          0   _printf_a.o
         6          0          0          0          0          0   _printf_c.o
        44          0          0          0          0        108   _printf_char.o
        48          6          0          0          0         96   _printf_char_common.o
        36          4          0          0          0         80   _printf_char_file.o
        40          0          0          0          0         68   _printf_charcount.o
         6          0          0          0          0          0   _printf_d.o
       120         16          0          0          0         92   _printf_dec.o
         6          0          0          0          0          0   _printf_e.o
         6          0          0          0          0          0   _printf_f.o
      1050          0          0          0          0        216   _printf_fp_dec.o
       128         16          0          0          0         84   _printf_fp_infnan.o
         6          0          0          0          0          0   _printf_g.o
       148          4         40          0          0        160   _printf_hex_int_ll_ptr.o
         6          0          0          0          0          0   _printf_i.o
       178          0          0          0          0         88   _printf_intcommon.o
        10          0          0          0          0          0   _printf_l.o
         6          0          0          0          0          0   _printf_lc.o
        10          0          0          0          0          0   _printf_ll.o
         6          0          0          0          0          0   _printf_lld.o
         6          0          0          0          0          0   _printf_lli.o
         6          0          0          0          0          0   _printf_llo.o
         6          0          0          0          0          0   _printf_llu.o
         6          0          0          0          0          0   _printf_llx.o
       124         16          0          0          0         92   _printf_longlong_dec.o
         6          0          0          0          0          0   _printf_ls.o
         6          0          0          0          0          0   _printf_n.o
         6          0          0          0          0          0   _printf_o.o
       112          8          0          0          0        124   _printf_oct_int_ll.o
         6          0          0          0          0          0   _printf_p.o
        78          0          0          0          0        108   _printf_pad.o
         0          0          0          0          0          0   _printf_percent.o
         4          0          0          0          0          0   _printf_percent_end.o
         6          0          0          0          0          0   _printf_s.o
        82          0          0          0          0         80   _printf_str.o
        36          0          0          0          0         84   _printf_truncate.o
         6          0          0          0          0          0   _printf_u.o
        44          0          0          0          0        108   _printf_wchar.o
       188          6          8          0          0         92   _printf_wctomb.o
         6          0          0          0          0          0   _printf_x.o
        64          0          0          0          0         92   _wcrtomb.o
       220          4        148          0          0         96   bigflt0.o
      1910        128          0          0          0        672   btod.o
        24          4          0          0          0         84   c89printf.o
        12          0          0          0          0         72   exit.o
         8          0          0          0          0         68   ferror.o
         6          0          0          0          0        152   heapauxi.o
        44         10        272          0          0         76   lc_ctype_c.o
        44         10         28          0          0         76   lc_numeric_c.o
         2          0          0          0          0          0   libinit.o
        30          0          0          0          0          0   libinit2.o
         2          0          0          0          0          0   libshutdown.o
         2          0          0          0          0          0   libshutdown2.o
         8          4          0          0         96         68   libspace.o
       138          0          0          0          0         80   lludiv10.o
        16          4          0          0          0         76   rt_ctype_table.o
         8          4          0          0          0         68   rt_locale_intlibspace.o
         2          0          0          0          0          0   rtexit.o
        10          0          0          0          0          0   rtexit2.o
       128          0          0          0          0         68   strcmpv7m.o
        36          0          0          0          0         80   strstr.o
        74          0          0          0          0         80   sys_stackheap_outer.o
         2          0          0          0          0         68   use_no_semi.o
         2          0          0          0          0         68   use_no_semi_2.o
        98          4          0          0          0         92   d2f.o
       340         12          0          0          0        104   dmul.o
       156          4          0          0          0         92   dnaninf.o
        12          0          0          0          0         68   dretinf.o
        86          4          0          0          0         84   f2d.o
        24          0          0          0          0         68   fcmpi.o
        38          0          0          0          0         68   fflt_clz.o
       104          4          0          0          0         84   fleqf.o
       140          4          0          0          0         84   fnaninf.o
        10          0          0          0          0         68   fretinf.o
         4          0          0          0          0         68   printf1.o
         0          0          0          0          0          0   usenofp.o
        40          0          0          0          0         68   fpclassify.o

    ----------------------------------------------------------------------
      7022        292        514          0         96       4984   Library Totals
        16          0          1          0          0          0   (incl. Padding)

    ----------------------------------------------------------------------

      Code (inc. data)   RO Data    RW Data    ZI Data      Debug   Library Name

      5954        260        513          0         96       4036   c_w.l
      1012         32          0          0          0        880   fz_ws.l
        40          0          0          0          0         68   m_ws.l

    ----------------------------------------------------------------------
      7022        292        514          0         96       4984   Library Totals

    ----------------------------------------------------------------------

==============================================================================


      Code (inc. data)   RO Data    RW Data    ZI Data      Debug   

     14986       1092        874        128    1047928     360827   Grand Totals
     14986       1092        874        128    1047928     360827   ELF Image Totals
     14986       1092        874        128          0          0   ROM Totals

==============================================================================

    Total RO  Size (Code + RO Data)                15860 (  15.49kB)
    Total RW  Size (RW Data + ZI Data)           1048056 (1023.49kB)
    Total ROM Size (Code + RO Data + RW Data)      15988 (  15.61kB)

==============================================================================

